[15:45:23] === SpreadsheetPanel MODULE LOADED ===
[15:45:23] LOG_FILE path: C:\Users\raiko\OneDrive\Desktop\26\OCR\lcs_diagnostic.log
[15:45:23] [SpreadsheetPanel] __init__ called
[15:45:23] [SpreadsheetPanel] UI built successfully
[15:50:43] ============================================================
[15:50:43] [LCS update_data] DIAGNOSTIC
[15:50:43]   sync_pairs count: 782
[15:50:43]   web_regions count: 384
[15:50:43]   pdf_regions count: 740
[15:50:43]   web_image: (3840, 187920)
[15:50:43]   pdf_image: (5315, 36001)
[15:50:43]   web_pages: None
[15:50:43]   pdf_pages: None
[15:50:43]   First SyncPair:
[15:50:43]     web_id: Col0-W1_P-29
[15:50:43]     pdf_id: Col0-P2_emb_261
[15:50:43]     web_bbox: [2550, 27968, 2576, 28025]
[15:50:43]     pdf_bbox: [2420, 1324, 2440, 1346]
[15:50:43]     web_text: '70\n69'
[15:50:43]     pdf_text: '70\n69'
[15:50:43]   First web_region:
[15:50:43]     area_code: Col0-W1_P-1
[15:50:43]     id: Col0-W1_P-1
[15:50:43]     rect: [960, 182, 2729, 2924]
[15:50:43]     page_id: N/A
[15:50:43]   First pdf_region:
[15:50:43]     area_code: Col0-P1_emb_1
[15:50:43]     id: Col0-P1_emb_1
[15:50:43]     rect: [1309, 3002, 2242, 3156]
[15:50:43] ============================================================
[15:50:43] [KEY CHECK] web_id=Col0-W1_P-29 -> found=True
[15:50:43] [KEY CHECK] pdf_id=Col0-P2_emb_261 -> found=True
[15:50:43] [_refresh_rows] Starting VIRTUAL: 782 pairs total
[15:50:43] [_refresh_rows] web_image: (3840, 187920)
[15:50:43] [_refresh_rows] pdf_image: (5315, 36001)
[15:50:43] [Row 0] web_id=Col0-W1_P-29, pdf_id=Col0-P2_emb_261
[15:50:43]   web_region found: True
[15:50:43]   pdf_region found: True
[15:50:43]   pair.web_bbox: [2550, 27968, 2576, 28025]
[15:50:43]   pair.pdf_bbox: [2420, 1324, 2440, 1346]
[15:50:43]   self.web_image: (3840, 187920)
[15:50:43]   self.pdf_image: (5315, 36001)
[15:50:43] [SSOT] Row 0: web_region.rect=[2550, 27968, 2576, 28025], text_len=5
[15:50:43] [SSOT] Row 0: pdf_region.rect=[2420, 1324, 2440, 1346], text_len=5
[15:50:43] [PageThumb] Fallback to stitch image for page 1
[15:50:43] [Thumb] OK: cropped (26, 57) from bbox (2550,27968,2576,28025)
[15:50:43] [DIAG] Saved thumbnail 0 to thumbnail_diagnosis/
[15:50:43] [Thumb] SUCCESS: PhotoImage created (36x80)
[15:50:43] [Row 0] web_id=Col0-W1_P-29, pdf_id=Col0-P2_emb_261
[15:50:43]   web_region found: True
[15:50:43]   pdf_region found: True
[15:50:43]   pair.web_bbox: [2550, 27968, 2576, 28025]
[15:50:43]   pair.pdf_bbox: [2420, 1324, 2440, 1346]
[15:50:43]   self.web_image: (3840, 187920)
[15:50:43]   self.pdf_image: (5315, 36001)
[15:50:43] [SSOT] Row 0: web_region.rect=[2550, 27968, 2576, 28025], text_len=5
[15:50:43] [SSOT] Row 0: pdf_region.rect=[2420, 1324, 2440, 1346], text_len=5
[15:50:43] [PageThumb] Fallback to stitch image for page 1
[15:50:43] [Thumb] OK: cropped (26, 57) from bbox (2550,27968,2576,28025)
[15:50:43] [DIAG] Saved thumbnail 1 to thumbnail_diagnosis/
[15:50:43] [Thumb] SUCCESS: PhotoImage created (36x80)
[15:50:43] [PageThumb] Fallback to stitch image for page 1
[15:50:43] [Thumb] OK: cropped (20, 22) from bbox (2420,1324,2440,1346)
[15:50:43] [DIAG] Saved thumbnail 2 to thumbnail_diagnosis/
[15:50:43] [Thumb] SUCCESS: PhotoImage created (60x66)
[15:50:43] [Row 1] web_id=Col0-W2_P-135, pdf_id=Col0-P4_emb_84
[15:50:43]   web_region found: True
[15:50:43]   pdf_region found: True
[15:50:43]   pair.web_bbox: [838, 43785, 1827, 44108]
[15:50:43]   pair.pdf_bbox: [1491, 1274, 2239, 1394]
[15:50:43]   self.web_image: (3840, 187920)
[15:50:43]   self.pdf_image: (5315, 36001)
[15:50:43] [SSOT] Row 1: web_region.rect=[838, 43785, 1827, 44108], text_len=99
[15:50:43] [SSOT] Row 1: pdf_region.rect=[1491, 1274, 2239, 1394], text_len=92
[15:50:43] [PageThumb] Fallback to stitch image for page 1
[15:50:43] [Thumb] OK: cropped (989, 323) from bbox (838,43785,1827,44108)
[15:50:43] [Thumb] SUCCESS: PhotoImage created (60x19)
[15:50:43] [PageThumb] Fallback to stitch image for page 1
[15:50:43] [Thumb] OK: cropped (748, 120) from bbox (1491,1274,2239,1394)
[15:50:43] [Thumb] SUCCESS: PhotoImage created (60x9)
[15:50:43] [Row 2] web_id=Col0-W3_P-4, pdf_id=Col0-P4_emb_94
[15:50:43]   web_region found: True
[15:50:43]   pdf_region found: True
[15:50:43]   pair.web_bbox: [838, 995, 1827, 1305]
[15:50:43]   pair.pdf_bbox: [1491, 2940, 2228, 3059]
[15:50:43]   self.web_image: (3840, 187920)
[15:50:43]   self.pdf_image: (5315, 36001)
[15:50:43] [SSOT] Row 2: web_region.rect=[838, 995, 1827, 1305], text_len=87
[15:50:43] [SSOT] Row 2: pdf_region.rect=[1491, 2940, 2228, 3059], text_len=84
[15:50:43] [PageThumb] Fallback to stitch image for page 1
[15:50:43] [Thumb] OK: cropped (989, 310) from bbox (838,995,1827,1305)
[15:50:43] [Thumb] SUCCESS: PhotoImage created (60x18)
[15:50:43] [PageThumb] Fallback to stitch image for page 1
[15:50:43] [Thumb] OK: cropped (737, 119) from bbox (1491,2940,2228,3059)
[15:50:43] [Thumb] SUCCESS: PhotoImage created (60x9)
[15:50:43] [PageThumb] Fallback to stitch image for page 1
[15:50:43] [Thumb] OK: cropped (58, 387) from bbox (1881,18889,1939,19276)
[15:50:43] [Thumb] SUCCESS: PhotoImage created (11x80)
[15:50:43] [PageThumb] Fallback to stitch image for page 1
[15:50:43] [Thumb] OK: cropped (267, 60) from bbox (563,1027,830,1087)
[15:50:43] [Thumb] SUCCESS: PhotoImage created (60x13)
[15:50:43] [PageThumb] Fallback to stitch image for page 1
[15:50:43] [Thumb] OK: cropped (992, 313) from bbox (835,9379,1827,9692)
[15:50:43] [Thumb] SUCCESS: PhotoImage created (60x18)
[15:50:43] [PageThumb] Fallback to stitch image for page 1
[15:50:43] [Thumb] OK: cropped (737, 119) from bbox (3973,2107,4710,2226)
[15:50:43] [Thumb] SUCCESS: PhotoImage created (60x9)
[15:50:43] [PageThumb] Fallback to stitch image for page 1
[15:50:43] [Thumb] OK: cropped (67, 320) from bbox (1878,17033,1945,17353)
[15:50:43] [Thumb] SUCCESS: PhotoImage created (16x80)
[15:50:43] [PageThumb] Fallback to stitch image for page 1
[15:50:43] [Thumb] OK: cropped (287, 73) from bbox (1793,2286,2080,2359)
[15:50:43] [Thumb] SUCCESS: PhotoImage created (60x15)
[15:50:43] [PageThumb] Fallback to stitch image for page 1
[15:50:43] [Thumb] OK: cropped (989, 307) from bbox (838,34848,1827,35155)
[15:50:43] [Thumb] SUCCESS: PhotoImage created (60x18)
[15:50:43] [PageThumb] Fallback to stitch image for page 1
[15:50:43] [Thumb] OK: cropped (736, 119) from bbox (3973,2107,4709,2226)
[15:50:43] [Thumb] SUCCESS: PhotoImage created (60x9)
[15:50:43] [PageThumb] Fallback to stitch image for page 1
[15:50:43] [Thumb] OK: cropped (989, 317) from bbox (838,37619,1827,37936)
[15:50:43] [Thumb] SUCCESS: PhotoImage created (60x19)
[15:50:43] [PageThumb] Fallback to stitch image for page 1
[15:50:43] [Thumb] OK: cropped (746, 119) from bbox (3974,2940,4720,3059)
[15:50:43] [Thumb] SUCCESS: PhotoImage created (60x9)
[15:50:43] [PageThumb] Fallback to stitch image for page 1
[15:50:43] [Thumb] OK: cropped (992, 311) from bbox (838,7996,1830,8307)
[15:50:43] [Thumb] SUCCESS: PhotoImage created (60x18)
[15:50:43] [PageThumb] Fallback to stitch image for page 1
[15:50:43] [Thumb] OK: cropped (734, 119) from bbox (2822,2107,3556,2226)
[15:50:43] [Thumb] SUCCESS: PhotoImage created (60x9)
[15:50:43] [PageThumb] Fallback to stitch image for page 1
[15:50:43] [Thumb] OK: cropped (989, 310) from bbox (838,42406,1827,42716)
[15:50:43] [Thumb] SUCCESS: PhotoImage created (60x18)
[15:50:43] [PageThumb] Fallback to stitch image for page 1
[15:50:43] [Thumb] OK: cropped (741, 120) from bbox (340,1274,1081,1394)
[15:50:43] [Thumb] SUCCESS: PhotoImage created (60x9)
[15:50:43] [PageThumb] Fallback to stitch image for page 1
[15:50:43] [Thumb] OK: cropped (992, 313) from bbox (838,13843,1830,14156)
[15:50:43] [Thumb] SUCCESS: PhotoImage created (60x18)
[15:50:43] [PageThumb] Fallback to stitch image for page 1
[15:50:43] [Thumb] OK: cropped (732, 119) from bbox (342,442,1074,561)
[15:50:43] [Thumb] SUCCESS: PhotoImage created (60x9)
[15:50:43] [PageThumb] Fallback to stitch image for page 1
[15:50:43] [Thumb] OK: cropped (128, 29) from bbox (2128,49625,2256,49654)
[15:50:43] [Thumb] SUCCESS: PhotoImage created (60x13)
[15:50:43] [PageThumb] Fallback to stitch image for page 1
[15:50:43] [Thumb] OK: cropped (170, 40) from bbox (2047,2869,2217,2909)
[15:50:43] [Thumb] SUCCESS: PhotoImage created (60x14)
[15:50:43] [PageThumb] Fallback to stitch image for page 1
[15:50:43] [Thumb] OK: cropped (1322, 144) from bbox (1257,4486,2579,4630)
[15:50:43] [Thumb] SUCCESS: PhotoImage created (60x6)
[15:50:43] [PageThumb] Fallback to stitch image for page 1
[15:50:43] [Thumb] OK: cropped (365, 152) from bbox (1081,848,1446,1000)
[15:50:43] [Thumb] SUCCESS: PhotoImage created (60x24)
[15:50:43] [PageThumb] Fallback to stitch image for page 1
[15:50:43] [Thumb] OK: cropped (1322, 144) from bbox (1257,4486,2579,4630)
[15:50:43] [Thumb] SUCCESS: PhotoImage created (60x6)
[15:50:44] [PageThumb] Fallback to stitch image for page 1
[15:50:44] [Thumb] OK: cropped (365, 151) from bbox (1081,1203,1446,1354)
[15:50:44] [Thumb] SUCCESS: PhotoImage created (60x24)
[15:50:44] [PageThumb] Fallback to stitch image for page 1
[15:50:44] [Thumb] OK: cropped (2026, 534) from bbox (902,18086,2928,18620)
[15:50:44] [Thumb] SUCCESS: PhotoImage created (60x15)
[15:50:44] [PageThumb] Fallback to stitch image for page 1
[15:50:44] [Thumb] OK: cropped (985, 184) from bbox (412,2401,1397,2585)
[15:50:44] [Thumb] SUCCESS: PhotoImage created (60x11)
[15:50:44] [PageThumb] Fallback to stitch image for page 1
[15:50:44] [Thumb] OK: cropped (995, 896) from bbox (838,29945,1833,30841)
[15:50:44] [Thumb] SUCCESS: PhotoImage created (60x54)
[15:50:44] [PageThumb] Fallback to stitch image for page 1
[15:50:44] [Thumb] OK: cropped (736, 120) from bbox (3971,1274,4707,1394)
[15:50:44] [Thumb] SUCCESS: PhotoImage created (60x9)
[15:50:44] [PageThumb] Fallback to stitch image for page 1
[15:50:44] [Thumb] OK: cropped (989, 902) from bbox (838,7635,1827,8537)
[15:50:44] [Thumb] SUCCESS: PhotoImage created (60x54)
[15:50:44] [PageThumb] Fallback to stitch image for page 1
[15:50:44] [Thumb] OK: cropped (736, 120) from bbox (3973,1274,4709,1394)
[15:50:44] [Thumb] SUCCESS: PhotoImage created (60x9)
[15:50:44] [PageThumb] Fallback to stitch image for page 1
[15:50:44] [Thumb] OK: cropped (989, 816) from bbox (835,31331,1824,32147)
[15:50:44] [Thumb] SUCCESS: PhotoImage created (60x49)
[15:50:44] [PageThumb] Fallback to stitch image for page 1
[15:50:44] [Thumb] OK: cropped (738, 119) from bbox (2820,2107,3558,2226)
[15:50:44] [Thumb] SUCCESS: PhotoImage created (60x9)
[15:50:44] [PageThumb] Fallback to stitch image for page 1
[15:50:44] [Thumb] OK: cropped (282, 486) from bbox (3177,17635,3459,18121)
[15:50:44] [Thumb] SUCCESS: PhotoImage created (46x80)
[15:50:44] [PageThumb] Fallback to stitch image for page 1
[15:50:44] [Thumb] OK: cropped (125, 37) from bbox (531,2065,656,2102)
[15:50:44] [Thumb] SUCCESS: PhotoImage created (60x17)
[15:50:44] [PageThumb] Fallback to stitch image for page 1
[15:50:44] [Thumb] OK: cropped (992, 903) from bbox (838,14265,1830,15168)
[15:50:44] [Thumb] SUCCESS: PhotoImage created (60x54)
[15:50:44] [PageThumb] Fallback to stitch image for page 1
[15:50:44] [Thumb] OK: cropped (744, 40) from bbox (3962,2979,4706,3019)
[15:50:44] [Thumb] SUCCESS: PhotoImage created (60x3)
[15:50:44] [PageThumb] Fallback to stitch image for page 1
[15:50:44] [Thumb] OK: cropped (1021, 925) from bbox (838,47091,1859,48016)
[15:50:44] [Thumb] SUCCESS: PhotoImage created (60x54)
[15:50:44] [PageThumb] Fallback to stitch image for page 1
[15:50:44] [Thumb] OK: cropped (744, 119) from bbox (1494,2107,2238,2226)
[15:50:44] [Thumb] SUCCESS: PhotoImage created (60x9)
[15:50:44] [PageThumb] Fallback to stitch image for page 1
[15:50:44] [Thumb] OK: cropped (986, 809) from bbox (838,34115,1824,34924)
[15:50:44] [Thumb] SUCCESS: PhotoImage created (60x49)
[15:50:44] [PageThumb] Fallback to stitch image for page 1
[15:50:44] [Thumb] OK: cropped (735, 119) from bbox (2821,2940,3556,3059)
[15:50:44] [Thumb] SUCCESS: PhotoImage created (60x9)
[15:50:44] [PageThumb] Fallback to stitch image for page 1
[15:50:44] [Thumb] OK: cropped (995, 900) from bbox (838,17564,1833,18464)
[15:50:44] [Thumb] SUCCESS: PhotoImage created (60x54)
[15:50:44] [PageThumb] Fallback to stitch image for page 1
[15:50:44] [Thumb] OK: cropped (735, 119) from bbox (1492,442,2227,561)
[15:50:44] [Thumb] SUCCESS: PhotoImage created (60x9)
[15:50:44] [PageThumb] Fallback to stitch image for page 1
[15:50:44] [Thumb] OK: cropped (205, 253) from bbox (1923,37948,2128,38201)
[15:50:44] [Thumb] SUCCESS: PhotoImage created (60x74)
[15:50:44] [PageThumb] Fallback to stitch image for page 1
[15:50:44] [Thumb] OK: cropped (281, 39) from bbox (4719,3140,5000,3179)
[15:50:44] [Thumb] SUCCESS: PhotoImage created (60x8)
[15:50:44] [PageThumb] Fallback to stitch image for page 1
[15:50:44] [Thumb] OK: cropped (989, 912) from bbox (838,3817,1827,4729)
[15:50:44] [Thumb] SUCCESS: PhotoImage created (60x55)
[15:50:44] [PageThumb] Fallback to stitch image for page 1
[15:50:44] [Thumb] OK: cropped (733, 119) from bbox (3973,442,4706,561)
[15:50:44] [Thumb] SUCCESS: PhotoImage created (60x9)
[15:50:44] [Virtual] Rendered rows 0 to 24 (total: 782)
[15:58:42] [Thumb] Clicked: web - Col0-W2_P-135
[15:59:17] [Thumb] Clicked: web - Col0-W3_P-4
[15:59:35] [Thumb] Clicked: web - Col0-W3_P-4
[21:50:14] === SpreadsheetPanel MODULE LOADED ===
[21:50:14] LOG_FILE path: C:\Users\raiko\OneDrive\Desktop\26\OCR\lcs_diagnostic.log
[21:50:14] [SpreadsheetPanel] __init__ called
[21:50:14] [SpreadsheetPanel] UI built successfully
[21:56:03] ============================================================
[21:56:03] [LCS update_data] DIAGNOSTIC
[21:56:03]   sync_pairs count: 780
[21:56:03]   web_regions count: 384
[21:56:03]   pdf_regions count: 740
[21:56:03]   web_image: (3840, 187920)
[21:56:03]   pdf_image: (5315, 36001)
[21:56:03]   web_pages: None
[21:56:03]   pdf_pages: None
[21:56:03]   First SyncPair:
[21:56:03]     web_id: Col0-W1_P-29
[21:56:03]     pdf_id: Col0-P2_emb_261
[21:56:03]     web_bbox: [2550, 27968, 2576, 28025]
[21:56:03]     pdf_bbox: [2420, 1324, 2440, 1346]
[21:56:03]     web_text: '70\n69'
[21:56:03]     pdf_text: '70\n69'
[21:56:03]   First web_region:
[21:56:03]     area_code: Col0-W1_P-1
[21:56:03]     id: Col0-W1_P-1
[21:56:03]     rect: [960, 182, 2729, 2924]
[21:56:03]     page_id: N/A
[21:56:03]   First pdf_region:
[21:56:03]     area_code: Col0-P1_emb_1
[21:56:03]     id: Col0-P1_emb_1
[21:56:03]     rect: [1309, 3002, 2242, 3156]
[21:56:03] ============================================================
[21:56:03] [KEY CHECK] web_id=Col0-W1_P-29 -> found=True
[21:56:03] [KEY CHECK] pdf_id=Col0-P2_emb_261 -> found=True
[21:56:03] [_refresh_rows] Starting VIRTUAL: 780 pairs total
[21:56:03] [_refresh_rows] web_image: (3840, 187920)
[21:56:03] [_refresh_rows] pdf_image: (5315, 36001)
[21:56:03] [Row 0] web_id=Col0-W1_P-29, pdf_id=Col0-P2_emb_261
[21:56:03]   web_region found: True
[21:56:03]   pdf_region found: True
[21:56:03]   pair.web_bbox: [2550, 27968, 2576, 28025]
[21:56:03]   pair.pdf_bbox: [2420, 1324, 2440, 1346]
[21:56:03]   self.web_image: (3840, 187920)
[21:56:03]   self.pdf_image: (5315, 36001)
[21:56:03] [SSOT] Row 0: web_region.rect=[2550, 27968, 2576, 28025], text_len=5
[21:56:03] [SSOT] Row 0: pdf_region.rect=[2420, 1324, 2440, 1346], text_len=5
[21:56:03] [Thumb] OK: cropped (26, 57) from bbox (2550,27968,2576,28025)
[21:56:03] [DIAG] Saved thumbnail 0 to thumbnail_diagnosis/
[21:56:03] [Thumb] SUCCESS: PhotoImage created (36x80)
[21:56:03] [Row 0] web_id=Col0-W1_P-29, pdf_id=Col0-P2_emb_261
[21:56:03]   web_region found: True
[21:56:03]   pdf_region found: True
[21:56:03]   pair.web_bbox: [2550, 27968, 2576, 28025]
[21:56:03]   pair.pdf_bbox: [2420, 1324, 2440, 1346]
[21:56:03]   self.web_image: (3840, 187920)
[21:56:03]   self.pdf_image: (5315, 36001)
[21:56:03] [SSOT] Row 0: web_region.rect=[2550, 27968, 2576, 28025], text_len=5
[21:56:03] [SSOT] Row 0: pdf_region.rect=[2420, 1324, 2440, 1346], text_len=5
[21:56:03] [Thumb] OK: cropped (26, 57) from bbox (2550,27968,2576,28025)
[21:56:03] [DIAG] Saved thumbnail 1 to thumbnail_diagnosis/
[21:56:03] [Thumb] SUCCESS: PhotoImage created (36x80)
[21:56:03] [Thumb] OK: cropped (20, 22) from bbox (2420,1324,2440,1346)
[21:56:03] [DIAG] Saved thumbnail 2 to thumbnail_diagnosis/
[21:56:03] [Thumb] SUCCESS: PhotoImage created (60x66)
[21:56:03] [Row 1] web_id=Col0-W3_P-135, pdf_id=Col0-P4_emb_84
[21:56:03]   web_region found: True
[21:56:03]   pdf_region found: True
[21:56:03]   pair.web_bbox: [838, 43785, 1827, 44108]
[21:56:03]   pair.pdf_bbox: [1491, 1274, 2239, 1394]
[21:56:03]   self.web_image: (3840, 187920)
[21:56:03]   self.pdf_image: (5315, 36001)
[21:56:03] [SSOT] Row 1: web_region.rect=[838, 43785, 1827, 44108], text_len=99
[21:56:03] [SSOT] Row 1: pdf_region.rect=[1491, 1274, 2239, 1394], text_len=92
[21:56:03] [Thumb] OK: cropped (989, 323) from bbox (838,43785,1827,44108)
[21:56:03] [Thumb] SUCCESS: PhotoImage created (60x19)
[21:56:03] [Thumb] OK: cropped (748, 120) from bbox (1491,1274,2239,1394)
[21:56:03] [Thumb] SUCCESS: PhotoImage created (60x9)
[21:56:03] [Row 2] web_id=Col0-W2_P-28, pdf_id=Col0-P4_emb_118
[21:56:03]   web_region found: True
[21:56:03]   pdf_region found: True
[21:56:03]   pair.web_bbox: [835, 9379, 1827, 9692]
[21:56:03]   pair.pdf_bbox: [3973, 2107, 4710, 2226]
[21:56:03]   self.web_image: (3840, 187920)
[21:56:03]   self.pdf_image: (5315, 36001)
[21:56:03] [SSOT] Row 2: web_region.rect=[835, 9379, 1827, 9692], text_len=97
[21:56:03] [SSOT] Row 2: pdf_region.rect=[3973, 2107, 4710, 2226], text_len=92
[21:56:03] [Thumb] OK: cropped (992, 313) from bbox (835,9379,1827,9692)
[21:56:03] [Thumb] SUCCESS: PhotoImage created (60x18)
[21:56:03] [Thumb] OK: cropped (737, 119) from bbox (3973,2107,4710,2226)
[21:56:03] [Thumb] SUCCESS: PhotoImage created (60x9)
[21:56:03] [Thumb] OK: cropped (58, 387) from bbox (1881,18889,1939,19276)
[21:56:03] [Thumb] SUCCESS: PhotoImage created (11x80)
[21:56:03] [Thumb] OK: cropped (267, 60) from bbox (563,1027,830,1087)
[21:56:03] [Thumb] SUCCESS: PhotoImage created (60x13)
[21:56:03] [Thumb] OK: cropped (67, 320) from bbox (1878,17033,1945,17353)
[21:56:03] [Thumb] SUCCESS: PhotoImage created (16x80)
[21:56:03] [Thumb] OK: cropped (287, 73) from bbox (1793,2286,2080,2359)
[21:56:03] [Thumb] SUCCESS: PhotoImage created (60x15)
[21:56:03] [Thumb] OK: cropped (989, 307) from bbox (838,34848,1827,35155)
[21:56:03] [Thumb] SUCCESS: PhotoImage created (60x18)
[21:56:03] [Thumb] OK: cropped (736, 119) from bbox (3973,2107,4709,2226)
[21:56:03] [Thumb] SUCCESS: PhotoImage created (60x9)
[21:56:03] [Thumb] OK: cropped (989, 317) from bbox (838,37619,1827,37936)
[21:56:03] [Thumb] SUCCESS: PhotoImage created (60x19)
[21:56:03] [Thumb] OK: cropped (746, 119) from bbox (3974,2940,4720,3059)
[21:56:03] [Thumb] SUCCESS: PhotoImage created (60x9)
[21:56:03] [Thumb] OK: cropped (992, 311) from bbox (838,7996,1830,8307)
[21:56:03] [Thumb] SUCCESS: PhotoImage created (60x18)
[21:56:03] [Thumb] OK: cropped (734, 119) from bbox (2822,2107,3556,2226)
[21:56:03] [Thumb] SUCCESS: PhotoImage created (60x9)
[21:56:03] [Thumb] OK: cropped (989, 310) from bbox (838,995,1827,1305)
[21:56:03] [Thumb] SUCCESS: PhotoImage created (60x18)
[21:56:03] [Thumb] OK: cropped (737, 119) from bbox (1491,2940,2228,3059)
[21:56:03] [Thumb] SUCCESS: PhotoImage created (60x9)
[21:56:03] [Thumb] OK: cropped (992, 313) from bbox (838,13843,1830,14156)
[21:56:03] [Thumb] SUCCESS: PhotoImage created (60x18)
[21:56:03] [Thumb] OK: cropped (732, 119) from bbox (342,442,1074,561)
[21:56:03] [Thumb] SUCCESS: PhotoImage created (60x9)
[21:56:03] [Thumb] OK: cropped (1322, 144) from bbox (1257,4486,2579,4630)
[21:56:03] [Thumb] SUCCESS: PhotoImage created (60x6)
[21:56:03] [Thumb] OK: cropped (365, 152) from bbox (1081,848,1446,1000)
[21:56:03] [Thumb] SUCCESS: PhotoImage created (60x24)
[21:56:03] [Thumb] OK: cropped (1322, 144) from bbox (1257,4486,2579,4630)
[21:56:03] [Thumb] SUCCESS: PhotoImage created (60x6)
[21:56:03] [Thumb] OK: cropped (365, 151) from bbox (1081,1203,1446,1354)
[21:56:03] [Thumb] SUCCESS: PhotoImage created (60x24)
[21:56:03] [Thumb] OK: cropped (2026, 534) from bbox (902,18086,2928,18620)
[21:56:03] [Thumb] SUCCESS: PhotoImage created (60x15)
[21:56:03] [Thumb] OK: cropped (985, 184) from bbox (412,2401,1397,2585)
[21:56:03] [Thumb] SUCCESS: PhotoImage created (60x11)
[21:56:03] [Thumb] OK: cropped (995, 896) from bbox (838,29945,1833,30841)
[21:56:03] [Thumb] SUCCESS: PhotoImage created (60x54)
[21:56:03] [Thumb] OK: cropped (736, 120) from bbox (3971,1274,4707,1394)
[21:56:03] [Thumb] SUCCESS: PhotoImage created (60x9)
[21:56:03] [Thumb] OK: cropped (989, 816) from bbox (835,31331,1824,32147)
[21:56:03] [Thumb] SUCCESS: PhotoImage created (60x49)
[21:56:03] [Thumb] OK: cropped (738, 119) from bbox (2820,2107,3558,2226)
[21:56:03] [Thumb] SUCCESS: PhotoImage created (60x9)
[21:56:03] [Thumb] OK: cropped (992, 903) from bbox (838,14265,1830,15168)
[21:56:03] [Thumb] SUCCESS: PhotoImage created (60x54)
[21:56:03] [Thumb] OK: cropped (744, 40) from bbox (3962,2979,4706,3019)
[21:56:03] [Thumb] SUCCESS: PhotoImage created (60x3)
[21:56:03] [Thumb] OK: cropped (989, 902) from bbox (838,7635,1827,8537)
[21:56:03] [Thumb] SUCCESS: PhotoImage created (60x54)
[21:56:03] [Thumb] OK: cropped (736, 120) from bbox (3973,1274,4709,1394)
[21:56:03] [Thumb] SUCCESS: PhotoImage created (60x9)
[21:56:03] [Thumb] OK: cropped (221, 183) from bbox (1910,11257,2131,11440)
[21:56:03] [Thumb] SUCCESS: PhotoImage created (60x49)
[21:56:03] [Thumb] OK: cropped (255, 40) from bbox (4732,2307,4987,2347)
[21:56:03] [Thumb] SUCCESS: PhotoImage created (60x9)
[21:56:03] [Thumb] OK: cropped (986, 809) from bbox (838,34115,1824,34924)
[21:56:03] [Thumb] SUCCESS: PhotoImage created (60x49)
[21:56:03] [Thumb] OK: cropped (735, 119) from bbox (2821,2940,3556,3059)
[21:56:03] [Thumb] SUCCESS: PhotoImage created (60x9)
[21:56:03] [Thumb] OK: cropped (205, 253) from bbox (1923,37948,2128,38201)
[21:56:03] [Thumb] SUCCESS: PhotoImage created (60x74)
[21:56:03] [Thumb] OK: cropped (281, 39) from bbox (4719,3140,5000,3179)
[21:56:03] [Thumb] SUCCESS: PhotoImage created (60x8)
[21:56:03] [Thumb] OK: cropped (992, 896) from bbox (838,28038,1830,28934)
[21:56:03] [Thumb] SUCCESS: PhotoImage created (60x54)
[21:56:03] [Thumb] OK: cropped (733, 120) from bbox (2822,1274,3555,1394)
[21:56:03] [Thumb] SUCCESS: PhotoImage created (60x9)
[21:56:03] [Thumb] OK: cropped (221, 183) from bbox (1907,9865,2128,10048)
[21:56:03] [Thumb] SUCCESS: PhotoImage created (60x49)
[21:56:03] [Thumb] OK: cropped (256, 40) from bbox (3580,2307,3836,2347)
[21:56:03] [Thumb] SUCCESS: PhotoImage created (60x9)
[21:56:03] [Thumb] OK: cropped (224, 176) from bbox (1910,12688,2134,12864)
[21:56:03] [Thumb] SUCCESS: PhotoImage created (60x47)
[21:56:03] [Thumb] OK: cropped (256, 39) from bbox (3580,3140,3836,3179)
[21:56:03] [Thumb] SUCCESS: PhotoImage created (60x9)
[21:56:03] [Thumb] OK: cropped (989, 912) from bbox (838,3817,1827,4729)
[21:56:03] [Thumb] SUCCESS: PhotoImage created (60x55)
[21:56:03] [Thumb] OK: cropped (733, 119) from bbox (3973,442,4706,561)
[21:56:03] [Thumb] SUCCESS: PhotoImage created (60x9)
[21:56:03] [Thumb] OK: cropped (195, 182) from bbox (1923,47411,2118,47593)
[21:56:03] [Thumb] SUCCESS: PhotoImage created (60x56)
[21:56:03] [Thumb] OK: cropped (231, 40) from bbox (2264,2307,2495,2347)
[21:56:03] [Thumb] SUCCESS: PhotoImage created (60x10)
[21:56:03] [Virtual] Rendered rows 0 to 24 (total: 780)
[21:58:55] [Thumb] Clicked: web - Col0-W3_P-135
[21:58:56] [Thumb] Clicked: web - Col0-W2_P-28
[21:59:12] [Thumb] Clicked: web - Col0-W3_P-107
[23:53:32] === SpreadsheetPanel MODULE LOADED ===
[23:53:32] LOG_FILE path: C:\Users\raiko\OneDrive\Desktop\26\OCR\lcs_diagnostic.log
[23:53:32] [SpreadsheetPanel] __init__ called
[23:53:32] [SpreadsheetPanel] UI built successfully
[23:59:39] ============================================================
[23:59:39] [LCS update_data] DIAGNOSTIC
[23:59:39]   sync_pairs count: 779
[23:59:39]   web_regions count: 384
[23:59:39]   pdf_regions count: 740
[23:59:39]   web_image: (3840, 187920)
[23:59:39]   pdf_image: (5315, 36001)
[23:59:39]   web_pages: None
[23:59:39]   pdf_pages: None
[23:59:39]   First SyncPair:
[23:59:39]     web_id: Col0-W1_P-29
[23:59:39]     pdf_id: Col0-P2_emb_261
[23:59:39]     web_bbox: [2550, 27968, 2576, 28025]
[23:59:39]     pdf_bbox: [2420, 1324, 2440, 1346]
[23:59:39]     web_text: '70\n69'
[23:59:39]     pdf_text: '70\n69'
[23:59:39]   First web_region:
[23:59:39]     area_code: Col0-W1_P-1
[23:59:39]     id: Col0-W1_P-1
[23:59:39]     rect: [960, 182, 2729, 2924]
[23:59:39]     page_id: N/A
[23:59:39]   First pdf_region:
[23:59:39]     area_code: Col0-P1_emb_1
[23:59:39]     id: Col0-P1_emb_1
[23:59:39]     rect: [1309, 3002, 2242, 3156]
[23:59:39] ============================================================
[23:59:39] [KEY CHECK] web_id=Col0-W1_P-29 -> found=True
[23:59:39] [KEY CHECK] pdf_id=Col0-P2_emb_261 -> found=True
[23:59:39] [_refresh_rows] Starting VIRTUAL: 779 pairs total
[23:59:39] [_refresh_rows] web_image: (3840, 187920)
[23:59:39] [_refresh_rows] pdf_image: (5315, 36001)
[23:59:40] [Row 0] web_id=Col0-W1_P-29, pdf_id=Col0-P2_emb_261
[23:59:40]   web_region found: True
[23:59:40]   pdf_region found: True
[23:59:40]   pair.web_bbox: [2550, 27968, 2576, 28025]
[23:59:40]   pair.pdf_bbox: [2420, 1324, 2440, 1346]
[23:59:40]   self.web_image: (3840, 187920)
[23:59:40]   self.pdf_image: (5315, 36001)
[23:59:40] [SSOT] Row 0: web_region.rect=[2550, 27968, 2576, 28025], text_len=5
[23:59:40] [SSOT] Row 0: pdf_region.rect=[2420, 1324, 2440, 1346], text_len=5
[23:59:40] [Thumb] Fallback Crop: Global [2550, 27968, 2576, 28025]
[23:59:40] [Row 0] web_id=Col0-W1_P-29, pdf_id=Col0-P2_emb_261
[23:59:40]   web_region found: True
[23:59:40]   pdf_region found: True
[23:59:40]   pair.web_bbox: [2550, 27968, 2576, 28025]
[23:59:40]   pair.pdf_bbox: [2420, 1324, 2440, 1346]
[23:59:40]   self.web_image: (3840, 187920)
[23:59:40]   self.pdf_image: (5315, 36001)
[23:59:40] [SSOT] Row 0: web_region.rect=[2550, 27968, 2576, 28025], text_len=5
[23:59:40] [SSOT] Row 0: pdf_region.rect=[2420, 1324, 2440, 1346], text_len=5
[23:59:40] [Thumb] Fallback Crop: Global [2550, 27968, 2576, 28025]
[23:59:40] [Thumb] Fallback Crop: Global [2420, 1324, 2440, 1346]
[23:59:40] [Row 1] web_id=Col0-W3_P-135, pdf_id=Col0-P4_emb_84
[23:59:40]   web_region found: True
[23:59:40]   pdf_region found: True
[23:59:40]   pair.web_bbox: [838, 43785, 1827, 44108]
[23:59:40]   pair.pdf_bbox: [1491, 1274, 2239, 1394]
[23:59:40]   self.web_image: (3840, 187920)
[23:59:40]   self.pdf_image: (5315, 36001)
[23:59:40] [SSOT] Row 1: web_region.rect=[838, 43785, 1827, 44108], text_len=99
[23:59:40] [SSOT] Row 1: pdf_region.rect=[1491, 1274, 2239, 1394], text_len=92
[23:59:40] [Thumb] Fallback Crop: Global [838, 43785, 1827, 44108]
[23:59:40] [Thumb] Fallback Crop: Global [1491, 1274, 2239, 1394]
[23:59:40] [Row 2] web_id=Col0-W2_P-4, pdf_id=Col0-P4_emb_94
[23:59:40]   web_region found: True
[23:59:40]   pdf_region found: True
[23:59:40]   pair.web_bbox: [838, 995, 1827, 1305]
[23:59:40]   pair.pdf_bbox: [1491, 2940, 2228, 3059]
[23:59:40]   self.web_image: (3840, 187920)
[23:59:40]   self.pdf_image: (5315, 36001)
[23:59:40] [SSOT] Row 2: web_region.rect=[838, 995, 1827, 1305], text_len=87
[23:59:40] [SSOT] Row 2: pdf_region.rect=[1491, 2940, 2228, 3059], text_len=84
[23:59:40] [Thumb] Fallback Crop: Global [838, 995, 1827, 1305]
[23:59:40] [Thumb] Fallback Crop: Global [1491, 2940, 2228, 3059]
[23:59:40] [Thumb] Fallback Crop: Global [1881, 18889, 1939, 19276]
[23:59:40] [Thumb] Fallback Crop: Global [563, 1027, 830, 1087]
[23:59:40] [Thumb] Fallback Crop: Global [835, 9379, 1827, 9692]
[23:59:40] [Thumb] Fallback Crop: Global [3973, 2107, 4710, 2226]
[23:59:40] [Thumb] Fallback Crop: Global [1878, 17033, 1945, 17353]
[23:59:40] [Thumb] Fallback Crop: Global [1793, 2286, 2080, 2359]
[23:59:40] [Thumb] Fallback Crop: Global [838, 34848, 1827, 35155]
[23:59:40] [Thumb] Fallback Crop: Global [3973, 2107, 4709, 2226]
[23:59:40] [Thumb] Fallback Crop: Global [838, 37619, 1827, 37936]
[23:59:40] [Thumb] Fallback Crop: Global [3974, 2940, 4720, 3059]
[23:59:40] [Thumb] Fallback Crop: Global [838, 7996, 1830, 8307]
[23:59:40] [Thumb] Fallback Crop: Global [2822, 2107, 3556, 2226]
[23:59:40] [Thumb] Fallback Crop: Global [838, 13843, 1830, 14156]
[23:59:40] [Thumb] Fallback Crop: Global [342, 442, 1074, 561]
[23:59:40] [Thumb] Fallback Crop: Global [1257, 4486, 2579, 4630]
[23:59:40] [Thumb] Fallback Crop: Global [1081, 848, 1446, 1000]
[23:59:40] [Thumb] Fallback Crop: Global [1257, 4486, 2579, 4630]
[23:59:40] [Thumb] Fallback Crop: Global [1081, 1203, 1446, 1354]
[23:59:40] [Thumb] Fallback Crop: Global [902, 18086, 2928, 18620]
[23:59:40] [Thumb] Fallback Crop: Global [412, 2401, 1397, 2585]
[23:59:40] [Thumb] Fallback Crop: Global [838, 29945, 1833, 30841]
[23:59:40] [Thumb] Fallback Crop: Global [3971, 1274, 4707, 1394]
[23:59:40] [Thumb] Fallback Crop: Global [838, 14265, 1830, 15168]
[23:59:40] [Thumb] Fallback Crop: Global [3962, 2979, 4706, 3019]
[23:59:40] [Thumb] Fallback Crop: Global [835, 31331, 1824, 32147]
[23:59:40] [Thumb] Fallback Crop: Global [2820, 2107, 3558, 2226]
[23:59:40] [Thumb] Fallback Crop: Global [1907, 9865, 2128, 10048]
[23:59:40] [Thumb] Fallback Crop: Global [3580, 2307, 3836, 2347]
[23:59:40] [Thumb] Fallback Crop: Global [838, 7635, 1827, 8537]
[23:59:40] [Thumb] Fallback Crop: Global [3973, 1274, 4709, 1394]
[23:59:40] [Thumb] Fallback Crop: Global [838, 34115, 1824, 34924]
[23:59:40] [Thumb] Fallback Crop: Global [2821, 2940, 3556, 3059]
[23:59:40] [Thumb] Fallback Crop: Global [1923, 37948, 2128, 38201]
[23:59:40] [Thumb] Fallback Crop: Global [4719, 3140, 5000, 3179]
[23:59:40] [Thumb] Fallback Crop: Global [838, 3817, 1827, 4729]
[23:59:40] [Thumb] Fallback Crop: Global [3973, 442, 4706, 561]
[23:59:40] [Thumb] Fallback Crop: Global [838, 48512, 1833, 49443]
[23:59:40] [Thumb] Fallback Crop: Global [341, 2940, 1078, 3059]
[23:59:40] [Thumb] Fallback Crop: Global [1910, 11257, 2131, 11440]
[23:59:40] [Thumb] Fallback Crop: Global [4732, 2307, 4987, 2347]
[23:59:40] [Thumb] Fallback Crop: Global [1910, 12688, 2134, 12864]
[23:59:40] [Thumb] Fallback Crop: Global [3580, 3140, 3836, 3179]
[23:59:40] [Thumb] Fallback Crop: Global [838, 28732, 1830, 29632]
[23:59:40] [Thumb] Fallback Crop: Global [3974, 481, 4706, 521]
[23:59:40] [Virtual] Rendered rows 0 to 24 (total: 779)
[00:05:28] === SpreadsheetPanel MODULE LOADED ===
[00:05:28] LOG_FILE path: C:\Users\raiko\OneDrive\Desktop\26\OCR\lcs_diagnostic.log
[00:05:28] [SpreadsheetPanel] __init__ called
[00:05:28] [SpreadsheetPanel] UI built successfully
[00:11:38] ============================================================
[00:11:38] [LCS update_data] DIAGNOSTIC
[00:11:38]   sync_pairs count: 782
[00:11:38]   web_regions count: 384
[00:11:38]   pdf_regions count: 740
[00:11:38]   web_image: (3840, 187920)
[00:11:38]   pdf_image: (5315, 36001)
[00:11:38]   web_pages: None
[00:11:38]   pdf_pages: None
[00:11:38]   First SyncPair:
[00:11:38]     web_id: Col0-W1_P-29
[00:11:38]     pdf_id: Col0-P2_emb_261
[00:11:38]     web_bbox: [2550, 27968, 2576, 28025]
[00:11:38]     pdf_bbox: [2420, 1324, 2440, 1346]
[00:11:38]     web_text: '70\n69'
[00:11:38]     pdf_text: '70\n69'
[00:11:38]   First web_region:
[00:11:38]     area_code: Col0-W1_P-1
[00:11:38]     id: Col0-W1_P-1
[00:11:38]     rect: [960, 182, 2729, 2924]
[00:11:38]     page_id: N/A
[00:11:38]   First pdf_region:
[00:11:38]     area_code: Col0-P1_emb_1
[00:11:38]     id: Col0-P1_emb_1
[00:11:38]     rect: [1309, 3002, 2242, 3156]
[00:11:38] ============================================================
[00:11:38] [KEY CHECK] web_id=Col0-W1_P-29 -> found=True
[00:11:38] [KEY CHECK] pdf_id=Col0-P2_emb_261 -> found=True
[00:11:38] [_refresh_rows] Starting VIRTUAL: 782 pairs total
[00:11:38] [_refresh_rows] web_image: (3840, 187920)
[00:11:38] [_refresh_rows] pdf_image: (5315, 36001)
[00:11:38] [Row 0] web_id=Col0-W1_P-29, pdf_id=Col0-P2_emb_261
[00:11:38]   web_region found: True
[00:11:38]   pdf_region found: True
[00:11:38]   pair.web_bbox: [2550, 27968, 2576, 28025]
[00:11:38]   pair.pdf_bbox: [2420, 1324, 2440, 1346]
[00:11:38]   self.web_image: (3840, 187920)
[00:11:38]   self.pdf_image: (5315, 36001)
[00:11:38] [SSOT] Row 0: web_region.rect=[2550, 27968, 2576, 28025], text_len=5
[00:11:38] [SSOT] Row 0: pdf_region.rect=[2420, 1324, 2440, 1346], text_len=5
[00:11:38] [Thumb] Fallback Crop: Global [2550, 27968, 2576, 28025]
[00:11:38] [Row 0] web_id=Col0-W1_P-29, pdf_id=Col0-P2_emb_261
[00:11:38]   web_region found: True
[00:11:38]   pdf_region found: True
[00:11:38]   pair.web_bbox: [2550, 27968, 2576, 28025]
[00:11:38]   pair.pdf_bbox: [2420, 1324, 2440, 1346]
[00:11:38]   self.web_image: (3840, 187920)
[00:11:38]   self.pdf_image: (5315, 36001)
[00:11:38] [SSOT] Row 0: web_region.rect=[2550, 27968, 2576, 28025], text_len=5
[00:11:38] [SSOT] Row 0: pdf_region.rect=[2420, 1324, 2440, 1346], text_len=5
[00:11:38] [Thumb] Fallback Crop: Global [2550, 27968, 2576, 28025]
[00:11:38] [Thumb] Fallback Crop: Global [2420, 1324, 2440, 1346]
[00:11:38] [Row 1] web_id=Col0-W2_P-135, pdf_id=Col0-P4_emb_84
[00:11:38]   web_region found: True
[00:11:38]   pdf_region found: True
[00:11:38]   pair.web_bbox: [838, 43785, 1827, 44108]
[00:11:38]   pair.pdf_bbox: [1491, 1274, 2239, 1394]
[00:11:38]   self.web_image: (3840, 187920)
[00:11:38]   self.pdf_image: (5315, 36001)
[00:11:38] [SSOT] Row 1: web_region.rect=[838, 43785, 1827, 44108], text_len=99
[00:11:38] [SSOT] Row 1: pdf_region.rect=[1491, 1274, 2239, 1394], text_len=92
[00:11:38] [Thumb] Fallback Crop: Global [838, 43785, 1827, 44108]
[00:11:38] [Thumb] Fallback Crop: Global [1491, 1274, 2239, 1394]
[00:11:38] [Row 2] web_id=Col0-W1_P-13, pdf_id=Col0-P1_emb_37
[00:11:38]   web_region found: True
[00:11:38]   pdf_region found: True
[00:11:38]   pair.web_bbox: [1881, 18889, 1939, 19276]
[00:11:38]   pair.pdf_bbox: [563, 1027, 830, 1087]
[00:11:38]   self.web_image: (3840, 187920)
[00:11:38]   self.pdf_image: (5315, 36001)
[00:11:38] [SSOT] Row 2: web_region.rect=[1881, 18889, 1939, 19276], text_len=6
[00:11:38] [SSOT] Row 2: pdf_region.rect=[563, 1027, 830, 1087], text_len=7
[00:11:38] [Thumb] Fallback Crop: Global [1881, 18889, 1939, 19276]
[00:11:38] [Thumb] Fallback Crop: Global [563, 1027, 830, 1087]
[00:11:38] [Thumb] Fallback Crop: Global [835, 9379, 1827, 9692]
[00:11:38] [Thumb] Fallback Crop: Global [3973, 2107, 4710, 2226]
[00:11:38] [Thumb] Fallback Crop: Global [1878, 17033, 1945, 17353]
[00:11:38] [Thumb] Fallback Crop: Global [1793, 2286, 2080, 2359]
[00:11:38] [Thumb] Fallback Crop: Global [838, 34848, 1827, 35155]
[00:11:38] [Thumb] Fallback Crop: Global [3973, 2107, 4709, 2226]
[00:11:38] [Thumb] Fallback Crop: Global [838, 7996, 1830, 8307]
[00:11:38] [Thumb] Fallback Crop: Global [2822, 2107, 3556, 2226]
[00:11:38] [Thumb] Fallback Crop: Global [838, 995, 1827, 1305]
[00:11:38] [Thumb] Fallback Crop: Global [1491, 2940, 2228, 3059]
[00:11:38] [Thumb] Fallback Crop: Global [838, 42406, 1827, 42716]
[00:11:38] [Thumb] Fallback Crop: Global [340, 1274, 1081, 1394]
[00:11:38] [Thumb] Fallback Crop: Global [838, 13843, 1830, 14156]
[00:11:38] [Thumb] Fallback Crop: Global [342, 442, 1074, 561]
[00:11:38] [Thumb] Fallback Crop: Global [838, 37619, 1827, 37936]
[00:11:38] [Thumb] Fallback Crop: Global [3974, 2940, 4720, 3059]
[00:11:38] [Thumb] Fallback Crop: Global [2128, 49625, 2256, 49654]
[00:11:38] [Thumb] Fallback Crop: Global [3376, 2037, 3545, 2077]
[00:11:38] [Thumb] Fallback Crop: Global [1257, 4486, 2579, 4630]
[00:11:38] [Thumb] Fallback Crop: Global [1081, 848, 1446, 1000]
[00:11:38] [Thumb] Fallback Crop: Global [1257, 4486, 2579, 4630]
[00:11:38] [Thumb] Fallback Crop: Global [1081, 1203, 1446, 1354]
[00:11:38] [Thumb] Fallback Crop: Global [902, 18086, 2928, 18620]
[00:11:38] [Thumb] Fallback Crop: Global [412, 2401, 1397, 2585]
[00:11:38] [Thumb] Fallback Crop: Global [838, 29945, 1833, 30841]
[00:11:38] [Thumb] Fallback Crop: Global [3971, 1274, 4707, 1394]
[00:11:38] [Thumb] Fallback Crop: Global [838, 34115, 1824, 34924]
[00:11:38] [Thumb] Fallback Crop: Global [2821, 2940, 3556, 3059]
[00:11:38] [Thumb] Fallback Crop: Global [838, 14265, 1830, 15168]
[00:11:38] [Thumb] Fallback Crop: Global [3962, 2979, 4706, 3019]
[00:11:38] [Thumb] Fallback Crop: Global [1923, 37948, 2128, 38201]
[00:11:38] [Thumb] Fallback Crop: Global [4719, 3140, 5000, 3179]
[00:11:38] [Thumb] Fallback Crop: Global [1907, 9865, 2128, 10048]
[00:11:38] [Thumb] Fallback Crop: Global [3580, 2307, 3836, 2347]
[00:11:38] [Thumb] Fallback Crop: Global [1910, 12688, 2134, 12864]
[00:11:38] [Thumb] Fallback Crop: Global [3580, 3140, 3836, 3179]
[00:11:38] [Thumb] Fallback Crop: Global [838, 7635, 1827, 8537]
[00:11:38] [Thumb] Fallback Crop: Global [3973, 1274, 4709, 1394]
[00:11:38] [Thumb] Fallback Crop: Global [838, 17564, 1833, 18464]
[00:11:38] [Thumb] Fallback Crop: Global [1492, 442, 2227, 561]
[00:11:38] [Thumb] Fallback Crop: Global [838, 3817, 1827, 4729]
[00:11:38] [Thumb] Fallback Crop: Global [3973, 442, 4706, 561]
[00:11:38] [Thumb] Fallback Crop: Global [1910, 11257, 2131, 11440]
[00:11:38] [Thumb] Fallback Crop: Global [4732, 2307, 4987, 2347]
[00:11:38] [Virtual] Rendered rows 0 to 24 (total: 782)
[00:11:47] [Thumb] Clicked: web - Col0-W3_P-28
[00:22:06] === SpreadsheetPanel MODULE LOADED ===
[00:22:06] LOG_FILE path: C:\Users\raiko\OneDrive\Desktop\26\OCR\lcs_diagnostic.log
[00:22:06] [SpreadsheetPanel] __init__ called
[00:22:06] [SpreadsheetPanel] UI built successfully
[00:28:20] ============================================================
[00:28:20] [LCS update_data] DIAGNOSTIC
[00:28:20]   sync_pairs count: 780
[00:28:20]   web_regions count: 385
[00:28:20]   pdf_regions count: 740
[00:28:20]   web_image: (3840, 187920)
[00:28:20]   pdf_image: (5315, 36001)
[00:28:20]   web_pages: None
[00:28:20]   pdf_pages: None
[00:28:20]   First SyncPair:
[00:28:20]     web_id: Col0-W1_P-29
[00:28:20]     pdf_id: Col0-P2_emb_261
[00:28:20]     web_bbox: [2550, 27968, 2576, 28025]
[00:28:20]     pdf_bbox: [2420, 1324, 2440, 1346]
[00:28:20]     web_text: '70\n69'
[00:28:20]     pdf_text: '70\n69'
[00:28:20]   First web_region:
[00:28:20]     area_code: Col0-W1_P-1
[00:28:20]     id: Col0-W1_P-1
[00:28:20]     rect: [960, 182, 2729, 2924]
[00:28:20]     page_id: N/A
[00:28:20]   First pdf_region:
[00:28:20]     area_code: Col0-P1_emb_1
[00:28:20]     id: Col0-P1_emb_1
[00:28:20]     rect: [1309, 3002, 2242, 3156]
[00:28:20] ============================================================
[00:28:20] [KEY CHECK] web_id=Col0-W1_P-29 -> found=True
[00:28:20] [KEY CHECK] pdf_id=Col0-P2_emb_261 -> found=True
[00:28:20] [_refresh_rows] Starting VIRTUAL: 780 pairs total
[00:28:20] [_refresh_rows] web_image: (3840, 187920)
[00:28:20] [_refresh_rows] pdf_image: (5315, 36001)
[00:28:20] [Row 0] web_id=Col0-W1_P-29, pdf_id=Col0-P2_emb_261
[00:28:20]   web_region found: True
[00:28:20]   pdf_region found: True
[00:28:20]   pair.web_bbox: [2550, 27968, 2576, 28025]
[00:28:20]   pair.pdf_bbox: [2420, 1324, 2440, 1346]
[00:28:20]   self.web_image: (3840, 187920)
[00:28:20]   self.pdf_image: (5315, 36001)
[00:28:20] [SSOT] Row 0: web_region.rect=[2550, 27968, 2576, 28025], text_len=5
[00:28:20] [SSOT] Row 0: pdf_region.rect=[2420, 1324, 2440, 1346], text_len=5
[00:28:20] [Thumb] Fallback Crop: Global [2550, 27968, 2576, 28025]
[00:28:20] [Row 0] web_id=Col0-W1_P-29, pdf_id=Col0-P2_emb_261
[00:28:20]   web_region found: True
[00:28:20]   pdf_region found: True
[00:28:20]   pair.web_bbox: [2550, 27968, 2576, 28025]
[00:28:20]   pair.pdf_bbox: [2420, 1324, 2440, 1346]
[00:28:20]   self.web_image: (3840, 187920)
[00:28:20]   self.pdf_image: (5315, 36001)
[00:28:20] [SSOT] Row 0: web_region.rect=[2550, 27968, 2576, 28025], text_len=5
[00:28:20] [SSOT] Row 0: pdf_region.rect=[2420, 1324, 2440, 1346], text_len=5
[00:28:20] [Thumb] Fallback Crop: Global [2550, 27968, 2576, 28025]
[00:28:20] [Thumb] Fallback Crop: Global [2420, 1324, 2440, 1346]
[00:28:20] [Row 1] web_id=Col0-W3_P-135, pdf_id=Col0-P4_emb_84
[00:28:20]   web_region found: True
[00:28:20]   pdf_region found: True
[00:28:20]   pair.web_bbox: [838, 43785, 1827, 44108]
[00:28:20]   pair.pdf_bbox: [1491, 1274, 2239, 1394]
[00:28:20]   self.web_image: (3840, 187920)
[00:28:20]   self.pdf_image: (5315, 36001)
[00:28:20] [SSOT] Row 1: web_region.rect=[838, 43785, 1827, 44108], text_len=99
[00:28:20] [SSOT] Row 1: pdf_region.rect=[1491, 1274, 2239, 1394], text_len=92
[00:28:20] [Thumb] Fallback Crop: Global [838, 43785, 1827, 44108]
[00:28:20] [Thumb] Fallback Crop: Global [1491, 1274, 2239, 1394]
[00:28:20] [Row 2] web_id=Col0-W2_P-4, pdf_id=Col0-P4_emb_94
[00:28:20]   web_region found: True
[00:28:20]   pdf_region found: True
[00:28:20]   pair.web_bbox: [838, 995, 1827, 1305]
[00:28:20]   pair.pdf_bbox: [1491, 2940, 2228, 3059]
[00:28:20]   self.web_image: (3840, 187920)
[00:28:20]   self.pdf_image: (5315, 36001)
[00:28:20] [SSOT] Row 2: web_region.rect=[838, 995, 1827, 1305], text_len=87
[00:28:20] [SSOT] Row 2: pdf_region.rect=[1491, 2940, 2228, 3059], text_len=84
[00:28:20] [Thumb] Fallback Crop: Global [838, 995, 1827, 1305]
[00:28:20] [Thumb] Fallback Crop: Global [1491, 2940, 2228, 3059]
[00:28:20] [Thumb] Fallback Crop: Global [1881, 18889, 1939, 19276]
[00:28:20] [Thumb] Fallback Crop: Global [563, 1027, 830, 1087]
[00:28:20] [Thumb] Fallback Crop: Global [835, 9379, 1827, 9692]
[00:28:20] [Thumb] Fallback Crop: Global [3973, 2107, 4710, 2226]
[00:28:20] [Thumb] Fallback Crop: Global [1878, 17033, 1945, 17353]
[00:28:20] [Thumb] Fallback Crop: Global [1793, 2286, 2080, 2359]
[00:28:20] [Thumb] Fallback Crop: Global [838, 34848, 1827, 35155]
[00:28:20] [Thumb] Fallback Crop: Global [3973, 2107, 4709, 2226]
[00:28:20] [Thumb] Fallback Crop: Global [838, 7996, 1830, 8307]
[00:28:20] [Thumb] Fallback Crop: Global [2822, 2107, 3556, 2226]
[00:28:20] [Thumb] Fallback Crop: Global [838, 13843, 1830, 14156]
[00:28:20] [Thumb] Fallback Crop: Global [342, 442, 1074, 561]
[00:28:20] [Thumb] Fallback Crop: Global [838, 37619, 1827, 37936]
[00:28:20] [Thumb] Fallback Crop: Global [3974, 2940, 4720, 3059]
[00:28:20] [Thumb] Fallback Crop: Global [1257, 4486, 2579, 4630]
[00:28:20] [Thumb] Fallback Crop: Global [1081, 848, 1446, 1000]
[00:28:20] [Thumb] Fallback Crop: Global [1257, 4486, 2579, 4630]
[00:28:20] [Thumb] Fallback Crop: Global [1081, 1203, 1446, 1354]
[00:28:20] [Thumb] Fallback Crop: Global [902, 18086, 2928, 18620]
[00:28:20] [Thumb] Fallback Crop: Global [412, 2401, 1397, 2585]
[00:28:20] [Thumb] Fallback Crop: Global [838, 29945, 1833, 30841]
[00:28:20] [Thumb] Fallback Crop: Global [3971, 1274, 4707, 1394]
[00:28:20] [Thumb] Fallback Crop: Global [838, 34115, 1824, 34924]
[00:28:20] [Thumb] Fallback Crop: Global [2821, 2940, 3556, 3059]
[00:28:20] [Thumb] Fallback Crop: Global [3177, 17641, 3459, 18121]
[00:28:20] [Thumb] Fallback Crop: Global [531, 2065, 656, 2102]
[00:28:20] [Thumb] Fallback Crop: Global [838, 14265, 1830, 15168]
[00:28:20] [Thumb] Fallback Crop: Global [3962, 2979, 4706, 3019]
[00:28:20] [Thumb] Fallback Crop: Global [835, 31331, 1824, 32147]
[00:28:20] [Thumb] Fallback Crop: Global [2820, 2107, 3558, 2226]
[00:28:20] [Thumb] Fallback Crop: Global [1923, 37948, 2128, 38201]
[00:28:20] [Thumb] Fallback Crop: Global [4719, 3140, 5000, 3179]
[00:28:20] [Thumb] Fallback Crop: Global [838, 7635, 1827, 8537]
[00:28:20] [Thumb] Fallback Crop: Global [3973, 1274, 4709, 1394]
[00:28:20] [Thumb] Fallback Crop: Global [1907, 9865, 2128, 10048]
[00:28:20] [Thumb] Fallback Crop: Global [3580, 2307, 3836, 2347]
[00:28:20] [Thumb] Fallback Crop: Global [1910, 11257, 2131, 11440]
[00:28:20] [Thumb] Fallback Crop: Global [4732, 2307, 4987, 2347]
[00:28:20] [Thumb] Fallback Crop: Global [1910, 12688, 2134, 12864]
[00:28:20] [Thumb] Fallback Crop: Global [3580, 3140, 3836, 3179]
[00:28:20] [Thumb] Fallback Crop: Global [838, 3817, 1827, 4729]
[00:28:20] [Thumb] Fallback Crop: Global [3973, 442, 4706, 561]
[00:28:20] [Thumb] Fallback Crop: Global [1926, 39948, 2118, 40124]
[00:28:20] [Thumb] Fallback Crop: Global [1112, 642, 1344, 681]
[00:28:20] [Virtual] Rendered rows 0 to 24 (total: 780)
[00:58:04] [Thumb] Clicked: web - Col0-W3_P-135
[00:58:09] [Thumb] Clicked: web - Col0-W2_P-4
[00:59:17] [Thumb] Fallback Crop: Global [835, 9379, 1827, 9692]
[00:59:17] [Thumb] Fallback Crop: Global [3973, 2107, 4710, 2226]
[00:59:17] [Thumb] Fallback Crop: Global [1878, 17033, 1945, 17353]
[00:59:17] [Thumb] Fallback Crop: Global [1793, 2286, 2080, 2359]
[00:59:17] [Thumb] Fallback Crop: Global [838, 34848, 1827, 35155]
[00:59:17] [Thumb] Fallback Crop: Global [3973, 2107, 4709, 2226]
[00:59:17] [Thumb] Fallback Crop: Global [838, 7996, 1830, 8307]
[00:59:17] [Thumb] Fallback Crop: Global [2822, 2107, 3556, 2226]
[00:59:17] [Thumb] Fallback Crop: Global [838, 13843, 1830, 14156]
[00:59:17] [Thumb] Fallback Crop: Global [342, 442, 1074, 561]
[00:59:17] [Thumb] Fallback Crop: Global [838, 37619, 1827, 37936]
[00:59:17] [Thumb] Fallback Crop: Global [3974, 2940, 4720, 3059]
[00:59:17] [Thumb] Fallback Crop: Global [1257, 4486, 2579, 4630]
[00:59:17] [Thumb] Fallback Crop: Global [1081, 848, 1446, 1000]
[00:59:17] [Thumb] Fallback Crop: Global [1257, 4486, 2579, 4630]
[00:59:17] [Thumb] Fallback Crop: Global [1081, 1203, 1446, 1354]
[00:59:17] [Thumb] Fallback Crop: Global [902, 18086, 2928, 18620]
[00:59:17] [Thumb] Fallback Crop: Global [412, 2401, 1397, 2585]
[00:59:17] [Thumb] Fallback Crop: Global [838, 29945, 1833, 30841]
[00:59:17] [Thumb] Fallback Crop: Global [3971, 1274, 4707, 1394]
[00:59:18] [Thumb] Fallback Crop: Global [838, 34115, 1824, 34924]
[00:59:18] [Thumb] Fallback Crop: Global [2821, 2940, 3556, 3059]
[00:59:18] [Thumb] Fallback Crop: Global [3177, 17641, 3459, 18121]
[00:59:18] [Thumb] Fallback Crop: Global [531, 2065, 656, 2102]
[00:59:18] [Thumb] Fallback Crop: Global [838, 14265, 1830, 15168]
[00:59:18] [Thumb] Fallback Crop: Global [3962, 2979, 4706, 3019]
[00:59:18] [Thumb] Fallback Crop: Global [835, 31331, 1824, 32147]
[00:59:18] [Thumb] Fallback Crop: Global [2820, 2107, 3558, 2226]
[00:59:18] [Thumb] Fallback Crop: Global [1923, 37948, 2128, 38201]
[00:59:18] [Thumb] Fallback Crop: Global [4719, 3140, 5000, 3179]
[00:59:18] [Thumb] Fallback Crop: Global [838, 7635, 1827, 8537]
[00:59:18] [Thumb] Fallback Crop: Global [3973, 1274, 4709, 1394]
[00:59:18] [Thumb] Fallback Crop: Global [1907, 9865, 2128, 10048]
[00:59:18] [Thumb] Fallback Crop: Global [3580, 2307, 3836, 2347]
[00:59:18] [Thumb] Fallback Crop: Global [1910, 11257, 2131, 11440]
[00:59:18] [Thumb] Fallback Crop: Global [4732, 2307, 4987, 2347]
[00:59:18] [Thumb] Fallback Crop: Global [1910, 12688, 2134, 12864]
[00:59:18] [Thumb] Fallback Crop: Global [3580, 3140, 3836, 3179]
[00:59:18] [Thumb] Fallback Crop: Global [838, 3817, 1827, 4729]
[00:59:18] [Thumb] Fallback Crop: Global [3973, 442, 4706, 561]
[00:59:18] [Thumb] Fallback Crop: Global [1926, 39948, 2118, 40124]
[00:59:18] [Thumb] Fallback Crop: Global [1112, 642, 1344, 681]
[00:59:18] [Thumb] Fallback Crop: Global [1923, 47411, 2118, 47593]
[00:59:18] [Thumb] Fallback Crop: Global [2264, 2307, 2495, 2347]
[00:59:18] [Thumb] Fallback Crop: Global [838, 45187, 1830, 46083]
[00:59:18] [Thumb] Fallback Crop: Global [341, 2107, 1079, 2226]
[00:59:18] [Thumb] Fallback Crop: Global [838, 26649, 1827, 27548]
[00:59:18] [Thumb] Fallback Crop: Global [3974, 442, 4706, 561]
[00:59:18] [Thumb] Fallback Crop: Global [838, 4812, 1820, 5712]
[00:59:18] [Thumb] Fallback Crop: Global [2822, 1274, 3556, 1394]
[00:59:18] [Virtual] Rendered rows 4 to 28 (total: 780)
[00:59:19] [Row 0] web_id=Col0-W1_P-29, pdf_id=Col0-P2_emb_261
[00:59:19]   web_region found: True
[00:59:19]   pdf_region found: True
[00:59:19]   pair.web_bbox: [2550, 27968, 2576, 28025]
[00:59:19]   pair.pdf_bbox: [2420, 1324, 2440, 1346]
[00:59:19]   self.web_image: (3840, 187920)
[00:59:19]   self.pdf_image: (5315, 36001)
[00:59:19] [SSOT] Row 0: web_region.rect=[2550, 27968, 2576, 28025], text_len=5
[00:59:19] [SSOT] Row 0: pdf_region.rect=[2420, 1324, 2440, 1346], text_len=5
[00:59:19] [Thumb] Fallback Crop: Global [2550, 27968, 2576, 28025]
[00:59:19] [Thumb] Fallback Crop: Global [2420, 1324, 2440, 1346]
[00:59:19] [Row 1] web_id=Col0-W3_P-135, pdf_id=Col0-P4_emb_84
[00:59:19]   web_region found: True
[00:59:19]   pdf_region found: True
[00:59:19]   pair.web_bbox: [838, 43785, 1827, 44108]
[00:59:19]   pair.pdf_bbox: [1491, 1274, 2239, 1394]
[00:59:19]   self.web_image: (3840, 187920)
[00:59:19]   self.pdf_image: (5315, 36001)
[00:59:19] [SSOT] Row 1: web_region.rect=[838, 43785, 1827, 44108], text_len=99
[00:59:19] [SSOT] Row 1: pdf_region.rect=[1491, 1274, 2239, 1394], text_len=92
[00:59:19] [Thumb] Fallback Crop: Global [838, 43785, 1827, 44108]
[00:59:19] [Thumb] Fallback Crop: Global [1491, 1274, 2239, 1394]
[00:59:19] [Row 2] web_id=Col0-W2_P-4, pdf_id=Col0-P4_emb_94
[00:59:19]   web_region found: True
[00:59:19]   pdf_region found: True
[00:59:19]   pair.web_bbox: [838, 995, 1827, 1305]
[00:59:19]   pair.pdf_bbox: [1491, 2940, 2228, 3059]
[00:59:19]   self.web_image: (3840, 187920)
[00:59:19]   self.pdf_image: (5315, 36001)
[00:59:19] [SSOT] Row 2: web_region.rect=[838, 995, 1827, 1305], text_len=87
[00:59:19] [SSOT] Row 2: pdf_region.rect=[1491, 2940, 2228, 3059], text_len=84
[00:59:19] [Thumb] Fallback Crop: Global [838, 995, 1827, 1305]
[00:59:19] [Thumb] Fallback Crop: Global [1491, 2940, 2228, 3059]
[00:59:19] [Thumb] Fallback Crop: Global [1881, 18889, 1939, 19276]
[00:59:19] [Thumb] Fallback Crop: Global [563, 1027, 830, 1087]
[00:59:19] [Thumb] Fallback Crop: Global [835, 9379, 1827, 9692]
[00:59:19] [Thumb] Fallback Crop: Global [3973, 2107, 4710, 2226]
[00:59:19] [Thumb] Fallback Crop: Global [1878, 17033, 1945, 17353]
[00:59:19] [Thumb] Fallback Crop: Global [1793, 2286, 2080, 2359]
[00:59:19] [Thumb] Fallback Crop: Global [838, 34848, 1827, 35155]
[00:59:19] [Thumb] Fallback Crop: Global [3973, 2107, 4709, 2226]
[00:59:19] [Thumb] Fallback Crop: Global [838, 7996, 1830, 8307]
[00:59:19] [Thumb] Fallback Crop: Global [2822, 2107, 3556, 2226]
[00:59:19] [Thumb] Fallback Crop: Global [838, 13843, 1830, 14156]
[00:59:19] [Thumb] Fallback Crop: Global [342, 442, 1074, 561]
[00:59:19] [Thumb] Fallback Crop: Global [838, 37619, 1827, 37936]
[00:59:19] [Thumb] Fallback Crop: Global [3974, 2940, 4720, 3059]
[00:59:19] [Thumb] Fallback Crop: Global [1257, 4486, 2579, 4630]
[00:59:19] [Thumb] Fallback Crop: Global [1081, 848, 1446, 1000]
[00:59:19] [Thumb] Fallback Crop: Global [1257, 4486, 2579, 4630]
[00:59:19] [Thumb] Fallback Crop: Global [1081, 1203, 1446, 1354]
[00:59:19] [Thumb] Fallback Crop: Global [902, 18086, 2928, 18620]
[00:59:19] [Thumb] Fallback Crop: Global [412, 2401, 1397, 2585]
[00:59:19] [Thumb] Fallback Crop: Global [838, 29945, 1833, 30841]
[00:59:19] [Thumb] Fallback Crop: Global [3971, 1274, 4707, 1394]
[00:59:19] [Thumb] Fallback Crop: Global [838, 34115, 1824, 34924]
[00:59:19] [Thumb] Fallback Crop: Global [2821, 2940, 3556, 3059]
[00:59:20] [Thumb] Fallback Crop: Global [3177, 17641, 3459, 18121]
[00:59:20] [Thumb] Fallback Crop: Global [531, 2065, 656, 2102]
[00:59:20] [Thumb] Fallback Crop: Global [838, 14265, 1830, 15168]
[00:59:20] [Thumb] Fallback Crop: Global [3962, 2979, 4706, 3019]
[00:59:20] [Thumb] Fallback Crop: Global [835, 31331, 1824, 32147]
[00:59:20] [Thumb] Fallback Crop: Global [2820, 2107, 3558, 2226]
[00:59:20] [Thumb] Fallback Crop: Global [1923, 37948, 2128, 38201]
[00:59:20] [Thumb] Fallback Crop: Global [4719, 3140, 5000, 3179]
[00:59:20] [Thumb] Fallback Crop: Global [838, 7635, 1827, 8537]
[00:59:20] [Thumb] Fallback Crop: Global [3973, 1274, 4709, 1394]
[00:59:20] [Thumb] Fallback Crop: Global [1907, 9865, 2128, 10048]
[00:59:20] [Thumb] Fallback Crop: Global [3580, 2307, 3836, 2347]
[00:59:20] [Thumb] Fallback Crop: Global [1910, 11257, 2131, 11440]
[00:59:20] [Thumb] Fallback Crop: Global [4732, 2307, 4987, 2347]
[00:59:20] [Thumb] Fallback Crop: Global [1910, 12688, 2134, 12864]
[00:59:20] [Thumb] Fallback Crop: Global [3580, 3140, 3836, 3179]
[00:59:20] [Thumb] Fallback Crop: Global [838, 3817, 1827, 4729]
[00:59:20] [Thumb] Fallback Crop: Global [3973, 442, 4706, 561]
[00:59:20] [Thumb] Fallback Crop: Global [1926, 39948, 2118, 40124]
[00:59:20] [Thumb] Fallback Crop: Global [1112, 642, 1344, 681]
[00:59:20] [Virtual] Rendered rows 0 to 24 (total: 780)
[00:59:21] [Thumb] Clicked: web - Col0-W3_P-107
[01:08:34] === SpreadsheetPanel MODULE LOADED ===
[01:08:34] LOG_FILE path: C:\Users\raiko\OneDrive\Desktop\26\OCR\lcs_diagnostic.log
[01:08:34] [SpreadsheetPanel] __init__ called
[01:08:34] [SpreadsheetPanel] UI built successfully
[01:14:29] ============================================================
[01:14:29] [LCS update_data] DIAGNOSTIC
[01:14:29]   sync_pairs count: 780
[01:14:29]   web_regions count: 385
[01:14:29]   pdf_regions count: 740
[01:14:29]   web_image: (3840, 187920)
[01:14:29]   pdf_image: (5315, 36001)
[01:14:29]   web_pages: None
[01:14:29]   pdf_pages: None
[01:14:29]   First SyncPair:
[01:14:29]     web_id: Col0-W1_P-29
[01:14:29]     pdf_id: Col0-P2_emb_261
[01:14:29]     web_bbox: [2550, 27968, 2576, 28025]
[01:14:29]     pdf_bbox: [2420, 1324, 2440, 1346]
[01:14:29]     web_text: '70\n69'
[01:14:29]     pdf_text: '70\n69'
[01:14:29]   First web_region:
[01:14:29]     area_code: Col0-W1_P-1
[01:14:29]     id: Col0-W1_P-1
[01:14:29]     rect: [960, 182, 2729, 2924]
[01:14:29]     page_id: N/A
[01:14:29]   First pdf_region:
[01:14:29]     area_code: Col0-P1_emb_1
[01:14:29]     id: Col0-P1_emb_1
[01:14:29]     rect: [1309, 3002, 2242, 3156]
[01:14:29] ============================================================
[01:14:29] [KEY CHECK] web_id=Col0-W1_P-29 -> found=True
[01:14:29] [KEY CHECK] pdf_id=Col0-P2_emb_261 -> found=True
[01:14:29] [_refresh_rows] Starting VIRTUAL: 780 pairs total
[01:14:29] [_refresh_rows] web_image: (3840, 187920)
[01:14:29] [_refresh_rows] pdf_image: (5315, 36001)
[01:14:29] [Row 0] web_id=Col0-W1_P-29, pdf_id=Col0-P2_emb_261
[01:14:29]   web_region found: True
[01:14:29]   pdf_region found: True
[01:14:29]   pair.web_bbox: [2550, 27968, 2576, 28025]
[01:14:29]   pair.pdf_bbox: [2420, 1324, 2440, 1346]
[01:14:29]   self.web_image: (3840, 187920)
[01:14:29]   self.pdf_image: (5315, 36001)
[01:14:29] [SSOT] Row 0: web_region.rect=[2550, 27968, 2576, 28025], text_len=5
[01:14:29] [SSOT] Row 0: pdf_region.rect=[2420, 1324, 2440, 1346], text_len=5
[01:14:29] [Thumb] Fallback Crop: Global [2550, 27968, 2576, 28025]
[01:14:29] [Row 0] web_id=Col0-W1_P-29, pdf_id=Col0-P2_emb_261
[01:14:29]   web_region found: True
[01:14:29]   pdf_region found: True
[01:14:29]   pair.web_bbox: [2550, 27968, 2576, 28025]
[01:14:29]   pair.pdf_bbox: [2420, 1324, 2440, 1346]
[01:14:29]   self.web_image: (3840, 187920)
[01:14:29]   self.pdf_image: (5315, 36001)
[01:14:29] [SSOT] Row 0: web_region.rect=[2550, 27968, 2576, 28025], text_len=5
[01:14:29] [SSOT] Row 0: pdf_region.rect=[2420, 1324, 2440, 1346], text_len=5
[01:14:29] [Thumb] Fallback Crop: Global [2550, 27968, 2576, 28025]
[01:14:29] [Thumb] Fallback Crop: Global [2420, 1324, 2440, 1346]
[01:14:29] [Row 1] web_id=Col0-W3_P-135, pdf_id=Col0-P4_emb_84
[01:14:29]   web_region found: True
[01:14:29]   pdf_region found: True
[01:14:29]   pair.web_bbox: [838, 43785, 1827, 44108]
[01:14:29]   pair.pdf_bbox: [1491, 1274, 2239, 1394]
[01:14:29]   self.web_image: (3840, 187920)
[01:14:29]   self.pdf_image: (5315, 36001)
[01:14:29] [SSOT] Row 1: web_region.rect=[838, 43785, 1827, 44108], text_len=99
[01:14:29] [SSOT] Row 1: pdf_region.rect=[1491, 1274, 2239, 1394], text_len=92
[01:14:29] [Thumb] Fallback Crop: Global [838, 43785, 1827, 44108]
[01:14:29] [Thumb] Fallback Crop: Global [1491, 1274, 2239, 1394]
[01:14:29] [Row 2] web_id=Col0-W1_P-13, pdf_id=Col0-P1_emb_37
[01:14:29]   web_region found: True
[01:14:29]   pdf_region found: True
[01:14:29]   pair.web_bbox: [1881, 18889, 1939, 19276]
[01:14:29]   pair.pdf_bbox: [563, 1027, 830, 1087]
[01:14:29]   self.web_image: (3840, 187920)
[01:14:29]   self.pdf_image: (5315, 36001)
[01:14:29] [SSOT] Row 2: web_region.rect=[1881, 18889, 1939, 19276], text_len=6
[01:14:29] [SSOT] Row 2: pdf_region.rect=[563, 1027, 830, 1087], text_len=7
[01:14:29] [Thumb] Fallback Crop: Global [1881, 18889, 1939, 19276]
[01:14:29] [Thumb] Fallback Crop: Global [563, 1027, 830, 1087]
[01:14:29] [Thumb] Fallback Crop: Global [1878, 17033, 1945, 17353]
[01:14:29] [Thumb] Fallback Crop: Global [1793, 2286, 2080, 2359]
[01:14:29] [Thumb] Fallback Crop: Global [838, 34848, 1827, 35155]
[01:14:29] [Thumb] Fallback Crop: Global [3973, 2107, 4709, 2226]
[01:14:29] [Thumb] Fallback Crop: Global [835, 9379, 1827, 9692]
[01:14:29] [Thumb] Fallback Crop: Global [3973, 2107, 4710, 2226]
[01:14:29] [Thumb] Fallback Crop: Global [838, 7996, 1830, 8307]
[01:14:29] [Thumb] Fallback Crop: Global [2822, 2107, 3556, 2226]
[01:14:30] [Thumb] Fallback Crop: Global [838, 995, 1827, 1305]
[01:14:30] [Thumb] Fallback Crop: Global [1491, 2940, 2228, 3059]
[01:14:30] [Thumb] Fallback Crop: Global [838, 13843, 1830, 14156]
[01:14:30] [Thumb] Fallback Crop: Global [342, 442, 1074, 561]
[01:14:30] [Thumb] Fallback Crop: Global [838, 37619, 1827, 37936]
[01:14:30] [Thumb] Fallback Crop: Global [3974, 2940, 4720, 3059]
[01:14:30] [Thumb] Fallback Crop: Global [1257, 4486, 2579, 4630]
[01:14:30] [Thumb] Fallback Crop: Global [1081, 848, 1446, 1000]
[01:14:30] [Thumb] Fallback Crop: Global [1257, 4486, 2579, 4630]
[01:14:30] [Thumb] Fallback Crop: Global [1081, 1203, 1446, 1354]
[01:14:30] [Thumb] Fallback Crop: Global [1148, 18089, 2928, 18620]
[01:14:30] [Thumb] Fallback Crop: Global [412, 2401, 1397, 2585]
[01:14:30] [Thumb] Fallback Crop: Global [838, 29945, 1833, 30841]
[01:14:30] [Thumb] Fallback Crop: Global [3971, 1274, 4707, 1394]
[01:14:30] [Thumb] Fallback Crop: Global [838, 34115, 1824, 34924]
[01:14:30] [Thumb] Fallback Crop: Global [2821, 2940, 3556, 3059]
[01:14:30] [Thumb] Fallback Crop: Global [835, 31331, 1824, 32147]
[01:14:30] [Thumb] Fallback Crop: Global [2820, 2107, 3558, 2226]
[01:14:30] [Thumb] Fallback Crop: Global [838, 14265, 1830, 15168]
[01:14:30] [Thumb] Fallback Crop: Global [3962, 2979, 4706, 3019]
[01:14:30] [Thumb] Fallback Crop: Global [1923, 37948, 2128, 38201]
[01:14:30] [Thumb] Fallback Crop: Global [4719, 3140, 5000, 3179]
[01:14:30] [Thumb] Fallback Crop: Global [1910, 11257, 2131, 11440]
[01:14:30] [Thumb] Fallback Crop: Global [4732, 2307, 4987, 2347]
[01:14:30] [Thumb] Fallback Crop: Global [1910, 12688, 2134, 12864]
[01:14:30] [Thumb] Fallback Crop: Global [3580, 3140, 3836, 3179]
[01:14:30] [Thumb] Fallback Crop: Global [838, 7635, 1827, 8537]
[01:14:30] [Thumb] Fallback Crop: Global [3973, 1274, 4709, 1394]
[01:14:30] [Thumb] Fallback Crop: Global [838, 3817, 1827, 4729]
[01:14:30] [Thumb] Fallback Crop: Global [3973, 442, 4706, 561]
[01:14:30] [Thumb] Fallback Crop: Global [1907, 9865, 2128, 10048]
[01:14:30] [Thumb] Fallback Crop: Global [3580, 2307, 3836, 2347]
[01:14:30] [Thumb] Fallback Crop: Global [838, 16620, 1843, 17440]
[01:14:30] [Thumb] Fallback Crop: Global [341, 1314, 1075, 1354]
[01:14:30] [Thumb] Fallback Crop: Global [1926, 39948, 2118, 40124]
[01:14:30] [Thumb] Fallback Crop: Global [1112, 642, 1344, 681]
[01:14:30] [Virtual] Rendered rows 0 to 24 (total: 780)
[01:17:57] [Thumb] Clicked: web - Col0-W3_P-107
[01:18:02] [Thumb] Clicked: web - Col0-W2_P-28
[01:18:08] [Thumb] Clicked: web - Col0-W3_P-107
[01:28:32] === SpreadsheetPanel MODULE LOADED ===
[01:28:32] LOG_FILE path: C:\Users\raiko\OneDrive\Desktop\26\OCR\lcs_diagnostic.log
[01:28:32] [SpreadsheetPanel] __init__ called
[01:28:32] [SpreadsheetPanel] UI built successfully
[01:34:14] === SpreadsheetPanel MODULE LOADED ===
[01:34:14] LOG_FILE path: C:\Users\raiko\OneDrive\Desktop\26\OCR\lcs_diagnostic.log
[01:34:14] [SpreadsheetPanel] __init__ called
[01:34:14] [SpreadsheetPanel] UI built successfully
[01:40:14] ============================================================
[01:40:14] [LCS update_data] DIAGNOSTIC
[01:40:14]   sync_pairs count: 780
[01:40:14]   web_regions count: 384
[01:40:14]   pdf_regions count: 740
[01:40:14]   web_image: (3840, 187920)
[01:40:14]   pdf_image: (5315, 36001)
[01:40:14]   web_pages: None
[01:40:14]   pdf_pages: None
[01:40:14]   First SyncPair:
[01:40:14]     web_id: Col0-W1_P-29
[01:40:14]     pdf_id: Col0-P2_emb_261
[01:40:14]     web_bbox: [2550, 27968, 2576, 28025]
[01:40:14]     pdf_bbox: [2420, 1324, 2440, 1346]
[01:40:14]     web_text: '70\n69'
[01:40:14]     pdf_text: '70\n69'
[01:40:14]   First web_region:
[01:40:14]     area_code: Col0-W1_P-1
[01:40:14]     id: Col0-W1_P-1
[01:40:14]     rect: [960, 182, 2729, 2924]
[01:40:14]     page_id: N/A
[01:40:14]   First pdf_region:
[01:40:14]     area_code: Col0-P1_emb_1
[01:40:14]     id: Col0-P1_emb_1
[01:40:14]     rect: [1309, 3002, 2242, 3156]
[01:40:14] ============================================================
[01:40:14] [KEY CHECK] web_id=Col0-W1_P-29 -> found=True
[01:40:14] [KEY CHECK] pdf_id=Col0-P2_emb_261 -> found=True
[01:40:14] [_refresh_rows] Starting VIRTUAL: 780 pairs total
[01:40:14] [_refresh_rows] web_image: (3840, 187920)
[01:40:14] [_refresh_rows] pdf_image: (5315, 36001)
[01:40:14] [Row 0] web_id=Col0-W1_P-29, pdf_id=Col0-P2_emb_261
[01:40:14]   web_region found: True
[01:40:14]   pdf_region found: True
[01:40:14]   pair.web_bbox: [2550, 27968, 2576, 28025]
[01:40:14]   pair.pdf_bbox: [2420, 1324, 2440, 1346]
[01:40:14]   self.web_image: (3840, 187920)
[01:40:14]   self.pdf_image: (5315, 36001)
[01:40:14] [SSOT] Row 0: web_region.rect=[2550, 27968, 2576, 28025], text_len=5
[01:40:14] [SSOT] Row 0: pdf_region.rect=[2420, 1324, 2440, 1346], text_len=5
[01:40:14] [Thumb] Fallback Crop: Global [2550, 27968, 2576, 28025]
[01:40:14] [Virtual] Scroll update error: 'CTkLabel' object has no attribute '_font'
[23:14:10] === SpreadsheetPanel MODULE LOADED ===
[23:14:10] LOG_FILE path: C:\Users\raiko\OneDrive\Desktop\26\OCR\lcs_diagnostic.log
[23:23:31] === SpreadsheetPanel MODULE LOADED ===
[23:23:31] LOG_FILE path: C:\Users\raiko\OneDrive\Desktop\26\OCR\lcs_diagnostic.log
[23:23:31] [SpreadsheetPanel] __init__ called
[23:23:31] [SpreadsheetPanel] UI built successfully
[23:30:27] ============================================================
[23:30:27] [LCS update_data] DIAGNOSTIC
[23:30:27]   sync_pairs count: 782
[23:30:27]   web_regions count: 382
[23:30:27]   pdf_regions count: 740
[23:30:27]   web_image: (3840, 187920)
[23:30:27]   pdf_image: (5315, 36001)
[23:30:27]   web_pages: None
[23:30:27]   pdf_pages: None
[23:30:27]   First SyncPair:
[23:30:27]     web_id: Col0-W1_P-29
[23:30:27]     pdf_id: Col0-P2_emb_261
[23:30:27]     web_bbox: [2550, 27968, 2576, 28025]
[23:30:27]     pdf_bbox: [2420, 1324, 2440, 1346]
[23:30:27]     web_text: '70\n69'
[23:30:27]     pdf_text: '70\n69'
[23:30:27]   First web_region:
[23:30:27]     area_code: Col0-W1_P-1
[23:30:27]     id: Col0-W1_P-1
[23:30:27]     rect: [960, 182, 2729, 2924]
[23:30:27]     page_id: N/A
[23:30:27]   First pdf_region:
[23:30:27]     area_code: Col0-P1_emb_1
[23:30:27]     id: Col0-P1_emb_1
[23:30:27]     rect: [1309, 3002, 2242, 3156]
[23:30:27] ============================================================
[23:30:27] [KEY CHECK] web_id=Col0-W1_P-29 -> found=True
[23:30:27] [KEY CHECK] pdf_id=Col0-P2_emb_261 -> found=True
[23:30:27] [_refresh_rows] Starting VIRTUAL: 782 pairs total
[23:30:27] [_refresh_rows] web_image: (3840, 187920)
[23:30:27] [_refresh_rows] pdf_image: (5315, 36001)
[23:30:27] [Row 0] web_id=Col0-W1_P-29, pdf_id=Col0-P2_emb_261
[23:30:27]   web_region found: True
[23:30:27]   pdf_region found: True
[23:30:27]   pair.web_bbox: [2550, 27968, 2576, 28025]
[23:30:27]   pair.pdf_bbox: [2420, 1324, 2440, 1346]
[23:30:27]   self.web_image: (3840, 187920)
[23:30:27]   self.pdf_image: (5315, 36001)
[23:30:27] [SSOT] Row 0: web_region.rect=[2550, 27968, 2576, 28025], text_len=5
[23:30:27] [SSOT] Row 0: pdf_region.rect=[2420, 1324, 2440, 1346], text_len=5
[23:30:27] [Row 0] web_id=Col0-W1_P-29, pdf_id=Col0-P2_emb_261
[23:30:27]   web_region found: True
[23:30:27]   pdf_region found: True
[23:30:27]   pair.web_bbox: [2550, 27968, 2576, 28025]
[23:30:27]   pair.pdf_bbox: [2420, 1324, 2440, 1346]
[23:30:27]   self.web_image: (3840, 187920)
[23:30:27]   self.pdf_image: (5315, 36001)
[23:30:27] [SSOT] Row 0: web_region.rect=[2550, 27968, 2576, 28025], text_len=5
[23:30:27] [SSOT] Row 0: pdf_region.rect=[2420, 1324, 2440, 1346], text_len=5
[23:30:27] [Row 1] web_id=Col0-W2_P-135, pdf_id=Col0-P4_emb_84
[23:30:27]   web_region found: True
[23:30:27]   pdf_region found: True
[23:30:27]   pair.web_bbox: [838, 43785, 1827, 44108]
[23:30:27]   pair.pdf_bbox: [1491, 1274, 2239, 1394]
[23:30:27]   self.web_image: (3840, 187920)
[23:30:27]   self.pdf_image: (5315, 36001)
[23:30:27] [SSOT] Row 1: web_region.rect=[838, 43785, 1827, 44108], text_len=99
[23:30:27] [SSOT] Row 1: pdf_region.rect=[1491, 1274, 2239, 1394], text_len=92
[23:30:27] [Row 2] web_id=Col0-W1_P-13, pdf_id=Col0-P1_emb_37
[23:30:27]   web_region found: True
[23:30:27]   pdf_region found: True
[23:30:27]   pair.web_bbox: [1881, 18889, 1939, 19276]
[23:30:27]   pair.pdf_bbox: [563, 1027, 830, 1087]
[23:30:27]   self.web_image: (3840, 187920)
[23:30:27]   self.pdf_image: (5315, 36001)
[23:30:27] [SSOT] Row 2: web_region.rect=[1881, 18889, 1939, 19276], text_len=6
[23:30:27] [SSOT] Row 2: pdf_region.rect=[563, 1027, 830, 1087], text_len=7
[23:30:28] [Virtual] Rendered rows 0 to 24 (total: 782)
[23:30:44] [Thumb] Clicked: web - Col0-W2_P-107
[23:38:59] === SpreadsheetPanel MODULE LOADED ===
[23:38:59] LOG_FILE path: C:\Users\raiko\OneDrive\Desktop\26\OCR\lcs_diagnostic.log
[23:38:59] [SpreadsheetPanel] __init__ called
[23:38:59] [SpreadsheetPanel] UI built successfully
[23:41:23] [SpreadsheetPanel] __init__ called
[23:41:23] [SpreadsheetPanel] UI built successfully
[23:53:47] === SpreadsheetPanel MODULE LOADED ===
[23:53:47] LOG_FILE path: C:\Users\raiko\OneDrive\Desktop\26\OCR\lcs_diagnostic.log
[23:53:47] [SpreadsheetPanel] __init__ called
[23:53:47] [SpreadsheetPanel] UI built successfully
[00:04:42] === SpreadsheetPanel MODULE LOADED ===
[00:04:42] LOG_FILE path: C:\Users\raiko\OneDrive\Desktop\26\OCR\lcs_diagnostic.log
[00:08:25] === SpreadsheetPanel MODULE LOADED ===
[00:08:25] LOG_FILE path: C:\Users\raiko\OneDrive\Desktop\26\OCR\lcs_diagnostic.log
[00:08:25] [SpreadsheetPanel] __init__ called
[00:08:25] [SpreadsheetPanel] UI built successfully
[00:19:56] === SpreadsheetPanel MODULE LOADED ===
[00:19:56] LOG_FILE path: C:\Users\raiko\OneDrive\Desktop\26\OCR\lcs_diagnostic.log
[00:22:50] === SpreadsheetPanel MODULE LOADED ===
[00:22:50] LOG_FILE path: C:\Users\raiko\OneDrive\Desktop\26\OCR\lcs_diagnostic.log
[00:22:50] [SpreadsheetPanel] __init__ called
[00:22:50] [SpreadsheetPanel] UI built successfully
[00:31:07] === SpreadsheetPanel MODULE LOADED ===
[00:31:07] LOG_FILE path: C:\Users\raiko\OneDrive\Desktop\26\OCR\lcs_diagnostic.log
[00:31:07] [SpreadsheetPanel] __init__ called
[00:31:07] [SpreadsheetPanel] UI built successfully
[00:40:04] ============================================================
[00:40:04] [LCS update_data] DIAGNOSTIC
[00:40:04]   sync_pairs count: 782
[00:40:04]   web_regions count: 382
[00:40:04]   pdf_regions count: 740
[00:40:04]   web_image: (3840, 187920)
[00:40:04]   pdf_image: (5315, 19315)
[00:40:04]   web_pages: None
[00:40:04]   pdf_pages: None
[00:40:04]   First SyncPair:
[00:40:04]     web_id: Col0-W1_P-29
[00:40:04]     pdf_id: Col0-P2_emb_261
[00:40:04]     web_bbox: [2550, 27968, 2576, 28025]
[00:40:04]     pdf_bbox: [2420, 1324, 2440, 1346]
[00:40:04]     web_text: '70\n69'
[00:40:04]     pdf_text: '70\n69'
[00:40:04]   First web_region:
[00:40:04]     area_code: Col0-W1_P-1
[00:40:04]     id: Col0-W1_P-1
[00:40:04]     rect: [960, 182, 2729, 2924]
[00:40:04]     page_id: N/A
[00:40:04]   First pdf_region:
[00:40:04]     area_code: Col0-P1_emb_1
[00:40:04]     id: Col0-P1_emb_1
[00:40:04]     rect: [1309, 3002, 2242, 3156]
[00:40:04] ============================================================
[00:40:04] [KEY CHECK] web_id=Col0-W1_P-29 -> found=True
[00:40:04] [KEY CHECK] pdf_id=Col0-P2_emb_261 -> found=True
[00:40:04] [_refresh_rows] Starting VIRTUAL: 782 pairs total
[00:40:04] [_refresh_rows] web_image: (3840, 187920)
[00:40:04] [_refresh_rows] pdf_image: (5315, 19315)
[00:40:04] [Row 0] web_id=Col0-W1_P-29, pdf_id=Col0-P2_emb_261
[00:40:04]   web_region found: True
[00:40:04]   pdf_region found: True
[00:40:04]   pair.web_bbox: [2550, 27968, 2576, 28025]
[00:40:04]   pair.pdf_bbox: [2420, 1324, 2440, 1346]
[00:40:04]   self.web_image: (3840, 187920)
[00:40:04]   self.pdf_image: (5315, 19315)
[00:40:04] [SSOT] Row 0: web_region.rect=[2550, 27968, 2576, 28025], text_len=5
[00:40:04] [SSOT] Row 0: pdf_region.rect=[2420, 1324, 2440, 1346], text_len=5
[00:40:04] [Row 0] web_id=Col0-W1_P-29, pdf_id=Col0-P2_emb_261
[00:40:04]   web_region found: True
[00:40:04]   pdf_region found: True
[00:40:04]   pair.web_bbox: [2550, 27968, 2576, 28025]
[00:40:04]   pair.pdf_bbox: [2420, 1324, 2440, 1346]
[00:40:04]   self.web_image: (3840, 187920)
[00:40:04]   self.pdf_image: (5315, 19315)
[00:40:04] [SSOT] Row 0: web_region.rect=[2550, 27968, 2576, 28025], text_len=5
[00:40:04] [SSOT] Row 0: pdf_region.rect=[2420, 1324, 2440, 1346], text_len=5
[00:40:04] [Row 1] web_id=Col0-W2_P-135, pdf_id=Col0-P4_emb_84
[00:40:04]   web_region found: True
[00:40:04]   pdf_region found: True
[00:40:04]   pair.web_bbox: [838, 43785, 1827, 44108]
[00:40:04]   pair.pdf_bbox: [1491, 1274, 2239, 1394]
[00:40:04]   self.web_image: (3840, 187920)
[00:40:04]   self.pdf_image: (5315, 19315)
[00:40:04] [SSOT] Row 1: web_region.rect=[838, 43785, 1827, 44108], text_len=99
[00:40:04] [SSOT] Row 1: pdf_region.rect=[1491, 1274, 2239, 1394], text_len=92
[00:40:04] [Row 2] web_id=Col0-W1_P-13, pdf_id=Col0-P1_emb_37
[00:40:04]   web_region found: True
[00:40:04]   pdf_region found: True
[00:40:04]   pair.web_bbox: [1881, 18889, 1939, 19276]
[00:40:04]   pair.pdf_bbox: [563, 1027, 830, 1087]
[00:40:04]   self.web_image: (3840, 187920)
[00:40:04]   self.pdf_image: (5315, 19315)
[00:40:04] [SSOT] Row 2: web_region.rect=[1881, 18889, 1939, 19276], text_len=6
[00:40:04] [SSOT] Row 2: pdf_region.rect=[563, 1027, 830, 1087], text_len=7
[00:40:04] [Virtual] Rendered rows 0 to 24 (total: 782)
[00:40:04] [Virtual] Scroll update error: name 'time' is not defined
[00:40:39] [Virtual] Rendered rows 5 to 29 (total: 782)
[00:40:39] [Virtual] Scroll update error: name 'time' is not defined
[00:40:41] [Virtual] Rendered rows 9 to 33 (total: 782)
[00:40:41] [Virtual] Scroll update error: name 'time' is not defined
[00:40:43] [Virtual] Rendered rows 13 to 37 (total: 782)
[00:40:43] [Virtual] Scroll update error: name 'time' is not defined
[00:54:40] === SpreadsheetPanel MODULE LOADED ===
[00:54:40] LOG_FILE path: C:\Users\raiko\OneDrive\Desktop\26\OCR\lcs_diagnostic.log
[00:54:40] [SpreadsheetPanel] __init__ called
[00:54:40] [SpreadsheetPanel] UI built successfully
[01:49:45] === SpreadsheetPanel MODULE LOADED ===
[01:49:45] LOG_FILE path: C:\Users\raiko\OneDrive\Desktop\26\OCR\lcs_diagnostic.log
[01:49:45] [SpreadsheetPanel] __init__ called
[01:49:45] [SpreadsheetPanel] UI built successfully
[01:54:30] === SpreadsheetPanel MODULE LOADED ===
[01:54:30] LOG_FILE path: C:\Users\raiko\OneDrive\Desktop\26\OCR\lcs_diagnostic.log
[01:54:30] [SpreadsheetPanel] __init__ called
[01:54:30] [SpreadsheetPanel] UI built successfully
[02:01:08] ============================================================
[02:01:08] [LCS update_data] DIAGNOSTIC
[02:01:08]   sync_pairs count: 782
[02:01:08]   web_regions count: 382
[02:01:08]   pdf_regions count: 740
[02:01:08]   web_image: (3840, 187920)
[02:01:08]   pdf_image: (5315, 36001)
[02:01:08]   web_pages: 4
[02:01:08]   pdf_pages: 6
[02:01:08]   web_pages[0] image: (3840, 36720)
[02:01:08]   First SyncPair:
[02:01:08]     web_id: Col0-W1_P-29
[02:01:08]     pdf_id: Col0-P2_emb_261
[02:01:08]     web_bbox: [2550, 27968, 2576, 28025]
[02:01:08]     pdf_bbox: [2420, 1324, 2440, 1346]
[02:01:08]     web_text: '70\n69'
[02:01:08]     pdf_text: '70\n69'
[02:01:08]   First web_region:
[02:01:08]     area_code: Col0-W1_P-1
[02:01:08]     id: Col0-W1_P-1
[02:01:08]     rect: [960, 182, 2729, 2924]
[02:01:08]     page_id: N/A
[02:01:08]   First pdf_region:
[02:01:08]     area_code: Col0-P1_emb_1
[02:01:08]     id: Col0-P1_emb_1
[02:01:08]     rect: [1309, 3002, 2242, 3156]
[02:01:08] ============================================================
[02:01:08] [KEY CHECK] web_id=Col0-W1_P-29 -> found=True
[02:01:08] [KEY CHECK] pdf_id=Col0-P2_emb_261 -> found=True
[02:01:08] [_refresh_rows] Starting VIRTUAL: 782 pairs total
[02:01:08] [_refresh_rows] web_image: (3840, 187920)
[02:01:08] [_refresh_rows] pdf_image: (5315, 36001)
[02:01:08] [Row 0] web_id=Col0-W1_P-29, pdf_id=Col0-P2_emb_261
[02:01:08]   web_region found: True
[02:01:08]   pdf_region found: True
[02:01:08]   pair.web_bbox: [2550, 27968, 2576, 28025]
[02:01:08]   pair.pdf_bbox: [2420, 1324, 2440, 1346]
[02:01:08]   self.web_image: (3840, 187920)
[02:01:08]   self.pdf_image: (5315, 36001)
[02:01:08] [SSOT] Row 0: web_region.rect=[2550, 27968, 2576, 28025], text_len=5
[02:01:08] [SSOT] Row 0: pdf_region.rect=[2420, 1324, 2440, 1346], text_len=5
[02:01:08] [Row 0] web_id=Col0-W1_P-29, pdf_id=Col0-P2_emb_261
[02:01:08]   web_region found: True
[02:01:08]   pdf_region found: True
[02:01:08]   pair.web_bbox: [2550, 27968, 2576, 28025]
[02:01:08]   pair.pdf_bbox: [2420, 1324, 2440, 1346]
[02:01:08]   self.web_image: (3840, 187920)
[02:01:08]   self.pdf_image: (5315, 36001)
[02:01:08] [SSOT] Row 0: web_region.rect=[2550, 27968, 2576, 28025], text_len=5
[02:01:08] [SSOT] Row 0: pdf_region.rect=[2420, 1324, 2440, 1346], text_len=5
[02:01:08] [Row 1] web_id=Col0-W2_P-135, pdf_id=Col0-P4_emb_84
[02:01:08]   web_region found: True
[02:01:08]   pdf_region found: True
[02:01:08]   pair.web_bbox: [838, 43785, 1827, 44108]
[02:01:08]   pair.pdf_bbox: [1491, 1274, 2239, 1394]
[02:01:08]   self.web_image: (3840, 187920)
[02:01:08]   self.pdf_image: (5315, 36001)
[02:01:08] [SSOT] Row 1: web_region.rect=[838, 43785, 1827, 44108], text_len=99
[02:01:08] [SSOT] Row 1: pdf_region.rect=[1491, 1274, 2239, 1394], text_len=92
[02:01:08] [Row 2] web_id=Col0-W1_P-13, pdf_id=Col0-P1_emb_37
[02:01:08]   web_region found: True
[02:01:08]   pdf_region found: True
[02:01:08]   pair.web_bbox: [1881, 18889, 1939, 19276]
[02:01:08]   pair.pdf_bbox: [563, 1027, 830, 1087]
[02:01:08]   self.web_image: (3840, 187920)
[02:01:08]   self.pdf_image: (5315, 36001)
[02:01:08] [SSOT] Row 2: web_region.rect=[1881, 18889, 1939, 19276], text_len=6
[02:01:08] [SSOT] Row 2: pdf_region.rect=[563, 1027, 830, 1087], text_len=7
[02:01:09] [Virtual] Rendered rows 0 to 24 (total: 782)
[02:01:17] [Virtual] Rendered rows 4 to 28 (total: 782)
[02:01:20] [Row 0] web_id=Col0-W1_P-29, pdf_id=Col0-P2_emb_261
[02:01:20]   web_region found: True
[02:01:20]   pdf_region found: True
[02:01:20]   pair.web_bbox: [2550, 27968, 2576, 28025]
[02:01:20]   pair.pdf_bbox: [2420, 1324, 2440, 1346]
[02:01:20]   self.web_image: (3840, 187920)
[02:01:20]   self.pdf_image: (5315, 36001)
[02:01:20] [SSOT] Row 0: web_region.rect=[2550, 27968, 2576, 28025], text_len=5
[02:01:20] [SSOT] Row 0: pdf_region.rect=[2420, 1324, 2440, 1346], text_len=5
[02:01:20] [Row 1] web_id=Col0-W2_P-135, pdf_id=Col0-P4_emb_84
[02:01:20]   web_region found: True
[02:01:20]   pdf_region found: True
[02:01:20]   pair.web_bbox: [838, 43785, 1827, 44108]
[02:01:20]   pair.pdf_bbox: [1491, 1274, 2239, 1394]
[02:01:20]   self.web_image: (3840, 187920)
[02:01:20]   self.pdf_image: (5315, 36001)
[02:01:20] [SSOT] Row 1: web_region.rect=[838, 43785, 1827, 44108], text_len=99
[02:01:20] [SSOT] Row 1: pdf_region.rect=[1491, 1274, 2239, 1394], text_len=92
[02:01:20] [Row 2] web_id=Col0-W1_P-13, pdf_id=Col0-P1_emb_37
[02:01:20]   web_region found: True
[02:01:20]   pdf_region found: True
[02:01:20]   pair.web_bbox: [1881, 18889, 1939, 19276]
[02:01:20]   pair.pdf_bbox: [563, 1027, 830, 1087]
[02:01:20]   self.web_image: (3840, 187920)
[02:01:20]   self.pdf_image: (5315, 36001)
[02:01:20] [SSOT] Row 2: web_region.rect=[1881, 18889, 1939, 19276], text_len=6
[02:01:20] [SSOT] Row 2: pdf_region.rect=[563, 1027, 830, 1087], text_len=7
[02:01:20] [Virtual] Rendered rows 0 to 24 (total: 782)
[02:01:23] [Thumb] Clicked: web - Col0-W2_P-107
[02:09:36] === SpreadsheetPanel MODULE LOADED ===
[02:09:36] LOG_FILE path: C:\Users\raiko\OneDrive\Desktop\26\OCR\lcs_diagnostic.log
[02:09:36] [SpreadsheetPanel] __init__ called
[02:09:36] [SpreadsheetPanel] UI built successfully
[02:09:36] [SpreadsheetPanel] __init__ called
[02:09:36] [SpreadsheetPanel] UI built successfully
[02:16:38] ============================================================
[02:16:38] [LCS update_data] DIAGNOSTIC
[02:16:38]   sync_pairs count: 782
[02:16:38]   web_regions count: 382
[02:16:38]   pdf_regions count: 740
[02:16:38]   web_image: (3840, 187920)
[02:16:38]   pdf_image: (5315, 36001)
[02:16:38]   web_pages: 4
[02:16:38]   pdf_pages: 6
[02:16:38]   web_pages[0] image: (3840, 36720)
[02:16:38]   First SyncPair:
[02:16:38]     web_id: Col0-W1_P-29
[02:16:38]     pdf_id: Col0-P2_emb_261
[02:16:38]     web_bbox: [2550, 27968, 2576, 28025]
[02:16:38]     pdf_bbox: [2420, 1324, 2440, 1346]
[02:16:38]     web_text: '70\n69'
[02:16:38]     pdf_text: '70\n69'
[02:16:38]   First web_region:
[02:16:38]     area_code: Col0-W1_P-1
[02:16:38]     id: Col0-W1_P-1
[02:16:38]     rect: [960, 182, 2729, 2924]
[02:16:38]     page_id: N/A
[02:16:38]   First pdf_region:
[02:16:38]     area_code: Col0-P1_emb_1
[02:16:38]     id: Col0-P1_emb_1
[02:16:38]     rect: [1309, 3002, 2242, 3156]
[02:16:38] ============================================================
[02:16:38] [KEY CHECK] web_id=Col0-W1_P-29 -> found=True
[02:16:38] [KEY CHECK] pdf_id=Col0-P2_emb_261 -> found=True
[02:16:38] [_refresh_rows] Starting VIRTUAL: 782 pairs total
[02:16:38] [_refresh_rows] web_image: (3840, 187920)
[02:16:38] [_refresh_rows] pdf_image: (5315, 36001)
[02:16:38] [Row 0] web_id=Col0-W1_P-29, pdf_id=Col0-P2_emb_261
[02:16:38]   web_region found: True
[02:16:38]   pdf_region found: True
[02:16:38]   pair.web_bbox: [2550, 27968, 2576, 28025]
[02:16:38]   pair.pdf_bbox: [2420, 1324, 2440, 1346]
[02:16:38]   self.web_image: (3840, 187920)
[02:16:38]   self.pdf_image: (5315, 36001)
[02:16:38] [SSOT] Row 0: web_region.rect=[2550, 27968, 2576, 28025], text_len=5
[02:16:38] [SSOT] Row 0: pdf_region.rect=[2420, 1324, 2440, 1346], text_len=5
[02:16:38] [Row 0] web_id=Col0-W1_P-29, pdf_id=Col0-P2_emb_261
[02:16:38]   web_region found: True
[02:16:38]   pdf_region found: True
[02:16:38]   pair.web_bbox: [2550, 27968, 2576, 28025]
[02:16:38]   pair.pdf_bbox: [2420, 1324, 2440, 1346]
[02:16:38]   self.web_image: (3840, 187920)
[02:16:38]   self.pdf_image: (5315, 36001)
[02:16:38] [SSOT] Row 0: web_region.rect=[2550, 27968, 2576, 28025], text_len=5
[02:16:38] [SSOT] Row 0: pdf_region.rect=[2420, 1324, 2440, 1346], text_len=5
[02:16:38] [Row 1] web_id=Col0-W2_P-135, pdf_id=Col0-P4_emb_84
[02:16:38]   web_region found: True
[02:16:38]   pdf_region found: True
[02:16:38]   pair.web_bbox: [838, 43785, 1827, 44108]
[02:16:38]   pair.pdf_bbox: [1491, 1274, 2239, 1394]
[02:16:38]   self.web_image: (3840, 187920)
[02:16:38]   self.pdf_image: (5315, 36001)
[02:16:38] [SSOT] Row 1: web_region.rect=[838, 43785, 1827, 44108], text_len=99
[02:16:38] [SSOT] Row 1: pdf_region.rect=[1491, 1274, 2239, 1394], text_len=92
[02:16:38] [Row 2] web_id=Col0-W1_P-13, pdf_id=Col0-P1_emb_37
[02:16:38]   web_region found: True
[02:16:38]   pdf_region found: True
[02:16:38]   pair.web_bbox: [1881, 18889, 1939, 19276]
[02:16:38]   pair.pdf_bbox: [563, 1027, 830, 1087]
[02:16:38]   self.web_image: (3840, 187920)
[02:16:38]   self.pdf_image: (5315, 36001)
[02:16:38] [SSOT] Row 2: web_region.rect=[1881, 18889, 1939, 19276], text_len=6
[02:16:38] [SSOT] Row 2: pdf_region.rect=[563, 1027, 830, 1087], text_len=7
[02:16:38] [Virtual] Rendered rows 0 to 24 (total: 782)
