=== ParagraphMatcher Debug Log ===
Web: 24件, PDF: 20件

[✗] Web(408文字) best_sim=35%
  Web: JRトップページ|きっぷのご案内|特別御朱印・特別御朱印帳御朱印をめぐる|参加寺社一覧|よくあるご質問
JRU
参加寺社...
  PDF: 九州特別おトク御朱印のな寺社きっぷJRめぐり九州でのをしよ列車乗りう放題!きっぷを発売します九州くださいめぐりなど。引き...

[✗] Web(262文字) best_sim=36%
  Web: めかりじんじゃ2和布刈神社
九州最北端に鎮座する神社。約1800年前、神功(じんぐう)皇后が三韓征伐に勝利したことから創...
  PDF: 九州特別おトク御朱印のな寺社きっぷJRめぐり九州でのをしよ列車乗りう放題!きっぷを発売します九州くださいめぐりなど。引き...

[✗] Web(22文字) best_sim=24%
  Web: 御朱印
直書きと書置き両方通年版(500円)...
  PDF: JR|登山八幡市駅八幡から東徒歩として区神社も約の知ら5町分4-4-1れる[特別2003あり年]13JR春日駅神社から徒...

[✗] Web(927文字) best_sim=29%
  Web: JRトップページ|きっぷのご案内|特別御朱印・特別御朱印帳御朱印をめぐる|参加寺社一覧よくあるご質問
御朱印
直書きと書...
  PDF: JRおすすめ九州寺社のする駅長九州九州めぐりがの寺社福岡県伐02JRしたことす布から神社「和神社前」下車、徒歩03JR古...

[✗] Web(251文字) best_sim=36%
  Web: ふうじはちまんぐう
6風治八幡宮
古くは伊田大神と称し1200年以上の歴史を誇る。神功(じんぐう)皇后や伝教大師(最澄)...
  PDF: JRおすすめ九州寺社のする駅長九州九州めぐりがの寺社福岡県伐02JRしたことす布から神社「和神社前」下車、徒歩03JR古...

[✗] Web(762文字) best_sim=34%
  Web: JRトップページ|きっぷのご案内|特別御朱印・特別御朱印帳御朱印をめぐる|
御朱印
正式名は平等寺だが、地元では炭坑寺院...
  PDF: JRおすすめ九州寺社のする駅長九州九州めぐりがの寺社福岡県伐02JRしたことす布から神社「和神社前」下車、徒歩03JR古...

[✗] Web(23文字) best_sim=24%
  Web: 御朱印シマエナガ直書きと書置き両方(800円)...
  PDF: イメージです。...

[✗] Web(2515文字) best_sim=23%
  Web: たがじんじゃ9多賀神社
寿命の神、鎮魂厄除けの神として名高い伊邪那岐(いざなぎ)伊邪那美(いざなみ)二柱の大神を祀る神社...
  PDF: JRおすすめ九州寺社のする駅長九州九州めぐりがの寺社福岡県伐02JRしたことす布から神社「和神社前」下車、徒歩03JR古...

[✗] Web(954文字) best_sim=29%
  Web: JRトップページ|きっぷのご案内|特別御朱印・特別御朱印帳御朱印をめぐる|参加寺社一覧|よくあるご質問
の真言宗の寺院。...
  PDF: JRおすすめ九州寺社のする駅長九州九州めぐりがの寺社福岡県伐02JRしたことす布から神社「和神社前」下車、徒歩03JR古...

[✗] Web(276文字) best_sim=37%
  Web: うみはちまんぐう
20宇美八幡宮
神功(じんぐう)皇后が應神(おうじん)天皇を御出産された聖地【産み=宇美】安産・育児の...
  PDF: 九州特別おトク御朱印のな寺社きっぷJRめぐり九州でのをしよ列車乗りう放題!きっぷを発売します九州くださいめぐりなど。引き...

[✗] Web(2747文字) best_sim=22%
  Web: ふだらくじ21補陀洛寺
御本尊の十一面観世音菩薩は、特に病気平癒・安産除災招福の御利益があるといわれている。篠栗四国霊場...
  PDF: JRおすすめ九州寺社のする駅長九州九州めぐりがの寺社福岡県伐02JRしたことす布から神社「和神社前」下車、徒歩03JR古...

[✗] Web(248文字) best_sim=42%
  Web: みずたてんまんぐう
30水田天満宮
JR
トップページ|きっぷのご案内|特別御朱印・特別御朱印帳御朱印をめぐる|参加寺社...
  PDF: 九州特別おトク御朱印のな寺社きっぷJRめぐり九州でのをしよ列車乗りう放題!きっぷを発売します九州くださいめぐりなど。引き...

[✗] Web(775文字) best_sim=32%
  Web: ˙恋木神社
御朱印
直書きと書置き両方(500円)
しものしょうはちまんじんじゃ31下庄八幡神社
2031年に御鎮座90...
  PDF: JRおすすめ九州寺社のする駅長九州九州めぐりがの寺社福岡県伐02JRしたことす布から神社「和神社前」下車、徒歩03JR古...

[✗] Web(264文字) best_sim=36%
  Web: おおむたじんじゃ
32大牟田神社
1538年、庄屋と村人が御神体と遭遇、鎮守神としてお祀りしたことが創立の基とされている...
  PDF: 九州特別おトク御朱印のな寺社きっぷJRめぐり九州でのをしよ列車乗りう放題!きっぷを発売します九州くださいめぐりなど。引き...

[✗] Web(23文字) best_sim=23%
  Web: 月替わり御朱印
書置き(600~1,200円)...
  PDF: イメージです。...

[✗] Web(49文字) best_sim=21%
  Web: Copyright©KyushuRailwayCompany.AllRightsReserved....
  PDF: した10JR駅神社約5がる分ためら。る。JR鍵相駅八幡宮から2-3徒歩約5分記したしまものてれい18JR宮地光神社7-1...

=== match_paragraphs called: Web=131, PDF=94 ===

[✗ NO MATCH] sim=0% (top=15%)
  Web(55): JRトップページ|きっぷのご案内|特別御朱印・特別御朱印帳御朱印をめぐる|参加寺社一覧|よくあるご質問
JRU...
  Best PDF candidate (15%): 33八坂神社
12
により
であるが奉納される。
JRから徒歩約15分
1-867...

[✗ NO MATCH] sim=0% (top=21%)
  Web(34): 参加寺社一覧
大分
福岡
/特別
【御朱印
長崎
熊本
鹿児島
宮崎...
  Best PDF candidate (21%): 59五所神社
JR駅から徒歩約10分
194
いる。
感じるが
駅...

[✗ NO MATCH] sim=0% (top=24%)
  Web(147): 1甲宗八幡宮
西暦860年に創建。中世には源平両氏や足利将軍などに「関の守護「神」として崇敬された。近代に入り、発展を遂...
  Best PDF candidate (24%): 05正八幡宮
としてを深めている。
JR駅から徒歩約5分
-1
る人々...

[✗ NO MATCH] sim=0% (top=15%)
  Web(95): 住所:福岡県北九州市門司区旧門司1-7-18
電話:093-321-0944
初穂料特別御朱印1,000円御朱印200円...
  Best PDF candidate (15%): は
ください
などに「関の守
としてきた。
約12分
1-7-18
01甲八幡宮
に
詳しくはこちら...

[✗ NO MATCH] sim=0% (top=16%)
  Web(67): JRトップページ|きっぷのご案内|特別御朱印・特別御朱印帳御朱印をめぐる|参加寺社一覧よくあるご質問
特別御朱印
御朱印...
  Best PDF candidate (16%): 駅長がおすすめする寺社を紹介!
[九州...

[✗ NO MATCH] sim=0% (top=20%)
  Web(262): めかりじんじゃ2和布刈神社
九州最北端に鎮座する神社。約1800年前、神功(じんぐう)皇后が三韓征伐に勝利したことから創...
  Best PDF candidate (20%): 44大村神社
サクラとして親しまれる。
JR駅からバスで「大村市役所」下車、徒歩約10分
1-34-34
1...

[✗ NO MATCH] sim=0% (top=18%)
  Web(22): 御朱印
直書きと書置き両方通年版(500円)...
  Best PDF candidate (18%): [特別あり]
2003年...

[✗ NO MATCH] sim=0% (top=12%)
  Web(50): JRトップページ|きっぷのご案内|特別御朱印・特別御朱印帳御朱印をめぐる|参加寺社一覧よくあるご質問...
  Best PDF candidate (12%): 71神社
に囲まれた方は、気
JR駅から徒歩約20分
をはじめ、
があるとされている。
1329
ただます...

[✗ NO MATCH] sim=0% (top=18%)
  Web(26): JR九州
御朱印
直書きと書置き両方季節(500円)...
  Best PDF candidate (18%): |41福石観音清
だ
さて
JR
24-5
よるに写
100
はイメージです。...

[✗ NO MATCH] sim=0% (top=33%)
  Web(122): 3小倉祗園八坂神社
豊前小倉藩初代藩主細川忠興公により、1617年に創建。小倉の守護神として、人々の崇拝を集めてきた。1...
  Best PDF candidate (33%): 04小倉祗園八坂神社
1
しみを込めて」とも呼ばれている。
JR西小倉駅から徒歩5分
2-2...

[✗ NO MATCH] sim=0% (top=27%)
  Web(100): 住所:福岡県北九州市小倉北区城内2-2
電話:093-561-0753
初穂料特別御朱印1,000円御朱印500円御朱印...
  Best PDF candidate (27%): 58八坂神
1-1000Ch
|JR駅から徒歩約15分
大分
市...

[✗ NO MATCH] sim=0% (top=27%)
  Web(157): 4菅原神社
菅原道真公をお祀りする神社。創建は約1100年前の平安時代に遡り、古くから小倉府内(城下町)の氏神として、学...
  Best PDF candidate (27%): 03菅原神社
りすの時代古くから下町神として、などの集めている
JRレール駅徒歩町1-6
JR...

[✗ NO MATCH] sim=0% (top=17%)
  Web(81): 住所:福岡県北九州市小倉北区古船場町1-6RE:093-521-9421
初穂料特別御朱印500円御朱印500円御朱印対...
  Best PDF candidate (17%): |41福石観音清
だ
さて
JR
24-5
よるに写
100
はイメージです。...

[✗ NO MATCH] sim=0% (top=20%)
  Web(289): しょうはちまんぐう5正八幡宮
860年に建立された正八幡宮は、古来より地上に生きとし生ける人々の平安と幸福を「みちびく勝...
  Best PDF candidate (20%): 05正八幡宮
としてを深めている。
JR駅から徒歩約5分
-1
る人々...

[✗ NO MATCH] sim=0% (top=23%)
  Web(228): ふうじはちまんぐう
6風治八幡宮
古くは伊田大神と称し1200年以上の歴史を誇る。神功(じんぐう)皇后や伝教大師(最澄)...
  Best PDF candidate (23%): 06風治八幡宮
どの
JR田川伊田駅から徒歩約1分
2-30
えられる。...

[✗ NO MATCH] sim=0% (top=22%)
  Web(22): 【田川後藤寺駅】伊福駅長
Googlemap...
  Best PDF candidate (22%): 駅
駅
熊本県
GRAERS...

[✗ NO MATCH] sim=0% (top=23%)
  Web(21): 御朱印
書き(1500円2800円)
幡宮...
  Best PDF candidate (23%): 詳しくはこちら
024000...

[✗ NO MATCH] sim=0% (top=17%)
  Web(343): JRトップページ|きっぷのご案内|特別御朱印・特別御朱印帳御朱印をめぐる|
御朱印
正式名は平等寺だが、地元では炭坑寺院...
  Best PDF candidate (17%): 07平等寺(三井寺)
JR川駅から徒歩約15分福岡県田川市伊田2704-1...

[✗ NO MATCH] sim=0% (top=21%)
  Web(24): 御朱印
書きと書置き両方半面500円
800円)...
  Best PDF candidate (21%): 詳しくはこちら
024000...

[✗ NO MATCH] sim=0% (top=25%)
  Web(162): かすがじんじゃ8春日神社
775年、弓削大神に合祀され、2025年には鎮座1250年を迎える歴史ある神社。毎年5月下旬に...
  Best PDF candidate (25%): 08春日神社7750
JR田川後藤寺駅から徒歩約8分]
市町6-13
では、
畏神冰...

[✗ NO MATCH] sim=0% (top=11%)
  Web(191): JRトップページ|きっぷのご案内|特別御朱印・特別御朱印帳御朱印をめぐる|参加寺社一覧|
御朱印対応時間:9:30~16...
  Best PDF candidate (11%): JR九州の駅長がおすすめする九州の寺社
九州
寺社めぐり2025年2月1日(土)~10月31日(金)
九州には日本に伝わ...

[✗ NO MATCH] sim=0% (top=16%)
  Web(23): 御朱印シマエナガ直書きと書置き両方(800円)...
  Best PDF candidate (16%): 2.1(+)
10.31(+)...

[✗ NO MATCH] sim=0% (top=25%)
  Web(136): たがじんじゃ9多賀神社
寿命の神、鎮魂厄除けの神として名高い伊邪那岐(いざなぎ)伊邪那美(いざなみ)二柱の大神を祀る神社...
  Best PDF candidate (25%): 二日市八幡宮
神として
されていちょう)に
とされ、すると一面を上げる。
JR二日市駅から徒歩約5分
3-6-35...

[✗ NO MATCH] sim=0% (top=18%)
  Web(71): 住所:福岡県直方市直方701
電話:0942-22-0125
初穂料特別御朱印1,000円御朱印500円
御朱印対応時間...
  Best PDF candidate (18%): |41福石観音清
だ
さて
JR
24-5
よるに写
100
はイメージです。...

[✗ NO MATCH] sim=0% (top=20%)
  Web(91): JRトップページ|きっぷのご案内|特別御朱印・特別御朱印帳御朱印をめぐる|参加寺社一覧|よくあるご質問
置き(500円)...
  Best PDF candidate (20%): |41福石観音清
だ
さて
JR
24-5
よるに写
100
はイメージです。...

[✗ NO MATCH] sim=0% (top=20%)
  Web(241): 10皇祖神社
1508年(永正5年)に建立され、長らく地域で愛されてきた。境内には竜神が登ったとされる良い伝えがあるため...
  Best PDF candidate (20%): 高城神社
れた。
として、現在も多くの参拝者がある。
駅から徒歩約7分...

[✗ NO MATCH] sim=0% (top=29%)
  Web(21): 【新飯塚駅】
緒方駅長
Googlemap...
  Best PDF candidate (29%): 駅
駅
熊本県
GRAERS...

[✗ NO MATCH] sim=0% (top=17%)
  Web(94): 令和年月日皇祖神社
JRトップページ|きっぷのご案内|特別御朱印・特別御朱印帳|御朱印をめぐる|参加寺社一覧|よくあるご...
  Best PDF candidate (17%): 16日神社
したのがされる
現在では「人生における
JR「学校下車徒歩8分
九州市八幡
「あり」...

[✗ NO MATCH] sim=0% (top=23%)
  Web(115): 11祖八幡宮
延文4年(1359年)に建立され、飯塚の総鎮守として親しまれている。特別御朱印は飯塚の原風景「ボタ山とSL...
  Best PDF candidate (23%): 鍵相八幡宮
しまれている。記したもの
JR駅から徒歩約5分2-3...

[✗ NO MATCH] sim=0% (top=29%)
  Web(21): 【新飯塚駅】
緒方駅長
Googlemap...
  Best PDF candidate (29%): 駅
駅
熊本県
GRAERS...

[✗ NO MATCH] sim=0% (top=27%)
  Web(94): 住所:福岡県飯塚市宮町2-3電話:0948-22-0511
初穂料特別御朱印500円御朱印500円
御朱印対応時間:9:...
  Best PDF candidate (27%): 58八坂神
1-1000Ch
|JR駅から徒歩約15分
大分
市...

[✗ NO MATCH] sim=0% (top=23%)
  Web(122): 12豊山八幡神社
「八幡」の地名発祥の地としても知られる八幡の総鎮守。2023年に創建1400年を迎えた。JR九州とのコ...
  Best PDF candidate (23%): |登山八幡神社
としても知られる
JR八幡駅から徒歩約5分
市東区の町4-4-1...

[✗ NO MATCH] sim=0% (top=29%)
  Web(20): 【黒崎駅】
渕上駅長
Googleman...
  Best PDF candidate (29%): 駅
駅
熊本県
GRAERS...

[✗ NO MATCH] sim=0% (top=13%)
  Web(169): JRトップページ|きっぷのご案内|特別御朱印・特別御朱印帳御朱印をめぐる|参加寺社一覧よくあるご質問
初穂料特別御朱印5...
  Best PDF candidate (13%): |登山八幡神社
としても知られる
JR八幡駅から徒歩約5分
市東区の町4-4-1...

[✗ NO MATCH] sim=0% (top=22%)
  Web(151): 【特別
御朱印
13春日神社
古来より黒崎・折尾地区の守り神として信仰を集めてきた古社。福岡藩祖黒田長政より篤い崇敬を受...
  Best PDF candidate (22%): 33八坂神社
12
により
であるが奉納される。
JRから徒歩約15分
1-867...

[✗ NO MATCH] sim=0% (top=15%)
  Web(104): 住所:福岡県北九州市八幡西区藤田1-10-44電話:093-631-2152
初穂料特別御朱印1,000円御朱印1,00...
  Best PDF candidate (15%): 58八坂神
1-1000Ch
|JR駅から徒歩約15分
大分
市...

[✗ NO MATCH] sim=0% (top=29%)
  Web(23): 田日神神社社
特別御朱印
書き(1,000円)...
  Best PDF candidate (29%): [特別あり]
2003年...

[✗ NO MATCH] sim=0% (top=13%)
  Web(337): JRトップページ|きっぷのご案内|特別御朱印・特別御朱印帳御朱印をめぐる|参加社一覧|よくあるご質問
御朱印
古事記日本...
  Best PDF candidate (13%): 23十日恵比須神社
「えび
では、並び、全国からも
多くの人がれる
なん
JR駅から徒歩約5分
7-1...

[✗ NO MATCH] sim=0% (top=29%)
  Web(22): 特別御朱印
書きと書置き両方(1,000円)...
  Best PDF candidate (29%): [特別あり]
2003年...

[✗ NO MATCH] sim=0% (top=31%)
  Web(117): いちのみやじんじゃ15一宮神社
勝運のご利益で崇敬を集める神社で、「岡田の宮」の本宮と伝えられる。黒崎地区の岡田宮、春日...
  Best PDF candidate (31%): 15一宮神社
運のご利益を伝えられ
されている。
JR駅から徒歩約15分
区山町12-36...

[✗ NO MATCH] sim=0% (top=24%)
  Web(22): 住所:福岡県北九州市八幡西区山寺町12-36...
  Best PDF candidate (24%): 15一宮神社
運のご利益を伝えられ
されている。
JR駅から徒歩約15分
区山町12-36...

[✗ NO MATCH] sim=0% (top=13%)
  Web(102): JRトップページ|きっぷのご案内|特別御朱印・特別御朱印帳|御朱印をめぐる|参加寺社一覧|よくあるご質問
※御朱印は複数...
  Best PDF candidate (13%): 30水田天満宮
神社である本があり
JR歩約20分
しまれているとした...

[✗ NO MATCH] sim=0% (top=29%)
  Web(127): ひのみねじんじゃ16日峯神社
隠岐島の焼火神社から大日霊貴命(おおひるめのむちのみこと)を日峯山に勧請したのが創祀とされ...
  Best PDF candidate (29%): 16日神社
したのがされる
現在では「人生における
JR「学校下車徒歩8分
九州市八幡
「あり」...

[✓ MATCHED] sim=55% (top=55%)
  Web(30): 最寄り駅JR折尾駅からバスで「浅川小学校前」下車、徒歩約8分...
  PDF: 17寺
JR東駅からバスで「宗像大社前」下車徒歩約17分
日本で...

[✗ NO MATCH] sim=0% (top=14%)
  Web(111): 住所:福岡県北九州市八幡西区浅川日の峯1-8-8
電話:093-603-1775
初穂料特別御朱印1,000円御朱印50...
  Best PDF candidate (14%): 58八坂神
1-1000Ch
|JR駅から徒歩約15分
大分
市...

[✗ NO MATCH] sim=0% (top=21%)
  Web(227): JRトップページ|きっぷのご案内|特別御朱印・特別御朱印帳御朱印をめぐる|参加寺社一覧|よくあるご質問
の真言宗の寺院。...
  Best PDF candidate (21%): 44大村神社
サクラとして親しまれる。
JR駅からバスで「大村市役所」下車、徒歩約10分
1-34-34
1...

[✗ NO MATCH] sim=0% (top=14%)
  Web(316): 18宮地嶽神社
北部九州に居住した海人族の長神と神功皇后を祀る1800年の歴史あある神社。13個の巨石遺跡や大注連縄、日...
  Best PDF candidate (14%): 29全国総本宮水天宮
す
としてまたどることでも知られる。
JR久留米駅から徒歩約10分
福岡県久留米市瀬下町265-1...

[✗ NO MATCH] sim=0% (top=17%)
  Web(33): a
御朱印
直書きと書置き両方
(直書き800円、書置き500円)...
  Best PDF candidate (17%): 詳しくはこちら
024000...

[✗ NO MATCH] sim=0% (top=21%)
  Web(230): 19香椎宮
香椎宮は200年に神功(じんぐう)皇后が、夫の神霊をお祀りしたことが起源。神功皇后の宮は724年に竣工。この...
  Best PDF candidate (21%): 19香椎宮
JR香椎神宮駅から徒歩約4分
4-16-1...

[✗ NO MATCH] sim=0% (top=13%)
  Web(95): 令和六年一月
JRトップページ|きっぷのご案内|特別御朱印・特別御朱印帳御朱印をめぐる|参加寺社一覧|よくあるご質問
御...
  Best PDF candidate (13%): 58八坂神
1-1000Ch
|JR駅から徒歩約15分
大分
市...

[✗ NO MATCH] sim=0% (top=22%)
  Web(243): 20宇美八幡宮
神功(じんぐう)皇后が應神(おうじん)天皇を御出産された聖地【産み=宇美】安産・育児の「子安大神」と称さ...
  Best PDF candidate (22%): 二日市八幡宮
神として
されていちょう)に
とされ、すると一面を上げる。
JR二日市駅から徒歩約5分
3-6-35...

[✗ NO MATCH] sim=0% (top=29%)
  Web(20): 【香椎駅】
大嶋駅長
Googlemap...
  Best PDF candidate (29%): 駅
駅
熊本県
GRAERS...

[✗ NO MATCH] sim=0% (top=20%)
  Web(256): ふだらくじ21補陀洛寺
御本尊の十一面観世音菩薩は、特に病気平癒・安産除災招福の御利益があるといわれている。篠栗四国霊場...
  Best PDF candidate (20%): 補陀洛寺
キー・
としてのシーズンが訪れる。
JR歩約3分
-12-40...

[✗ NO MATCH] sim=0% (top=30%)
  Web(145): 22筥崎宮
宇佐石清水両宮と並ぶ日本三大八幡宮のひとつ。厄除勝運の神としても有名で地元プロスポーツチームも必勝祈願に訪れ...
  Best PDF candidate (30%): 22崎宮
としても有名で地元プ
JR駅から徒歩約8分1-22-1
運の神
1...

[✗ NO MATCH] sim=0% (top=16%)
  Web(103): 住所:福岡県福岡市東区箱崎1-22-1
電話:092-641-7431
初穂料特別御朱印500円御朱印500円御朱印対応...
  Best PDF candidate (16%): は
ください
などに「関の守
としてきた。
約12分
1-7-18
01甲八幡宮
に
詳しくはこちら...

[✗ NO MATCH] sim=0% (top=16%)
  Web(66): JRトップページ|きっぷのご案内|特別御朱印・特別御朱印帳|御朱印をめぐる|参加寺社一覧|よくあるご質問
令和元年五月一...
  Best PDF candidate (16%): 駅長がおすすめする寺社を紹介!
[九州...

[✓ MATCHED] sim=41% (top=41%)
  Web(118): とおかえびすじんじゃ23十日恵比須神社
福の神と称される「えびす様」と「だいこく様」をお祀りする神社。正月大祭では、隣接...
  PDF: 23十日恵比須神社
「えび
では、並び、全国からも
多くの人がれる
なん
JR駅から徒歩約5分
7-1...

[✗ NO MATCH] sim=0% (top=29%)
  Web(20): 【博多駅】
加藤駅長
Googlemap...
  Best PDF candidate (29%): 駅
駅
熊本県
GRAERS...

[✗ NO MATCH] sim=0% (top=23%)
  Web(124): 住所:福岡県福岡市博多区東公園7-1
電話:092-651-1563
初穂料特別御朱印1,000円御朱印500円御朱印対...
  Best PDF candidate (23%): 58八坂神
1-1000Ch
|JR駅から徒歩約15分
大分
市...

[✗ NO MATCH] sim=0% (top=14%)
  Web(263): ちくぜんのくにいちのみやすみよしじんじゃ
24筑前國一之宮住吉神社
航海安全・心身清浄の御神徳として信仰を集める神社。ま...
  Best PDF candidate (14%): 15一宮神社
運のご利益を伝えられ
されている。
JR駅から徒歩約15分
区山町12-36...

[✗ NO MATCH] sim=0% (top=19%)
  Web(110): 25太郎丸神社
火災で全焼しても落ちなかった「落ちない鈴」の太郎丸神社。高校大学受験、資格試験就職試験などの受験生が祈願...
  Best PDF candidate (19%): 05正八幡宮
としてを深めている。
JR駅から徒歩約5分
-1
る人々...

[✓ MATCHED] sim=42% (top=42%)
  Web(46): JR九大学研都市駅からバスで「たろう保育園前」下車、徒歩約6分
最寄り駅
Googlemap...
  PDF: 49神社
JR駅からバスで「ロープウェイ前下車、徒歩すぐ
-...

[✗ NO MATCH] sim=0% (top=12%)
  Web(92): 住所福岡県福岡市西区太郎丸2-7-10
電話:090-5735-2695
初穂料特別御朱印1,000円御朱印500円
御...
  Best PDF candidate (12%): 07平等寺(三井寺)
JR川駅から徒歩約15分福岡県田川市伊田2704-1...

[✗ NO MATCH] sim=0% (top=17%)
  Web(105): JRトップページ|きっぷのご案内|特別御朱印・特別御朱印帳御朱印をめぐる|参加寺社一覧よくあるご質問
神社
御朱印
(5...
  Best PDF candidate (17%): 2神社
紀元前と伝えられており、
00
日本。
JR
083-1
社...

[✗ NO MATCH] sim=0% (top=16%)
  Web(113): さくらいじんじゃ26櫻井神社
1632年に福岡藩二代藩主・黒田忠之公が岩戸に出現した神様を祀るために櫻井神社を造営。社殿...
  Best PDF candidate (16%): 2神社
紀元前と伝えられており、
00
日本。
JR
083-1
社...

[✗ NO MATCH] sim=0% (top=23%)
  Web(21): 【筑前前原駅】鹿島駅長
Googlemap...
  Best PDF candidate (23%): 駅
駅
熊本県
GRAERS...

[✗ NO MATCH] sim=0% (top=30%)
  Web(111): 最寄り駅JR筑前前原駅からバスで「桜井」下車、徒歩約10分
住所:福岡県糸島市志摩桜井4227
電話:092-327-0...
  Best PDF candidate (30%): 44大村神社
サクラとして親しまれる。
JR駅からバスで「大村市役所」下車、徒歩約10分
1-34-34
1...

[✗ NO MATCH] sim=0% (top=15%)
  Web(288): JRトップページ|きっぷのご案内|特別御朱印・特別御朱印帳御朱印をめぐる|参加寺社一覧|よくあるご質問
本場の観音像は鎌...
  Best PDF candidate (15%): 44大村神社
サクラとして親しまれる。
JR駅からバスで「大村市役所」下車、徒歩約10分
1-34-34
1...

[✗ NO MATCH] sim=0% (top=26%)
  Web(324): ふつかいちはちまんぐう28二日市八幡宮
御鎮座1500年を越える神社で、縁結び安産開運の神として尊されている。御神木の公...
  Best PDF candidate (26%): 二日市八幡宮
神として
されていちょう)に
とされ、すると一面を上げる。
JR二日市駅から徒歩約5分
3-6-35...

[✗ NO MATCH] sim=0% (top=32%)
  Web(117): ぜんこくそうほんぐうすいてんぐう29全国総本宮水天宮
筑後川の河畔に鎮座する全国の水天宮の総本宮。農業、漁業、航海業者か...
  Best PDF candidate (32%): 29全国総本宮水天宮
す
としてまたどることでも知られる。
JR久留米駅から徒歩約10分
福岡県久留米市瀬下町265-1...

[✗ NO MATCH] sim=0% (top=29%)
  Web(21): 【久留米駅】
城戸駅長
Googlemap...
  Best PDF candidate (29%): 駅
駅
熊本県
GRAERS...

[✗ NO MATCH] sim=0% (top=28%)
  Web(89): 住所:福岡県久留米市瀬下町265-1
電話:0942-32-3207
初穂料御朱印500円御朱印対応時間:9:00~16...
  Best PDF candidate (28%): 58八坂神
1-1000Ch
|JR駅から徒歩約15分
大分
市...

[✗ NO MATCH] sim=0% (top=20%)
  Web(28): 瓜和六年十月八日
直書きと書置き両方(500円)
御朱印...
  Best PDF candidate (20%): 40亀山八幡宮
として
JR歩約35分
として...

[✗ NO MATCH] sim=0% (top=16%)
  Web(209): みずたてんまんぐう
30水田天満宮
JR
最寄り駅
住所:福岡県筑後市水田62-1
電話:0942-53-8625
初穂...
  Best PDF candidate (16%): 30水田天満宮
神社である本があり
JR歩約20分
しまれているとした...

[✗ NO MATCH] sim=0% (top=20%)
  Web(25): |御朱印
直書きと書置き両方(500円)
恋木神社...
  Best PDF candidate (20%): 2神社
紀元前と伝えられており、
00
日本。
JR
083-1
社...

[✗ NO MATCH] sim=0% (top=22%)
  Web(25): ˙恋木神社
御朱印
直書きと書置き両方(500円)...
  Best PDF candidate (22%): 10神社
したがる。
JR駅約5分
ためら...

[✗ NO MATCH] sim=0% (top=18%)
  Web(272): しものしょうはちまんじんじゃ31下庄八幡神社
2031年に御鎮座900年を迎える神社。長きに渡り、勝運、安産、子供守護の...
  Best PDF candidate (18%): 31下庄八幡神社
2011年、子供
ごじょう)の本
JR駅から徒歩約15分
高町下庄1397...

[✗ NO MATCH] sim=0% (top=24%)
  Web(20): 特別御朱印
と書置き両方(1,000円)...
  Best PDF candidate (24%): 詳しくはこちら
024000...

[✗ NO MATCH] sim=0% (top=21%)
  Web(34): 月替わり御朱印
直書きと書置き両方(半面500円・全面1,000円)...
  Best PDF candidate (21%): 詳しくはこちら
024000...

[✗ NO MATCH] sim=0% (top=23%)
  Web(227): 32大牟田神社
1538年、庄屋と村人が御神体と遭遇、鎮守神としてお祀りしたことが創立の基とされている。1640年頃に祇...
  Best PDF candidate (23%): 44大村神社
サクラとして親しまれる。
JR駅からバスで「大村市役所」下車、徒歩約10分
1-34-34
1...

[✗ NO MATCH] sim=0% (top=29%)
  Web(21): 【大牟田駅】
深松駅長
Googlemap...
  Best PDF candidate (29%): 駅
駅
熊本県
GRAERS...

[✗ NO MATCH] sim=0% (top=17%)
  Web(88): 特別御朱印
(1000円)
トップページ|きっぷのご案内|特別御朱印特別御朱印帳御朱印をめぐる参加寺社一覧|よくあるご質...
  Best PDF candidate (17%): 58八坂神
1-1000Ch
|JR駅から徒歩約15分
大分
市...

[✗ NO MATCH] sim=0% (top=22%)
  Web(21): 特別御朱印書きと書置き両方(1,000円)...
  Best PDF candidate (22%): 2.1(+)
10.31(+)...

[✗ NO MATCH] sim=0% (top=17%)
  Web(33): 月替わり御朱印直書きと書置き両方(半面500円・全面1,000円)...
  Best PDF candidate (17%): 詳しくはこちら
024000...

[✗ NO MATCH] sim=0% (top=25%)
  Web(157): おおむたじんじゃ
32大牟田神社
1538年、庄屋と村人が御神体と遭遇、鎮守神としてお祀りしたことが創立の基とされている...
  Best PDF candidate (25%): 44大村神社
サクラとして親しまれる。
JR駅からバスで「大村市役所」下車、徒歩約10分
1-34-34
1...

[✗ NO MATCH] sim=0% (top=18%)
  Web(91): 住所:福岡県大牟田市本町1-2-22
電話:0944-52-5090
初穂料特別御朱印1,000円御朱印月替わり600~...
  Best PDF candidate (18%): |41福石観音清
だ
さて
JR
24-5
よるに写
100
はイメージです。...

[✗ NO MATCH] sim=0% (top=22%)
  Web(23): 月替わり御朱印
書置き(600~1,200円)...
  Best PDF candidate (22%): 詳しくはこちら
024000...

[✗ NO MATCH] sim=0% (top=10%)
  Web(49): Copyright©KyushuRailwayCompany.AllRightsReserved....
  Best PDF candidate (10%): 駅
駅
熊本県
GRAERS...

=== match_paragraphs called: Web=131, PDF=94 ===

[✗ NO MATCH] sim=0% (top=15%)
  Web(55): JRトップページ|きっぷのご案内|特別御朱印・特別御朱印帳御朱印をめぐる|参加寺社一覧|よくあるご質問
JRU...
  Best PDF candidate (15%): 33八坂神社
12
により
であるが奉納される。
JRから徒歩約15分
1-867...

[✗ NO MATCH] sim=0% (top=21%)
  Web(34): 参加寺社一覧
大分
福岡
/特別
【御朱印
長崎
熊本
鹿児島
宮崎...
  Best PDF candidate (21%): 59五所神社
JR駅から徒歩約10分
194
いる。
感じるが
駅...

[✗ NO MATCH] sim=0% (top=24%)
  Web(147): 1甲宗八幡宮
西暦860年に創建。中世には源平両氏や足利将軍などに「関の守護「神」として崇敬された。近代に入り、発展を遂...
  Best PDF candidate (24%): 05正八幡宮
としてを深めている。
JR駅から徒歩約5分
-1
る人々...

[✗ NO MATCH] sim=0% (top=15%)
  Web(95): 住所:福岡県北九州市門司区旧門司1-7-18
電話:093-321-0944
初穂料特別御朱印1,000円御朱印200円...
  Best PDF candidate (15%): は
ください
などに「関の守
としてきた。
約12分
1-7-18
01甲八幡宮
に
詳しくはこちら...

[✗ NO MATCH] sim=0% (top=16%)
  Web(67): JRトップページ|きっぷのご案内|特別御朱印・特別御朱印帳御朱印をめぐる|参加寺社一覧よくあるご質問
特別御朱印
御朱印...
  Best PDF candidate (16%): 駅長がおすすめする寺社を紹介!
[九州...

[✗ NO MATCH] sim=0% (top=20%)
  Web(262): めかりじんじゃ2和布刈神社
九州最北端に鎮座する神社。約1800年前、神功(じんぐう)皇后が三韓征伐に勝利したことから創...
  Best PDF candidate (20%): 44大村神社
サクラとして親しまれる。
JR駅からバスで「大村市役所」下車、徒歩約10分
1-34-34
1...

[✗ NO MATCH] sim=0% (top=18%)
  Web(22): 御朱印
直書きと書置き両方通年版(500円)...
  Best PDF candidate (18%): [特別あり]
2003年...

[✗ NO MATCH] sim=0% (top=12%)
  Web(50): JRトップページ|きっぷのご案内|特別御朱印・特別御朱印帳御朱印をめぐる|参加寺社一覧よくあるご質問...
  Best PDF candidate (12%): 71神社
に囲まれた方は、気
JR駅から徒歩約20分
をはじめ、
があるとされている。
1329
ただます...

[✗ NO MATCH] sim=0% (top=18%)
  Web(26): JR九州
御朱印
直書きと書置き両方季節(500円)...
  Best PDF candidate (18%): |41福石観音清
だ
さて
JR
24-5
よるに写
100
はイメージです。...

[✗ NO MATCH] sim=0% (top=33%)
  Web(122): 3小倉祗園八坂神社
豊前小倉藩初代藩主細川忠興公により、1617年に創建。小倉の守護神として、人々の崇拝を集めてきた。1...
  Best PDF candidate (33%): 04小倉祗園八坂神社
1
しみを込めて」とも呼ばれている。
JR西小倉駅から徒歩5分
2-2...

[✗ NO MATCH] sim=0% (top=27%)
  Web(100): 住所:福岡県北九州市小倉北区城内2-2
電話:093-561-0753
初穂料特別御朱印1,000円御朱印500円御朱印...
  Best PDF candidate (27%): 58八坂神
1-1000Ch
|JR駅から徒歩約15分
大分
市...

[✗ NO MATCH] sim=0% (top=27%)
  Web(157): 4菅原神社
菅原道真公をお祀りする神社。創建は約1100年前の平安時代に遡り、古くから小倉府内(城下町)の氏神として、学...
  Best PDF candidate (27%): 03菅原神社
りすの時代古くから下町神として、などの集めている
JRレール駅徒歩町1-6
JR...

[✗ NO MATCH] sim=0% (top=17%)
  Web(81): 住所:福岡県北九州市小倉北区古船場町1-6RE:093-521-9421
初穂料特別御朱印500円御朱印500円御朱印対...
  Best PDF candidate (17%): |41福石観音清
だ
さて
JR
24-5
よるに写
100
はイメージです。...

[✗ NO MATCH] sim=0% (top=20%)
  Web(289): しょうはちまんぐう5正八幡宮
860年に建立された正八幡宮は、古来より地上に生きとし生ける人々の平安と幸福を「みちびく勝...
  Best PDF candidate (20%): 05正八幡宮
としてを深めている。
JR駅から徒歩約5分
-1
る人々...

[✗ NO MATCH] sim=0% (top=23%)
  Web(228): ふうじはちまんぐう
6風治八幡宮
古くは伊田大神と称し1200年以上の歴史を誇る。神功(じんぐう)皇后や伝教大師(最澄)...
  Best PDF candidate (23%): 06風治八幡宮
どの
JR田川伊田駅から徒歩約1分
2-30
えられる。...

[✗ NO MATCH] sim=0% (top=22%)
  Web(22): 【田川後藤寺駅】伊福駅長
Googlemap...
  Best PDF candidate (22%): 駅
駅
熊本県
GRAERS...

[✗ NO MATCH] sim=0% (top=23%)
  Web(21): 御朱印
書き(1500円2800円)
幡宮...
  Best PDF candidate (23%): 詳しくはこちら
024000...

[✗ NO MATCH] sim=0% (top=17%)
  Web(343): JRトップページ|きっぷのご案内|特別御朱印・特別御朱印帳御朱印をめぐる|
御朱印
正式名は平等寺だが、地元では炭坑寺院...
  Best PDF candidate (17%): 07平等寺(三井寺)
JR川駅から徒歩約15分福岡県田川市伊田2704-1...

[✗ NO MATCH] sim=0% (top=21%)
  Web(24): 御朱印
書きと書置き両方半面500円
800円)...
  Best PDF candidate (21%): 詳しくはこちら
024000...

[✗ NO MATCH] sim=0% (top=25%)
  Web(162): かすがじんじゃ8春日神社
775年、弓削大神に合祀され、2025年には鎮座1250年を迎える歴史ある神社。毎年5月下旬に...
  Best PDF candidate (25%): 08春日神社7750
JR田川後藤寺駅から徒歩約8分]
市町6-13
では、
畏神冰...

[✗ NO MATCH] sim=0% (top=11%)
  Web(191): JRトップページ|きっぷのご案内|特別御朱印・特別御朱印帳御朱印をめぐる|参加寺社一覧|
御朱印対応時間:9:30~16...
  Best PDF candidate (11%): JR九州の駅長がおすすめする九州の寺社
九州
寺社めぐり2025年2月1日(土)~10月31日(金)
九州には日本に伝わ...

[✗ NO MATCH] sim=0% (top=16%)
  Web(23): 御朱印シマエナガ直書きと書置き両方(800円)...
  Best PDF candidate (16%): 2.1(+)
10.31(+)...

[✗ NO MATCH] sim=0% (top=25%)
  Web(136): たがじんじゃ9多賀神社
寿命の神、鎮魂厄除けの神として名高い伊邪那岐(いざなぎ)伊邪那美(いざなみ)二柱の大神を祀る神社...
  Best PDF candidate (25%): 二日市八幡宮
神として
されていちょう)に
とされ、すると一面を上げる。
JR二日市駅から徒歩約5分
3-6-35...

[✗ NO MATCH] sim=0% (top=18%)
  Web(71): 住所:福岡県直方市直方701
電話:0942-22-0125
初穂料特別御朱印1,000円御朱印500円
御朱印対応時間...
  Best PDF candidate (18%): |41福石観音清
だ
さて
JR
24-5
よるに写
100
はイメージです。...

[✗ NO MATCH] sim=0% (top=20%)
  Web(91): JRトップページ|きっぷのご案内|特別御朱印・特別御朱印帳御朱印をめぐる|参加寺社一覧|よくあるご質問
置き(500円)...
  Best PDF candidate (20%): |41福石観音清
だ
さて
JR
24-5
よるに写
100
はイメージです。...

[✗ NO MATCH] sim=0% (top=20%)
  Web(241): 10皇祖神社
1508年(永正5年)に建立され、長らく地域で愛されてきた。境内には竜神が登ったとされる良い伝えがあるため...
  Best PDF candidate (20%): 高城神社
れた。
として、現在も多くの参拝者がある。
駅から徒歩約7分...

[✗ NO MATCH] sim=0% (top=29%)
  Web(21): 【新飯塚駅】
緒方駅長
Googlemap...
  Best PDF candidate (29%): 駅
駅
熊本県
GRAERS...

[✗ NO MATCH] sim=0% (top=17%)
  Web(94): 令和年月日皇祖神社
JRトップページ|きっぷのご案内|特別御朱印・特別御朱印帳|御朱印をめぐる|参加寺社一覧|よくあるご...
  Best PDF candidate (17%): 16日神社
したのがされる
現在では「人生における
JR「学校下車徒歩8分
九州市八幡
「あり」...

[✗ NO MATCH] sim=0% (top=23%)
  Web(115): 11祖八幡宮
延文4年(1359年)に建立され、飯塚の総鎮守として親しまれている。特別御朱印は飯塚の原風景「ボタ山とSL...
  Best PDF candidate (23%): 鍵相八幡宮
しまれている。記したもの
JR駅から徒歩約5分2-3...

[✗ NO MATCH] sim=0% (top=29%)
  Web(21): 【新飯塚駅】
緒方駅長
Googlemap...
  Best PDF candidate (29%): 駅
駅
熊本県
GRAERS...

[✗ NO MATCH] sim=0% (top=27%)
  Web(94): 住所:福岡県飯塚市宮町2-3電話:0948-22-0511
初穂料特別御朱印500円御朱印500円
御朱印対応時間:9:...
  Best PDF candidate (27%): 58八坂神
1-1000Ch
|JR駅から徒歩約15分
大分
市...

[✗ NO MATCH] sim=0% (top=23%)
  Web(122): 12豊山八幡神社
「八幡」の地名発祥の地としても知られる八幡の総鎮守。2023年に創建1400年を迎えた。JR九州とのコ...
  Best PDF candidate (23%): |登山八幡神社
としても知られる
JR八幡駅から徒歩約5分
市東区の町4-4-1...

[✗ NO MATCH] sim=0% (top=29%)
  Web(20): 【黒崎駅】
渕上駅長
Googleman...
  Best PDF candidate (29%): 駅
駅
熊本県
GRAERS...

[✗ NO MATCH] sim=0% (top=13%)
  Web(169): JRトップページ|きっぷのご案内|特別御朱印・特別御朱印帳御朱印をめぐる|参加寺社一覧よくあるご質問
初穂料特別御朱印5...
  Best PDF candidate (13%): |登山八幡神社
としても知られる
JR八幡駅から徒歩約5分
市東区の町4-4-1...

[✗ NO MATCH] sim=0% (top=22%)
  Web(151): 【特別
御朱印
13春日神社
古来より黒崎・折尾地区の守り神として信仰を集めてきた古社。福岡藩祖黒田長政より篤い崇敬を受...
  Best PDF candidate (22%): 33八坂神社
12
により
であるが奉納される。
JRから徒歩約15分
1-867...

[✗ NO MATCH] sim=0% (top=15%)
  Web(104): 住所:福岡県北九州市八幡西区藤田1-10-44電話:093-631-2152
初穂料特別御朱印1,000円御朱印1,00...
  Best PDF candidate (15%): 58八坂神
1-1000Ch
|JR駅から徒歩約15分
大分
市...

[✗ NO MATCH] sim=0% (top=29%)
  Web(23): 田日神神社社
特別御朱印
書き(1,000円)...
  Best PDF candidate (29%): [特別あり]
2003年...

[✗ NO MATCH] sim=0% (top=13%)
  Web(337): JRトップページ|きっぷのご案内|特別御朱印・特別御朱印帳御朱印をめぐる|参加社一覧|よくあるご質問
御朱印
古事記日本...
  Best PDF candidate (13%): 23十日恵比須神社
「えび
では、並び、全国からも
多くの人がれる
なん
JR駅から徒歩約5分
7-1...

[✗ NO MATCH] sim=0% (top=29%)
  Web(22): 特別御朱印
書きと書置き両方(1,000円)...
  Best PDF candidate (29%): [特別あり]
2003年...

[✗ NO MATCH] sim=0% (top=31%)
  Web(117): いちのみやじんじゃ15一宮神社
勝運のご利益で崇敬を集める神社で、「岡田の宮」の本宮と伝えられる。黒崎地区の岡田宮、春日...
  Best PDF candidate (31%): 15一宮神社
運のご利益を伝えられ
されている。
JR駅から徒歩約15分
区山町12-36...

[✗ NO MATCH] sim=0% (top=24%)
  Web(22): 住所:福岡県北九州市八幡西区山寺町12-36...
  Best PDF candidate (24%): 15一宮神社
運のご利益を伝えられ
されている。
JR駅から徒歩約15分
区山町12-36...

[✗ NO MATCH] sim=0% (top=13%)
  Web(102): JRトップページ|きっぷのご案内|特別御朱印・特別御朱印帳|御朱印をめぐる|参加寺社一覧|よくあるご質問
※御朱印は複数...
  Best PDF candidate (13%): 30水田天満宮
神社である本があり
JR歩約20分
しまれているとした...

[✗ NO MATCH] sim=0% (top=29%)
  Web(127): ひのみねじんじゃ16日峯神社
隠岐島の焼火神社から大日霊貴命(おおひるめのむちのみこと)を日峯山に勧請したのが創祀とされ...
  Best PDF candidate (29%): 16日神社
したのがされる
現在では「人生における
JR「学校下車徒歩8分
九州市八幡
「あり」...

[✓ MATCHED] sim=55% (top=55%)
  Web(30): 最寄り駅JR折尾駅からバスで「浅川小学校前」下車、徒歩約8分...
  PDF: 17寺
JR東駅からバスで「宗像大社前」下車徒歩約17分
日本で...

[✗ NO MATCH] sim=0% (top=14%)
  Web(111): 住所:福岡県北九州市八幡西区浅川日の峯1-8-8
電話:093-603-1775
初穂料特別御朱印1,000円御朱印50...
  Best PDF candidate (14%): 58八坂神
1-1000Ch
|JR駅から徒歩約15分
大分
市...

[✗ NO MATCH] sim=0% (top=21%)
  Web(227): JRトップページ|きっぷのご案内|特別御朱印・特別御朱印帳御朱印をめぐる|参加寺社一覧|よくあるご質問
の真言宗の寺院。...
  Best PDF candidate (21%): 44大村神社
サクラとして親しまれる。
JR駅からバスで「大村市役所」下車、徒歩約10分
1-34-34
1...

[✗ NO MATCH] sim=0% (top=14%)
  Web(316): 18宮地嶽神社
北部九州に居住した海人族の長神と神功皇后を祀る1800年の歴史あある神社。13個の巨石遺跡や大注連縄、日...
  Best PDF candidate (14%): 29全国総本宮水天宮
す
としてまたどることでも知られる。
JR久留米駅から徒歩約10分
福岡県久留米市瀬下町265-1...

[✗ NO MATCH] sim=0% (top=17%)
  Web(33): a
御朱印
直書きと書置き両方
(直書き800円、書置き500円)...
  Best PDF candidate (17%): 詳しくはこちら
024000...

[✗ NO MATCH] sim=0% (top=21%)
  Web(230): 19香椎宮
香椎宮は200年に神功(じんぐう)皇后が、夫の神霊をお祀りしたことが起源。神功皇后の宮は724年に竣工。この...
  Best PDF candidate (21%): 19香椎宮
JR香椎神宮駅から徒歩約4分
4-16-1...

[✗ NO MATCH] sim=0% (top=13%)
  Web(95): 令和六年一月
JRトップページ|きっぷのご案内|特別御朱印・特別御朱印帳御朱印をめぐる|参加寺社一覧|よくあるご質問
御...
  Best PDF candidate (13%): 58八坂神
1-1000Ch
|JR駅から徒歩約15分
大分
市...

[✗ NO MATCH] sim=0% (top=22%)
  Web(243): 20宇美八幡宮
神功(じんぐう)皇后が應神(おうじん)天皇を御出産された聖地【産み=宇美】安産・育児の「子安大神」と称さ...
  Best PDF candidate (22%): 二日市八幡宮
神として
されていちょう)に
とされ、すると一面を上げる。
JR二日市駅から徒歩約5分
3-6-35...

[✗ NO MATCH] sim=0% (top=29%)
  Web(20): 【香椎駅】
大嶋駅長
Googlemap...
  Best PDF candidate (29%): 駅
駅
熊本県
GRAERS...

[✗ NO MATCH] sim=0% (top=20%)
  Web(256): ふだらくじ21補陀洛寺
御本尊の十一面観世音菩薩は、特に病気平癒・安産除災招福の御利益があるといわれている。篠栗四国霊場...
  Best PDF candidate (20%): 補陀洛寺
キー・
としてのシーズンが訪れる。
JR歩約3分
-12-40...

[✗ NO MATCH] sim=0% (top=30%)
  Web(145): 22筥崎宮
宇佐石清水両宮と並ぶ日本三大八幡宮のひとつ。厄除勝運の神としても有名で地元プロスポーツチームも必勝祈願に訪れ...
  Best PDF candidate (30%): 22崎宮
としても有名で地元プ
JR駅から徒歩約8分1-22-1
運の神
1...

[✗ NO MATCH] sim=0% (top=16%)
  Web(103): 住所:福岡県福岡市東区箱崎1-22-1
電話:092-641-7431
初穂料特別御朱印500円御朱印500円御朱印対応...
  Best PDF candidate (16%): は
ください
などに「関の守
としてきた。
約12分
1-7-18
01甲八幡宮
に
詳しくはこちら...

[✗ NO MATCH] sim=0% (top=16%)
  Web(66): JRトップページ|きっぷのご案内|特別御朱印・特別御朱印帳|御朱印をめぐる|参加寺社一覧|よくあるご質問
令和元年五月一...
  Best PDF candidate (16%): 駅長がおすすめする寺社を紹介!
[九州...

[✓ MATCHED] sim=41% (top=41%)
  Web(118): とおかえびすじんじゃ23十日恵比須神社
福の神と称される「えびす様」と「だいこく様」をお祀りする神社。正月大祭では、隣接...
  PDF: 23十日恵比須神社
「えび
では、並び、全国からも
多くの人がれる
なん
JR駅から徒歩約5分
7-1...

[✗ NO MATCH] sim=0% (top=29%)
  Web(20): 【博多駅】
加藤駅長
Googlemap...
  Best PDF candidate (29%): 駅
駅
熊本県
GRAERS...

[✗ NO MATCH] sim=0% (top=23%)
  Web(124): 住所:福岡県福岡市博多区東公園7-1
電話:092-651-1563
初穂料特別御朱印1,000円御朱印500円御朱印対...
  Best PDF candidate (23%): 58八坂神
1-1000Ch
|JR駅から徒歩約15分
大分
市...

[✗ NO MATCH] sim=0% (top=14%)
  Web(263): ちくぜんのくにいちのみやすみよしじんじゃ
24筑前國一之宮住吉神社
航海安全・心身清浄の御神徳として信仰を集める神社。ま...
  Best PDF candidate (14%): 15一宮神社
運のご利益を伝えられ
されている。
JR駅から徒歩約15分
区山町12-36...

[✗ NO MATCH] sim=0% (top=19%)
  Web(110): 25太郎丸神社
火災で全焼しても落ちなかった「落ちない鈴」の太郎丸神社。高校大学受験、資格試験就職試験などの受験生が祈願...
  Best PDF candidate (19%): 05正八幡宮
としてを深めている。
JR駅から徒歩約5分
-1
る人々...

[✓ MATCHED] sim=42% (top=42%)
  Web(46): JR九大学研都市駅からバスで「たろう保育園前」下車、徒歩約6分
最寄り駅
Googlemap...
  PDF: 49神社
JR駅からバスで「ロープウェイ前下車、徒歩すぐ
-...

[✗ NO MATCH] sim=0% (top=12%)
  Web(92): 住所福岡県福岡市西区太郎丸2-7-10
電話:090-5735-2695
初穂料特別御朱印1,000円御朱印500円
御...
  Best PDF candidate (12%): 07平等寺(三井寺)
JR川駅から徒歩約15分福岡県田川市伊田2704-1...

[✗ NO MATCH] sim=0% (top=17%)
  Web(105): JRトップページ|きっぷのご案内|特別御朱印・特別御朱印帳御朱印をめぐる|参加寺社一覧よくあるご質問
神社
御朱印
(5...
  Best PDF candidate (17%): 2神社
紀元前と伝えられており、
00
日本。
JR
083-1
社...

[✗ NO MATCH] sim=0% (top=16%)
  Web(113): さくらいじんじゃ26櫻井神社
1632年に福岡藩二代藩主・黒田忠之公が岩戸に出現した神様を祀るために櫻井神社を造営。社殿...
  Best PDF candidate (16%): 2神社
紀元前と伝えられており、
00
日本。
JR
083-1
社...

[✗ NO MATCH] sim=0% (top=23%)
  Web(21): 【筑前前原駅】鹿島駅長
Googlemap...
  Best PDF candidate (23%): 駅
駅
熊本県
GRAERS...

[✗ NO MATCH] sim=0% (top=30%)
  Web(111): 最寄り駅JR筑前前原駅からバスで「桜井」下車、徒歩約10分
住所:福岡県糸島市志摩桜井4227
電話:092-327-0...
  Best PDF candidate (30%): 44大村神社
サクラとして親しまれる。
JR駅からバスで「大村市役所」下車、徒歩約10分
1-34-34
1...

[✗ NO MATCH] sim=0% (top=15%)
  Web(288): JRトップページ|きっぷのご案内|特別御朱印・特別御朱印帳御朱印をめぐる|参加寺社一覧|よくあるご質問
本場の観音像は鎌...
  Best PDF candidate (15%): 44大村神社
サクラとして親しまれる。
JR駅からバスで「大村市役所」下車、徒歩約10分
1-34-34
1...

[✗ NO MATCH] sim=0% (top=26%)
  Web(324): ふつかいちはちまんぐう28二日市八幡宮
御鎮座1500年を越える神社で、縁結び安産開運の神として尊されている。御神木の公...
  Best PDF candidate (26%): 二日市八幡宮
神として
されていちょう)に
とされ、すると一面を上げる。
JR二日市駅から徒歩約5分
3-6-35...

[✗ NO MATCH] sim=0% (top=32%)
  Web(117): ぜんこくそうほんぐうすいてんぐう29全国総本宮水天宮
筑後川の河畔に鎮座する全国の水天宮の総本宮。農業、漁業、航海業者か...
  Best PDF candidate (32%): 29全国総本宮水天宮
す
としてまたどることでも知られる。
JR久留米駅から徒歩約10分
福岡県久留米市瀬下町265-1...

[✗ NO MATCH] sim=0% (top=29%)
  Web(21): 【久留米駅】
城戸駅長
Googlemap...
  Best PDF candidate (29%): 駅
駅
熊本県
GRAERS...

[✗ NO MATCH] sim=0% (top=28%)
  Web(89): 住所:福岡県久留米市瀬下町265-1
電話:0942-32-3207
初穂料御朱印500円御朱印対応時間:9:00~16...
  Best PDF candidate (28%): 58八坂神
1-1000Ch
|JR駅から徒歩約15分
大分
市...

[✗ NO MATCH] sim=0% (top=20%)
  Web(28): 瓜和六年十月八日
直書きと書置き両方(500円)
御朱印...
  Best PDF candidate (20%): 40亀山八幡宮
として
JR歩約35分
として...

[✗ NO MATCH] sim=0% (top=16%)
  Web(209): みずたてんまんぐう
30水田天満宮
JR
最寄り駅
住所:福岡県筑後市水田62-1
電話:0942-53-8625
初穂...
  Best PDF candidate (16%): 30水田天満宮
神社である本があり
JR歩約20分
しまれているとした...

[✗ NO MATCH] sim=0% (top=20%)
  Web(25): |御朱印
直書きと書置き両方(500円)
恋木神社...
  Best PDF candidate (20%): 2神社
紀元前と伝えられており、
00
日本。
JR
083-1
社...

[✗ NO MATCH] sim=0% (top=22%)
  Web(25): ˙恋木神社
御朱印
直書きと書置き両方(500円)...
  Best PDF candidate (22%): 10神社
したがる。
JR駅約5分
ためら...

[✗ NO MATCH] sim=0% (top=18%)
  Web(272): しものしょうはちまんじんじゃ31下庄八幡神社
2031年に御鎮座900年を迎える神社。長きに渡り、勝運、安産、子供守護の...
  Best PDF candidate (18%): 31下庄八幡神社
2011年、子供
ごじょう)の本
JR駅から徒歩約15分
高町下庄1397...

[✗ NO MATCH] sim=0% (top=24%)
  Web(20): 特別御朱印
と書置き両方(1,000円)...
  Best PDF candidate (24%): 詳しくはこちら
024000...

[✗ NO MATCH] sim=0% (top=21%)
  Web(34): 月替わり御朱印
直書きと書置き両方(半面500円・全面1,000円)...
  Best PDF candidate (21%): 詳しくはこちら
024000...

[✗ NO MATCH] sim=0% (top=23%)
  Web(227): 32大牟田神社
1538年、庄屋と村人が御神体と遭遇、鎮守神としてお祀りしたことが創立の基とされている。1640年頃に祇...
  Best PDF candidate (23%): 44大村神社
サクラとして親しまれる。
JR駅からバスで「大村市役所」下車、徒歩約10分
1-34-34
1...

[✗ NO MATCH] sim=0% (top=29%)
  Web(21): 【大牟田駅】
深松駅長
Googlemap...
  Best PDF candidate (29%): 駅
駅
熊本県
GRAERS...

[✗ NO MATCH] sim=0% (top=17%)
  Web(88): 特別御朱印
(1000円)
トップページ|きっぷのご案内|特別御朱印特別御朱印帳御朱印をめぐる参加寺社一覧|よくあるご質...
  Best PDF candidate (17%): 58八坂神
1-1000Ch
|JR駅から徒歩約15分
大分
市...

[✗ NO MATCH] sim=0% (top=22%)
  Web(21): 特別御朱印書きと書置き両方(1,000円)...
  Best PDF candidate (22%): 2.1(+)
10.31(+)...

[✗ NO MATCH] sim=0% (top=17%)
  Web(33): 月替わり御朱印直書きと書置き両方(半面500円・全面1,000円)...
  Best PDF candidate (17%): 詳しくはこちら
024000...

[✗ NO MATCH] sim=0% (top=25%)
  Web(157): おおむたじんじゃ
32大牟田神社
1538年、庄屋と村人が御神体と遭遇、鎮守神としてお祀りしたことが創立の基とされている...
  Best PDF candidate (25%): 44大村神社
サクラとして親しまれる。
JR駅からバスで「大村市役所」下車、徒歩約10分
1-34-34
1...

[✗ NO MATCH] sim=0% (top=18%)
  Web(91): 住所:福岡県大牟田市本町1-2-22
電話:0944-52-5090
初穂料特別御朱印1,000円御朱印月替わり600~...
  Best PDF candidate (18%): |41福石観音清
だ
さて
JR
24-5
よるに写
100
はイメージです。...

[✗ NO MATCH] sim=0% (top=22%)
  Web(23): 月替わり御朱印
書置き(600~1,200円)...
  Best PDF candidate (22%): 詳しくはこちら
024000...

[✗ NO MATCH] sim=0% (top=10%)
  Web(49): Copyright©KyushuRailwayCompany.AllRightsReserved....
  Best PDF candidate (10%): 駅
駅
熊本県
GRAERS...

=== match_paragraphs called: Web=131, PDF=94 ===

[✗ NO MATCH] sim=0% (top=15%)
  Web(55): JRトップページ|きっぷのご案内|特別御朱印・特別御朱印帳御朱印をめぐる|参加寺社一覧|よくあるご質問
JRU...
  Best PDF candidate (15%): 33八坂神社
12
により
であるが奉納される。
JRから徒歩約15分
1-867...

[✗ NO MATCH] sim=0% (top=21%)
  Web(34): 参加寺社一覧
大分
福岡
/特別
【御朱印
長崎
熊本
鹿児島
宮崎...
  Best PDF candidate (21%): 59五所神社
JR駅から徒歩約10分
194
いる。
感じるが
駅...

[✗ NO MATCH] sim=0% (top=24%)
  Web(147): 1甲宗八幡宮
西暦860年に創建。中世には源平両氏や足利将軍などに「関の守護「神」として崇敬された。近代に入り、発展を遂...
  Best PDF candidate (24%): 05正八幡宮
としてを深めている。
JR駅から徒歩約5分
-1
る人々...

[✗ NO MATCH] sim=0% (top=15%)
  Web(95): 住所:福岡県北九州市門司区旧門司1-7-18
電話:093-321-0944
初穂料特別御朱印1,000円御朱印200円...
  Best PDF candidate (15%): は
ください
などに「関の守
としてきた。
約12分
1-7-18
01甲八幡宮
に
詳しくはこちら...

[✗ NO MATCH] sim=0% (top=16%)
  Web(67): JRトップページ|きっぷのご案内|特別御朱印・特別御朱印帳御朱印をめぐる|参加寺社一覧よくあるご質問
特別御朱印
御朱印...
  Best PDF candidate (16%): 駅長がおすすめする寺社を紹介!
[九州...

[✗ NO MATCH] sim=0% (top=20%)
  Web(262): めかりじんじゃ2和布刈神社
九州最北端に鎮座する神社。約1800年前、神功(じんぐう)皇后が三韓征伐に勝利したことから創...
  Best PDF candidate (20%): 44大村神社
サクラとして親しまれる。
JR駅からバスで「大村市役所」下車、徒歩約10分
1-34-34
1...

[✗ NO MATCH] sim=0% (top=18%)
  Web(22): 御朱印
直書きと書置き両方通年版(500円)...
  Best PDF candidate (18%): [特別あり]
2003年...

[✗ NO MATCH] sim=0% (top=12%)
  Web(50): JRトップページ|きっぷのご案内|特別御朱印・特別御朱印帳御朱印をめぐる|参加寺社一覧よくあるご質問...
  Best PDF candidate (12%): 71神社
に囲まれた方は、気
JR駅から徒歩約20分
をはじめ、
があるとされている。
1329
ただます...

[✗ NO MATCH] sim=0% (top=18%)
  Web(26): JR九州
御朱印
直書きと書置き両方季節(500円)...
  Best PDF candidate (18%): |41福石観音清
だ
さて
JR
24-5
よるに写
100
はイメージです。...

[✗ NO MATCH] sim=0% (top=33%)
  Web(122): 3小倉祗園八坂神社
豊前小倉藩初代藩主細川忠興公により、1617年に創建。小倉の守護神として、人々の崇拝を集めてきた。1...
  Best PDF candidate (33%): 04小倉祗園八坂神社
1
しみを込めて」とも呼ばれている。
JR西小倉駅から徒歩5分
2-2...

[✗ NO MATCH] sim=0% (top=27%)
  Web(100): 住所:福岡県北九州市小倉北区城内2-2
電話:093-561-0753
初穂料特別御朱印1,000円御朱印500円御朱印...
  Best PDF candidate (27%): 58八坂神
1-1000Ch
|JR駅から徒歩約15分
大分
市...

[✗ NO MATCH] sim=0% (top=27%)
  Web(157): 4菅原神社
菅原道真公をお祀りする神社。創建は約1100年前の平安時代に遡り、古くから小倉府内(城下町)の氏神として、学...
  Best PDF candidate (27%): 03菅原神社
りすの時代古くから下町神として、などの集めている
JRレール駅徒歩町1-6
JR...

[✗ NO MATCH] sim=0% (top=17%)
  Web(81): 住所:福岡県北九州市小倉北区古船場町1-6RE:093-521-9421
初穂料特別御朱印500円御朱印500円御朱印対...
  Best PDF candidate (17%): |41福石観音清
だ
さて
JR
24-5
よるに写
100
はイメージです。...

[✗ NO MATCH] sim=0% (top=20%)
  Web(289): しょうはちまんぐう5正八幡宮
860年に建立された正八幡宮は、古来より地上に生きとし生ける人々の平安と幸福を「みちびく勝...
  Best PDF candidate (20%): 05正八幡宮
としてを深めている。
JR駅から徒歩約5分
-1
る人々...

[✗ NO MATCH] sim=0% (top=23%)
  Web(228): ふうじはちまんぐう
6風治八幡宮
古くは伊田大神と称し1200年以上の歴史を誇る。神功(じんぐう)皇后や伝教大師(最澄)...
  Best PDF candidate (23%): 06風治八幡宮
どの
JR田川伊田駅から徒歩約1分
2-30
えられる。...

[✗ NO MATCH] sim=0% (top=22%)
  Web(22): 【田川後藤寺駅】伊福駅長
Googlemap...
  Best PDF candidate (22%): 駅
駅
熊本県
GRAERS...

[✗ NO MATCH] sim=0% (top=23%)
  Web(21): 御朱印
書き(1500円2800円)
幡宮...
  Best PDF candidate (23%): 詳しくはこちら
024000...

[✗ NO MATCH] sim=0% (top=17%)
  Web(343): JRトップページ|きっぷのご案内|特別御朱印・特別御朱印帳御朱印をめぐる|
御朱印
正式名は平等寺だが、地元では炭坑寺院...
  Best PDF candidate (17%): 07平等寺(三井寺)
JR川駅から徒歩約15分福岡県田川市伊田2704-1...

[✗ NO MATCH] sim=0% (top=21%)
  Web(24): 御朱印
書きと書置き両方半面500円
800円)...
  Best PDF candidate (21%): 詳しくはこちら
024000...

[✗ NO MATCH] sim=0% (top=25%)
  Web(162): かすがじんじゃ8春日神社
775年、弓削大神に合祀され、2025年には鎮座1250年を迎える歴史ある神社。毎年5月下旬に...
  Best PDF candidate (25%): 08春日神社7750
JR田川後藤寺駅から徒歩約8分]
市町6-13
では、
畏神冰...

[✗ NO MATCH] sim=0% (top=11%)
  Web(191): JRトップページ|きっぷのご案内|特別御朱印・特別御朱印帳御朱印をめぐる|参加寺社一覧|
御朱印対応時間:9:30~16...
  Best PDF candidate (11%): JR九州の駅長がおすすめする九州の寺社
九州
寺社めぐり2025年2月1日(土)~10月31日(金)
九州には日本に伝わ...

[✗ NO MATCH] sim=0% (top=16%)
  Web(23): 御朱印シマエナガ直書きと書置き両方(800円)...
  Best PDF candidate (16%): 2.1(+)
10.31(+)...

[✗ NO MATCH] sim=0% (top=25%)
  Web(136): たがじんじゃ9多賀神社
寿命の神、鎮魂厄除けの神として名高い伊邪那岐(いざなぎ)伊邪那美(いざなみ)二柱の大神を祀る神社...
  Best PDF candidate (25%): 二日市八幡宮
神として
されていちょう)に
とされ、すると一面を上げる。
JR二日市駅から徒歩約5分
3-6-35...

[✗ NO MATCH] sim=0% (top=18%)
  Web(71): 住所:福岡県直方市直方701
電話:0942-22-0125
初穂料特別御朱印1,000円御朱印500円
御朱印対応時間...
  Best PDF candidate (18%): |41福石観音清
だ
さて
JR
24-5
よるに写
100
はイメージです。...

[✗ NO MATCH] sim=0% (top=20%)
  Web(91): JRトップページ|きっぷのご案内|特別御朱印・特別御朱印帳御朱印をめぐる|参加寺社一覧|よくあるご質問
置き(500円)...
  Best PDF candidate (20%): |41福石観音清
だ
さて
JR
24-5
よるに写
100
はイメージです。...

[✗ NO MATCH] sim=0% (top=20%)
  Web(241): 10皇祖神社
1508年(永正5年)に建立され、長らく地域で愛されてきた。境内には竜神が登ったとされる良い伝えがあるため...
  Best PDF candidate (20%): 高城神社
れた。
として、現在も多くの参拝者がある。
駅から徒歩約7分...

[✗ NO MATCH] sim=0% (top=29%)
  Web(21): 【新飯塚駅】
緒方駅長
Googlemap...
  Best PDF candidate (29%): 駅
駅
熊本県
GRAERS...

[✗ NO MATCH] sim=0% (top=17%)
  Web(94): 令和年月日皇祖神社
JRトップページ|きっぷのご案内|特別御朱印・特別御朱印帳|御朱印をめぐる|参加寺社一覧|よくあるご...
  Best PDF candidate (17%): 16日神社
したのがされる
現在では「人生における
JR「学校下車徒歩8分
九州市八幡
「あり」...

[✗ NO MATCH] sim=0% (top=23%)
  Web(115): 11祖八幡宮
延文4年(1359年)に建立され、飯塚の総鎮守として親しまれている。特別御朱印は飯塚の原風景「ボタ山とSL...
  Best PDF candidate (23%): 鍵相八幡宮
しまれている。記したもの
JR駅から徒歩約5分2-3...

[✗ NO MATCH] sim=0% (top=29%)
  Web(21): 【新飯塚駅】
緒方駅長
Googlemap...
  Best PDF candidate (29%): 駅
駅
熊本県
GRAERS...

[✗ NO MATCH] sim=0% (top=27%)
  Web(94): 住所:福岡県飯塚市宮町2-3電話:0948-22-0511
初穂料特別御朱印500円御朱印500円
御朱印対応時間:9:...
  Best PDF candidate (27%): 58八坂神
1-1000Ch
|JR駅から徒歩約15分
大分
市...

[✗ NO MATCH] sim=0% (top=23%)
  Web(122): 12豊山八幡神社
「八幡」の地名発祥の地としても知られる八幡の総鎮守。2023年に創建1400年を迎えた。JR九州とのコ...
  Best PDF candidate (23%): |登山八幡神社
としても知られる
JR八幡駅から徒歩約5分
市東区の町4-4-1...

[✗ NO MATCH] sim=0% (top=29%)
  Web(20): 【黒崎駅】
渕上駅長
Googleman...
  Best PDF candidate (29%): 駅
駅
熊本県
GRAERS...

[✗ NO MATCH] sim=0% (top=13%)
  Web(169): JRトップページ|きっぷのご案内|特別御朱印・特別御朱印帳御朱印をめぐる|参加寺社一覧よくあるご質問
初穂料特別御朱印5...
  Best PDF candidate (13%): |登山八幡神社
としても知られる
JR八幡駅から徒歩約5分
市東区の町4-4-1...

[✗ NO MATCH] sim=0% (top=22%)
  Web(151): 【特別
御朱印
13春日神社
古来より黒崎・折尾地区の守り神として信仰を集めてきた古社。福岡藩祖黒田長政より篤い崇敬を受...
  Best PDF candidate (22%): 33八坂神社
12
により
であるが奉納される。
JRから徒歩約15分
1-867...

[✗ NO MATCH] sim=0% (top=15%)
  Web(104): 住所:福岡県北九州市八幡西区藤田1-10-44電話:093-631-2152
初穂料特別御朱印1,000円御朱印1,00...
  Best PDF candidate (15%): 58八坂神
1-1000Ch
|JR駅から徒歩約15分
大分
市...

[✗ NO MATCH] sim=0% (top=29%)
  Web(23): 田日神神社社
特別御朱印
書き(1,000円)...
  Best PDF candidate (29%): [特別あり]
2003年...

[✗ NO MATCH] sim=0% (top=13%)
  Web(337): JRトップページ|きっぷのご案内|特別御朱印・特別御朱印帳御朱印をめぐる|参加社一覧|よくあるご質問
御朱印
古事記日本...
  Best PDF candidate (13%): 23十日恵比須神社
「えび
では、並び、全国からも
多くの人がれる
なん
JR駅から徒歩約5分
7-1...

[✗ NO MATCH] sim=0% (top=29%)
  Web(22): 特別御朱印
書きと書置き両方(1,000円)...
  Best PDF candidate (29%): [特別あり]
2003年...

[✗ NO MATCH] sim=0% (top=31%)
  Web(117): いちのみやじんじゃ15一宮神社
勝運のご利益で崇敬を集める神社で、「岡田の宮」の本宮と伝えられる。黒崎地区の岡田宮、春日...
  Best PDF candidate (31%): 15一宮神社
運のご利益を伝えられ
されている。
JR駅から徒歩約15分
区山町12-36...

[✗ NO MATCH] sim=0% (top=24%)
  Web(22): 住所:福岡県北九州市八幡西区山寺町12-36...
  Best PDF candidate (24%): 15一宮神社
運のご利益を伝えられ
されている。
JR駅から徒歩約15分
区山町12-36...

[✗ NO MATCH] sim=0% (top=13%)
  Web(102): JRトップページ|きっぷのご案内|特別御朱印・特別御朱印帳|御朱印をめぐる|参加寺社一覧|よくあるご質問
※御朱印は複数...
  Best PDF candidate (13%): 30水田天満宮
神社である本があり
JR歩約20分
しまれているとした...

[✗ NO MATCH] sim=0% (top=29%)
  Web(127): ひのみねじんじゃ16日峯神社
隠岐島の焼火神社から大日霊貴命(おおひるめのむちのみこと)を日峯山に勧請したのが創祀とされ...
  Best PDF candidate (29%): 16日神社
したのがされる
現在では「人生における
JR「学校下車徒歩8分
九州市八幡
「あり」...

[✓ MATCHED] sim=55% (top=55%)
  Web(30): 最寄り駅JR折尾駅からバスで「浅川小学校前」下車、徒歩約8分...
  PDF: 17寺
JR東駅からバスで「宗像大社前」下車徒歩約17分
日本で...

[✗ NO MATCH] sim=0% (top=14%)
  Web(111): 住所:福岡県北九州市八幡西区浅川日の峯1-8-8
電話:093-603-1775
初穂料特別御朱印1,000円御朱印50...
  Best PDF candidate (14%): 58八坂神
1-1000Ch
|JR駅から徒歩約15分
大分
市...

[✗ NO MATCH] sim=0% (top=21%)
  Web(227): JRトップページ|きっぷのご案内|特別御朱印・特別御朱印帳御朱印をめぐる|参加寺社一覧|よくあるご質問
の真言宗の寺院。...
  Best PDF candidate (21%): 44大村神社
サクラとして親しまれる。
JR駅からバスで「大村市役所」下車、徒歩約10分
1-34-34
1...

[✗ NO MATCH] sim=0% (top=14%)
  Web(316): 18宮地嶽神社
北部九州に居住した海人族の長神と神功皇后を祀る1800年の歴史あある神社。13個の巨石遺跡や大注連縄、日...
  Best PDF candidate (14%): 29全国総本宮水天宮
す
としてまたどることでも知られる。
JR久留米駅から徒歩約10分
福岡県久留米市瀬下町265-1...

[✗ NO MATCH] sim=0% (top=17%)
  Web(33): a
御朱印
直書きと書置き両方
(直書き800円、書置き500円)...
  Best PDF candidate (17%): 詳しくはこちら
024000...

[✗ NO MATCH] sim=0% (top=21%)
  Web(230): 19香椎宮
香椎宮は200年に神功(じんぐう)皇后が、夫の神霊をお祀りしたことが起源。神功皇后の宮は724年に竣工。この...
  Best PDF candidate (21%): 19香椎宮
JR香椎神宮駅から徒歩約4分
4-16-1...

[✗ NO MATCH] sim=0% (top=13%)
  Web(95): 令和六年一月
JRトップページ|きっぷのご案内|特別御朱印・特別御朱印帳御朱印をめぐる|参加寺社一覧|よくあるご質問
御...
  Best PDF candidate (13%): 58八坂神
1-1000Ch
|JR駅から徒歩約15分
大分
市...

[✗ NO MATCH] sim=0% (top=22%)
  Web(243): 20宇美八幡宮
神功(じんぐう)皇后が應神(おうじん)天皇を御出産された聖地【産み=宇美】安産・育児の「子安大神」と称さ...
  Best PDF candidate (22%): 二日市八幡宮
神として
されていちょう)に
とされ、すると一面を上げる。
JR二日市駅から徒歩約5分
3-6-35...

[✗ NO MATCH] sim=0% (top=29%)
  Web(20): 【香椎駅】
大嶋駅長
Googlemap...
  Best PDF candidate (29%): 駅
駅
熊本県
GRAERS...

[✗ NO MATCH] sim=0% (top=20%)
  Web(256): ふだらくじ21補陀洛寺
御本尊の十一面観世音菩薩は、特に病気平癒・安産除災招福の御利益があるといわれている。篠栗四国霊場...
  Best PDF candidate (20%): 補陀洛寺
キー・
としてのシーズンが訪れる。
JR歩約3分
-12-40...

[✗ NO MATCH] sim=0% (top=30%)
  Web(145): 22筥崎宮
宇佐石清水両宮と並ぶ日本三大八幡宮のひとつ。厄除勝運の神としても有名で地元プロスポーツチームも必勝祈願に訪れ...
  Best PDF candidate (30%): 22崎宮
としても有名で地元プ
JR駅から徒歩約8分1-22-1
運の神
1...

[✗ NO MATCH] sim=0% (top=16%)
  Web(103): 住所:福岡県福岡市東区箱崎1-22-1
電話:092-641-7431
初穂料特別御朱印500円御朱印500円御朱印対応...
  Best PDF candidate (16%): は
ください
などに「関の守
としてきた。
約12分
1-7-18
01甲八幡宮
に
詳しくはこちら...

[✗ NO MATCH] sim=0% (top=16%)
  Web(66): JRトップページ|きっぷのご案内|特別御朱印・特別御朱印帳|御朱印をめぐる|参加寺社一覧|よくあるご質問
令和元年五月一...
  Best PDF candidate (16%): 駅長がおすすめする寺社を紹介!
[九州...

[✓ MATCHED] sim=41% (top=41%)
  Web(118): とおかえびすじんじゃ23十日恵比須神社
福の神と称される「えびす様」と「だいこく様」をお祀りする神社。正月大祭では、隣接...
  PDF: 23十日恵比須神社
「えび
では、並び、全国からも
多くの人がれる
なん
JR駅から徒歩約5分
7-1...

[✗ NO MATCH] sim=0% (top=29%)
  Web(20): 【博多駅】
加藤駅長
Googlemap...
  Best PDF candidate (29%): 駅
駅
熊本県
GRAERS...

[✗ NO MATCH] sim=0% (top=23%)
  Web(124): 住所:福岡県福岡市博多区東公園7-1
電話:092-651-1563
初穂料特別御朱印1,000円御朱印500円御朱印対...
  Best PDF candidate (23%): 58八坂神
1-1000Ch
|JR駅から徒歩約15分
大分
市...

[✗ NO MATCH] sim=0% (top=14%)
  Web(263): ちくぜんのくにいちのみやすみよしじんじゃ
24筑前國一之宮住吉神社
航海安全・心身清浄の御神徳として信仰を集める神社。ま...
  Best PDF candidate (14%): 15一宮神社
運のご利益を伝えられ
されている。
JR駅から徒歩約15分
区山町12-36...

[✗ NO MATCH] sim=0% (top=19%)
  Web(110): 25太郎丸神社
火災で全焼しても落ちなかった「落ちない鈴」の太郎丸神社。高校大学受験、資格試験就職試験などの受験生が祈願...
  Best PDF candidate (19%): 05正八幡宮
としてを深めている。
JR駅から徒歩約5分
-1
る人々...

[✓ MATCHED] sim=42% (top=42%)
  Web(46): JR九大学研都市駅からバスで「たろう保育園前」下車、徒歩約6分
最寄り駅
Googlemap...
  PDF: 49神社
JR駅からバスで「ロープウェイ前下車、徒歩すぐ
-...

[✗ NO MATCH] sim=0% (top=12%)
  Web(92): 住所福岡県福岡市西区太郎丸2-7-10
電話:090-5735-2695
初穂料特別御朱印1,000円御朱印500円
御...
  Best PDF candidate (12%): 07平等寺(三井寺)
JR川駅から徒歩約15分福岡県田川市伊田2704-1...

[✗ NO MATCH] sim=0% (top=17%)
  Web(105): JRトップページ|きっぷのご案内|特別御朱印・特別御朱印帳御朱印をめぐる|参加寺社一覧よくあるご質問
神社
御朱印
(5...
  Best PDF candidate (17%): 2神社
紀元前と伝えられており、
00
日本。
JR
083-1
社...

[✗ NO MATCH] sim=0% (top=16%)
  Web(113): さくらいじんじゃ26櫻井神社
1632年に福岡藩二代藩主・黒田忠之公が岩戸に出現した神様を祀るために櫻井神社を造営。社殿...
  Best PDF candidate (16%): 2神社
紀元前と伝えられており、
00
日本。
JR
083-1
社...

[✗ NO MATCH] sim=0% (top=23%)
  Web(21): 【筑前前原駅】鹿島駅長
Googlemap...
  Best PDF candidate (23%): 駅
駅
熊本県
GRAERS...

[✗ NO MATCH] sim=0% (top=30%)
  Web(111): 最寄り駅JR筑前前原駅からバスで「桜井」下車、徒歩約10分
住所:福岡県糸島市志摩桜井4227
電話:092-327-0...
  Best PDF candidate (30%): 44大村神社
サクラとして親しまれる。
JR駅からバスで「大村市役所」下車、徒歩約10分
1-34-34
1...

[✗ NO MATCH] sim=0% (top=15%)
  Web(288): JRトップページ|きっぷのご案内|特別御朱印・特別御朱印帳御朱印をめぐる|参加寺社一覧|よくあるご質問
本場の観音像は鎌...
  Best PDF candidate (15%): 44大村神社
サクラとして親しまれる。
JR駅からバスで「大村市役所」下車、徒歩約10分
1-34-34
1...

[✗ NO MATCH] sim=0% (top=26%)
  Web(324): ふつかいちはちまんぐう28二日市八幡宮
御鎮座1500年を越える神社で、縁結び安産開運の神として尊されている。御神木の公...
  Best PDF candidate (26%): 二日市八幡宮
神として
されていちょう)に
とされ、すると一面を上げる。
JR二日市駅から徒歩約5分
3-6-35...

[✗ NO MATCH] sim=0% (top=32%)
  Web(117): ぜんこくそうほんぐうすいてんぐう29全国総本宮水天宮
筑後川の河畔に鎮座する全国の水天宮の総本宮。農業、漁業、航海業者か...
  Best PDF candidate (32%): 29全国総本宮水天宮
す
としてまたどることでも知られる。
JR久留米駅から徒歩約10分
福岡県久留米市瀬下町265-1...

[✗ NO MATCH] sim=0% (top=29%)
  Web(21): 【久留米駅】
城戸駅長
Googlemap...
  Best PDF candidate (29%): 駅
駅
熊本県
GRAERS...

[✗ NO MATCH] sim=0% (top=28%)
  Web(89): 住所:福岡県久留米市瀬下町265-1
電話:0942-32-3207
初穂料御朱印500円御朱印対応時間:9:00~16...
  Best PDF candidate (28%): 58八坂神
1-1000Ch
|JR駅から徒歩約15分
大分
市...

[✗ NO MATCH] sim=0% (top=20%)
  Web(28): 瓜和六年十月八日
直書きと書置き両方(500円)
御朱印...
  Best PDF candidate (20%): 40亀山八幡宮
として
JR歩約35分
として...

[✗ NO MATCH] sim=0% (top=16%)
  Web(209): みずたてんまんぐう
30水田天満宮
JR
最寄り駅
住所:福岡県筑後市水田62-1
電話:0942-53-8625
初穂...
  Best PDF candidate (16%): 30水田天満宮
神社である本があり
JR歩約20分
しまれているとした...

[✗ NO MATCH] sim=0% (top=20%)
  Web(25): |御朱印
直書きと書置き両方(500円)
恋木神社...
  Best PDF candidate (20%): 2神社
紀元前と伝えられており、
00
日本。
JR
083-1
社...

[✗ NO MATCH] sim=0% (top=22%)
  Web(25): ˙恋木神社
御朱印
直書きと書置き両方(500円)...
  Best PDF candidate (22%): 10神社
したがる。
JR駅約5分
ためら...

[✗ NO MATCH] sim=0% (top=18%)
  Web(272): しものしょうはちまんじんじゃ31下庄八幡神社
2031年に御鎮座900年を迎える神社。長きに渡り、勝運、安産、子供守護の...
  Best PDF candidate (18%): 31下庄八幡神社
2011年、子供
ごじょう)の本
JR駅から徒歩約15分
高町下庄1397...

[✗ NO MATCH] sim=0% (top=24%)
  Web(20): 特別御朱印
と書置き両方(1,000円)...
  Best PDF candidate (24%): 詳しくはこちら
024000...

[✗ NO MATCH] sim=0% (top=21%)
  Web(34): 月替わり御朱印
直書きと書置き両方(半面500円・全面1,000円)...
  Best PDF candidate (21%): 詳しくはこちら
024000...

[✗ NO MATCH] sim=0% (top=23%)
  Web(227): 32大牟田神社
1538年、庄屋と村人が御神体と遭遇、鎮守神としてお祀りしたことが創立の基とされている。1640年頃に祇...
  Best PDF candidate (23%): 44大村神社
サクラとして親しまれる。
JR駅からバスで「大村市役所」下車、徒歩約10分
1-34-34
1...

[✗ NO MATCH] sim=0% (top=29%)
  Web(21): 【大牟田駅】
深松駅長
Googlemap...
  Best PDF candidate (29%): 駅
駅
熊本県
GRAERS...

[✗ NO MATCH] sim=0% (top=17%)
  Web(88): 特別御朱印
(1000円)
トップページ|きっぷのご案内|特別御朱印特別御朱印帳御朱印をめぐる参加寺社一覧|よくあるご質...
  Best PDF candidate (17%): 58八坂神
1-1000Ch
|JR駅から徒歩約15分
大分
市...

[✗ NO MATCH] sim=0% (top=22%)
  Web(21): 特別御朱印書きと書置き両方(1,000円)...
  Best PDF candidate (22%): 2.1(+)
10.31(+)...

[✗ NO MATCH] sim=0% (top=17%)
  Web(33): 月替わり御朱印直書きと書置き両方(半面500円・全面1,000円)...
  Best PDF candidate (17%): 詳しくはこちら
024000...

[✗ NO MATCH] sim=0% (top=25%)
  Web(157): おおむたじんじゃ
32大牟田神社
1538年、庄屋と村人が御神体と遭遇、鎮守神としてお祀りしたことが創立の基とされている...
  Best PDF candidate (25%): 44大村神社
サクラとして親しまれる。
JR駅からバスで「大村市役所」下車、徒歩約10分
1-34-34
1...

[✗ NO MATCH] sim=0% (top=18%)
  Web(91): 住所:福岡県大牟田市本町1-2-22
電話:0944-52-5090
初穂料特別御朱印1,000円御朱印月替わり600~...
  Best PDF candidate (18%): |41福石観音清
だ
さて
JR
24-5
よるに写
100
はイメージです。...

[✗ NO MATCH] sim=0% (top=22%)
  Web(23): 月替わり御朱印
書置き(600~1,200円)...
  Best PDF candidate (22%): 詳しくはこちら
024000...

[✗ NO MATCH] sim=0% (top=10%)
  Web(49): Copyright©KyushuRailwayCompany.AllRightsReserved....
  Best PDF candidate (10%): 駅
駅
熊本県
GRAERS...

