{"timestamp": "2026-01-31T16:14:31.012268", "level": "INFO", "logger": "__main__", "message": "============================================================", "module": "logger", "function": "_log", "line": 189}
{"timestamp": "2026-01-31T16:14:31.012268", "level": "INFO", "logger": "__main__", "message": "MEKIKI OCR Starting", "module": "logger", "function": "_log", "line": 189}
{"timestamp": "2026-01-31T16:14:31.012268", "level": "INFO", "logger": "__main__", "message": "============================================================", "module": "logger", "function": "_log", "line": 189}
{"timestamp": "2026-01-31T16:14:34.666152", "level": "INFO", "logger": "__main__", "message": "Main window initialized successfully", "module": "logger", "function": "_log", "line": 189}
{"timestamp": "2026-01-31T16:17:13.672823", "level": "INFO", "logger": "__main__", "message": "============================================================", "module": "logger", "function": "_log", "line": 189}
{"timestamp": "2026-01-31T16:17:13.673815", "level": "INFO", "logger": "__main__", "message": "MEKIKI OCR Starting", "module": "logger", "function": "_log", "line": 189}
{"timestamp": "2026-01-31T16:17:13.673815", "level": "INFO", "logger": "__main__", "message": "============================================================", "module": "logger", "function": "_log", "line": 189}
{"timestamp": "2026-01-31T16:17:14.801975", "level": "INFO", "logger": "__main__", "message": "Main window initialized successfully", "module": "logger", "function": "_log", "line": 189}
{"timestamp": "2026-01-31T16:25:56.054146", "level": "INFO", "logger": "__main__", "message": "============================================================", "module": "logger", "function": "_log", "line": 189}
{"timestamp": "2026-01-31T16:25:56.054651", "level": "INFO", "logger": "__main__", "message": "MEKIKI OCR Starting", "module": "logger", "function": "_log", "line": 189}
{"timestamp": "2026-01-31T16:25:56.054651", "level": "INFO", "logger": "__main__", "message": "============================================================", "module": "logger", "function": "_log", "line": 189}
{"timestamp": "2026-01-31T16:25:57.395048", "level": "INFO", "logger": "__main__", "message": "Main window initialized successfully", "module": "logger", "function": "_log", "line": 189}
{"timestamp": "2026-01-31T16:26:05.156361", "level": "INFO", "logger": "__main__", "message": "MEKIKI OCR Exiting normally", "module": "logger", "function": "_log", "line": 189}
{"timestamp": "2026-01-31T20:31:59.849397", "level": "INFO", "logger": "__main__", "message": "============================================================", "module": "logger", "function": "_log", "line": 189}
{"timestamp": "2026-01-31T20:31:59.851426", "level": "INFO", "logger": "__main__", "message": "MEKIKI OCR Starting", "module": "logger", "function": "_log", "line": 189}
{"timestamp": "2026-01-31T20:31:59.851426", "level": "INFO", "logger": "__main__", "message": "============================================================", "module": "logger", "function": "_log", "line": 189}
{"timestamp": "2026-01-31T20:32:01.263175", "level": "INFO", "logger": "__main__", "message": "Main window initialized successfully", "module": "logger", "function": "_log", "line": 189}
{"timestamp": "2026-01-31T22:53:34.666757", "level": "INFO", "logger": "__main__", "message": "============================================================", "module": "logger", "function": "_log", "line": 189}
{"timestamp": "2026-01-31T22:53:34.667773", "level": "INFO", "logger": "__main__", "message": "MEKIKI OCR Starting", "module": "logger", "function": "_log", "line": 189}
{"timestamp": "2026-01-31T22:53:34.667773", "level": "INFO", "logger": "__main__", "message": "============================================================", "module": "logger", "function": "_log", "line": 189}
{"timestamp": "2026-01-31T22:53:38.139074", "level": "INFO", "logger": "__main__", "message": "Main window initialized successfully", "module": "logger", "function": "_log", "line": 189}
{"timestamp": "2026-01-31T22:53:38.143269", "level": "INFO", "logger": "__main__", "message": "Slack listener started in background", "module": "logger", "function": "_log", "line": 189}
{"timestamp": "2026-01-31T23:01:40.580889", "level": "INFO", "logger": "__main__", "message": "============================================================", "module": "logger", "function": "_log", "line": 189}
{"timestamp": "2026-01-31T23:01:40.582962", "level": "INFO", "logger": "__main__", "message": "MEKIKI OCR Starting", "module": "logger", "function": "_log", "line": 189}
{"timestamp": "2026-01-31T23:01:40.582962", "level": "INFO", "logger": "__main__", "message": "============================================================", "module": "logger", "function": "_log", "line": 189}
{"timestamp": "2026-01-31T23:01:41.703916", "level": "INFO", "logger": "__main__", "message": "Main window initialized successfully", "module": "logger", "function": "_log", "line": 189}
{"timestamp": "2026-01-31T23:01:41.711876", "level": "INFO", "logger": "__main__", "message": "Slack listener started in background", "module": "logger", "function": "_log", "line": 189}
{"timestamp": "2026-01-31T23:04:27.314627", "level": "INFO", "logger": "__main__", "message": "============================================================", "module": "logger", "function": "_log", "line": 189}
{"timestamp": "2026-01-31T23:04:27.316136", "level": "INFO", "logger": "__main__", "message": "MEKIKI OCR Starting", "module": "logger", "function": "_log", "line": 189}
{"timestamp": "2026-01-31T23:04:27.316136", "level": "INFO", "logger": "__main__", "message": "============================================================", "module": "logger", "function": "_log", "line": 189}
{"timestamp": "2026-01-31T23:04:28.460180", "level": "INFO", "logger": "__main__", "message": "Main window initialized successfully", "module": "logger", "function": "_log", "line": 189}
{"timestamp": "2026-01-31T23:04:28.469704", "level": "INFO", "logger": "__main__", "message": "Slack listener started in background", "module": "logger", "function": "_log", "line": 189}
{"timestamp": "2026-01-31T23:14:31.944219", "level": "INFO", "logger": "__main__", "message": "============================================================", "module": "logger", "function": "_log", "line": 189}
{"timestamp": "2026-01-31T23:14:31.946358", "level": "INFO", "logger": "__main__", "message": "MEKIKI OCR Starting", "module": "logger", "function": "_log", "line": 189}
{"timestamp": "2026-01-31T23:14:31.946358", "level": "INFO", "logger": "__main__", "message": "============================================================", "module": "logger", "function": "_log", "line": 189}
{"timestamp": "2026-01-31T23:14:33.104574", "level": "INFO", "logger": "__main__", "message": "Main window initialized successfully", "module": "logger", "function": "_log", "line": 189}
{"timestamp": "2026-01-31T23:14:33.108668", "level": "INFO", "logger": "__main__", "message": "Slack listener started in background", "module": "logger", "function": "_log", "line": 189}
{"timestamp": "2026-01-31T23:28:18.161066", "level": "INFO", "logger": "__main__", "message": "============================================================", "module": "logger", "function": "_log", "line": 189}
{"timestamp": "2026-01-31T23:28:18.161571", "level": "INFO", "logger": "__main__", "message": "MEKIKI OCR Starting", "module": "logger", "function": "_log", "line": 189}
{"timestamp": "2026-01-31T23:28:18.162077", "level": "INFO", "logger": "__main__", "message": "============================================================", "module": "logger", "function": "_log", "line": 189}
{"timestamp": "2026-01-31T23:28:19.285644", "level": "INFO", "logger": "__main__", "message": "Main window initialized successfully", "module": "logger", "function": "_log", "line": 189}
{"timestamp": "2026-01-31T23:28:19.295410", "level": "INFO", "logger": "__main__", "message": "Slack listener started in background", "module": "logger", "function": "_log", "line": 189}
{"timestamp": "2026-01-31T23:43:59.518693", "level": "INFO", "logger": "__main__", "message": "============================================================", "module": "logger", "function": "_log", "line": 189}
{"timestamp": "2026-01-31T23:43:59.520209", "level": "INFO", "logger": "__main__", "message": "MEKIKI OCR Starting", "module": "logger", "function": "_log", "line": 189}
{"timestamp": "2026-01-31T23:43:59.520209", "level": "INFO", "logger": "__main__", "message": "============================================================", "module": "logger", "function": "_log", "line": 189}
{"timestamp": "2026-01-31T23:44:00.689824", "level": "INFO", "logger": "__main__", "message": "Main window initialized successfully", "module": "logger", "function": "_log", "line": 189}
{"timestamp": "2026-01-31T23:44:03.283031", "level": "INFO", "logger": "__main__", "message": "Slack async listener started in background", "module": "logger", "function": "_log", "line": 189}
{"timestamp": "2026-02-01T00:35:00.530672", "level": "INFO", "logger": "__main__", "message": "============================================================", "module": "logger", "function": "_log", "line": 189}
{"timestamp": "2026-02-01T00:35:00.532001", "level": "INFO", "logger": "__main__", "message": "MEKIKI OCR Starting", "module": "logger", "function": "_log", "line": 189}
{"timestamp": "2026-02-01T00:35:00.532001", "level": "INFO", "logger": "__main__", "message": "============================================================", "module": "logger", "function": "_log", "line": 189}
{"timestamp": "2026-02-01T00:35:01.651251", "level": "INFO", "logger": "__main__", "message": "Main window initialized successfully", "module": "logger", "function": "_log", "line": 189}
{"timestamp": "2026-02-01T00:35:04.817878", "level": "INFO", "logger": "__main__", "message": "Slack async listener started in background", "module": "logger", "function": "_log", "line": 189}
{"timestamp": "2026-02-01T00:37:32.902348", "level": "INFO", "logger": "__main__", "message": "MEKIKI OCR Exiting normally", "module": "logger", "function": "_log", "line": 189}
{"timestamp": "2026-02-01T00:40:15.646968", "level": "INFO", "logger": "__main__", "message": "============================================================", "module": "logger", "function": "_log", "line": 189}
{"timestamp": "2026-02-01T00:40:15.647481", "level": "INFO", "logger": "__main__", "message": "MEKIKI OCR Starting", "module": "logger", "function": "_log", "line": 189}
{"timestamp": "2026-02-01T00:40:15.648036", "level": "INFO", "logger": "__main__", "message": "============================================================", "module": "logger", "function": "_log", "line": 189}
{"timestamp": "2026-02-01T00:40:16.812200", "level": "INFO", "logger": "__main__", "message": "Main window initialized successfully", "module": "logger", "function": "_log", "line": 189}
{"timestamp": "2026-02-01T00:40:19.719686", "level": "INFO", "logger": "__main__", "message": "Slack async listener started in background", "module": "logger", "function": "_log", "line": 189}
{"timestamp": "2026-02-01T01:04:32.254446", "level": "INFO", "logger": "__main__", "message": "============================================================", "module": "logger", "function": "_log", "line": 189}
{"timestamp": "2026-02-01T01:04:32.255958", "level": "INFO", "logger": "__main__", "message": "MEKIKI OCR Starting", "module": "logger", "function": "_log", "line": 189}
{"timestamp": "2026-02-01T01:04:32.256515", "level": "INFO", "logger": "__main__", "message": "============================================================", "module": "logger", "function": "_log", "line": 189}
{"timestamp": "2026-02-01T01:04:33.423613", "level": "INFO", "logger": "__main__", "message": "Main window initialized successfully", "module": "logger", "function": "_log", "line": 189}
{"timestamp": "2026-02-01T01:04:36.530242", "level": "INFO", "logger": "__main__", "message": "Slack async listener started in background", "module": "logger", "function": "_log", "line": 189}
{"timestamp": "2026-02-01T01:32:51.223306", "level": "INFO", "logger": "__main__", "message": "============================================================", "module": "logger", "function": "_log", "line": 189}
{"timestamp": "2026-02-01T01:32:51.224534", "level": "INFO", "logger": "__main__", "message": "MEKIKI OCR Starting", "module": "logger", "function": "_log", "line": 189}
{"timestamp": "2026-02-01T01:32:51.224534", "level": "INFO", "logger": "__main__", "message": "============================================================", "module": "logger", "function": "_log", "line": 189}
{"timestamp": "2026-02-01T01:32:52.374369", "level": "INFO", "logger": "__main__", "message": "Main window initialized successfully", "module": "logger", "function": "_log", "line": 189}
{"timestamp": "2026-02-01T01:32:55.134523", "level": "INFO", "logger": "__main__", "message": "Slack async listener started in background", "module": "logger", "function": "_log", "line": 189}
{"timestamp": "2026-02-01T01:46:58.822922", "level": "INFO", "logger": "__main__", "message": "============================================================", "module": "logger", "function": "_log", "line": 189}
{"timestamp": "2026-02-01T01:46:58.823965", "level": "INFO", "logger": "__main__", "message": "MEKIKI OCR Starting", "module": "logger", "function": "_log", "line": 189}
{"timestamp": "2026-02-01T01:46:58.824477", "level": "INFO", "logger": "__main__", "message": "============================================================", "module": "logger", "function": "_log", "line": 189}
{"timestamp": "2026-02-01T01:46:59.937351", "level": "INFO", "logger": "__main__", "message": "Main window initialized successfully", "module": "logger", "function": "_log", "line": 189}
{"timestamp": "2026-02-01T01:47:02.946322", "level": "INFO", "logger": "__main__", "message": "Slack async listener started in background", "module": "logger", "function": "_log", "line": 189}
{"timestamp": "2026-02-01T01:50:05.305970", "level": "INFO", "logger": "__main__", "message": "============================================================", "module": "logger", "function": "_log", "line": 189}
{"timestamp": "2026-02-01T01:50:05.306482", "level": "INFO", "logger": "__main__", "message": "MEKIKI OCR Starting", "module": "logger", "function": "_log", "line": 189}
{"timestamp": "2026-02-01T01:50:05.306482", "level": "INFO", "logger": "__main__", "message": "============================================================", "module": "logger", "function": "_log", "line": 189}
{"timestamp": "2026-02-01T01:50:06.531104", "level": "INFO", "logger": "__main__", "message": "Main window initialized successfully", "module": "logger", "function": "_log", "line": 189}
{"timestamp": "2026-02-01T01:50:09.711797", "level": "INFO", "logger": "__main__", "message": "Slack async listener started in background", "module": "logger", "function": "_log", "line": 189}
{"timestamp": "2026-02-01T02:04:44.388124", "level": "INFO", "logger": "__main__", "message": "============================================================", "module": "logger", "function": "_log", "line": 189}
{"timestamp": "2026-02-01T02:04:44.388650", "level": "INFO", "logger": "__main__", "message": "MEKIKI OCR Starting", "module": "logger", "function": "_log", "line": 189}
{"timestamp": "2026-02-01T02:04:44.389173", "level": "INFO", "logger": "__main__", "message": "============================================================", "module": "logger", "function": "_log", "line": 189}
{"timestamp": "2026-02-01T02:04:45.665085", "level": "INFO", "logger": "__main__", "message": "Main window initialized successfully", "module": "logger", "function": "_log", "line": 189}
{"timestamp": "2026-02-01T02:04:48.774972", "level": "INFO", "logger": "__main__", "message": "Slack async listener started in background", "module": "logger", "function": "_log", "line": 189}
{"timestamp": "2026-02-01T02:14:32.202236", "level": "INFO", "logger": "__main__", "message": "MEKIKI OCR Exiting normally", "module": "logger", "function": "_log", "line": 189}
{"timestamp": "2026-02-01T02:15:59.335035", "level": "INFO", "logger": "__main__", "message": "============================================================", "module": "logger", "function": "_log", "line": 189}
{"timestamp": "2026-02-01T02:15:59.347748", "level": "INFO", "logger": "__main__", "message": "MEKIKI OCR Starting", "module": "logger", "function": "_log", "line": 189}
{"timestamp": "2026-02-01T02:15:59.347748", "level": "INFO", "logger": "__main__", "message": "============================================================", "module": "logger", "function": "_log", "line": 189}
{"timestamp": "2026-02-01T02:16:00.147247", "level": "CRITICAL", "logger": "__main__", "message": "Fatal error: 'cp932' codec can't encode character '\\u26a0' in position 0: illegal multibyte sequence", "module": "logger", "function": "_log", "line": 189, "exception": {"type": "UnicodeEncodeError", "message": "'cp932' codec can't encode character '\\u26a0' in position 0: illegal multibyte sequence", "traceback": ["Traceback (most recent call last):\n", "  File \"C:\\Users\\raiko\\OneDrive\\Desktop\\26\\OCR\\app\\config\\api_manager.py\", line 189, in load\n    print(f\"✅ API keys loaded from {self.config_file}\")\n", "UnicodeEncodeError: 'cp932' codec can't encode character '\\u2705' in position 0: illegal multibyte sequence\n", "\nDuring handling of the above exception, another exception occurred:\n\n", "Traceback (most recent call last):\n", "  File \"C:\\Users\\raiko\\OneDrive\\Desktop\\26\\OCR\\config.py\", line 57, in load_keys\n    keys = manager.load()\n           ^^^^^^^^^^^^^^\n", "  File \"C:\\Users\\raiko\\OneDrive\\Desktop\\26\\OCR\\app\\config\\api_manager.py\", line 192, in load\n    print(f\"⚠️ Failed to load API keys: {e}\")\n", "UnicodeEncodeError: 'cp932' codec can't encode character '\\u26a0' in position 0: illegal multibyte sequence\n", "\nDuring handling of the above exception, another exception occurred:\n\n", "Traceback (most recent call last):\n", "  File \"C:\\Users\\raiko\\OneDrive\\Desktop\\26\\OCR\\app\\main.py\", line 37, in main\n    from app.gui.unified_app import UnifiedApp\n", "  File \"C:\\Users\\raiko\\OneDrive\\Desktop\\26\\OCR\\app\\gui\\__init__.py\", line 1, in <module>\n    from .main_window import MainWindow\n", "  File \"C:\\Users\\raiko\\OneDrive\\Desktop\\26\\OCR\\app\\gui\\main_window.py\", line 29, in <module>\n    from app.core.analyzer import ContentAnalyzer\n", "  File \"C:\\Users\\raiko\\OneDrive\\Desktop\\26\\OCR\\app\\core\\analyzer.py\", line 11, in <module>\n    from app.core.llm_client import LLMClient\n", "  File \"C:\\Users\\raiko\\OneDrive\\Desktop\\26\\OCR\\app\\core\\llm_client.py\", line 3, in <module>\n    from config import Config\n", "  File \"C:\\Users\\raiko\\OneDrive\\Desktop\\26\\OCR\\config.py\", line 96, in <module>\n    Config.load_keys()\n", "  File \"C:\\Users\\raiko\\OneDrive\\Desktop\\26\\OCR\\config.py\", line 69, in load_keys\n    print(f\"⚠️ Failed to load API keys via manager: {e}\")\n", "UnicodeEncodeError: 'cp932' codec can't encode character '\\u26a0' in position 0: illegal multibyte sequence\n"]}}
{"timestamp": "2026-02-01T02:16:21.960726", "level": "INFO", "logger": "__main__", "message": "============================================================", "module": "logger", "function": "_log", "line": 189}
{"timestamp": "2026-02-01T02:16:21.961241", "level": "INFO", "logger": "__main__", "message": "MEKIKI OCR Starting", "module": "logger", "function": "_log", "line": 189}
{"timestamp": "2026-02-01T02:16:21.961754", "level": "INFO", "logger": "__main__", "message": "============================================================", "module": "logger", "function": "_log", "line": 189}
{"timestamp": "2026-02-01T02:16:23.037504", "level": "INFO", "logger": "__main__", "message": "Main window initialized successfully", "module": "logger", "function": "_log", "line": 189}
{"timestamp": "2026-02-01T02:16:26.090281", "level": "INFO", "logger": "__main__", "message": "Slack async listener started in background", "module": "logger", "function": "_log", "line": 189}
{"timestamp": "2026-02-01T02:25:04.315686", "level": "INFO", "logger": "__main__", "message": "============================================================", "module": "logger", "function": "_log", "line": 189}
{"timestamp": "2026-02-01T02:25:04.316723", "level": "INFO", "logger": "__main__", "message": "MEKIKI OCR Starting", "module": "logger", "function": "_log", "line": 189}
{"timestamp": "2026-02-01T02:25:04.317238", "level": "INFO", "logger": "__main__", "message": "============================================================", "module": "logger", "function": "_log", "line": 189}
{"timestamp": "2026-02-01T02:25:05.459268", "level": "INFO", "logger": "__main__", "message": "Main window initialized successfully", "module": "logger", "function": "_log", "line": 189}
{"timestamp": "2026-02-01T02:25:08.700019", "level": "INFO", "logger": "__main__", "message": "Slack async listener started in background", "module": "logger", "function": "_log", "line": 189}
{"timestamp": "2026-02-01T02:35:39.148353", "level": "INFO", "logger": "__main__", "message": "============================================================", "module": "logger", "function": "_log", "line": 189}
{"timestamp": "2026-02-01T02:35:39.148353", "level": "INFO", "logger": "__main__", "message": "MEKIKI OCR Starting", "module": "logger", "function": "_log", "line": 189}
{"timestamp": "2026-02-01T02:35:39.149905", "level": "INFO", "logger": "__main__", "message": "============================================================", "module": "logger", "function": "_log", "line": 189}
{"timestamp": "2026-02-01T02:35:40.464799", "level": "INFO", "logger": "__main__", "message": "Main window initialized successfully", "module": "logger", "function": "_log", "line": 189}
{"timestamp": "2026-02-01T02:35:43.621865", "level": "INFO", "logger": "__main__", "message": "Slack async listener started in background", "module": "logger", "function": "_log", "line": 189}
{"timestamp": "2026-02-01T11:14:12.133608", "level": "INFO", "logger": "__main__", "message": "============================================================", "module": "logger", "function": "_log", "line": 189}
{"timestamp": "2026-02-01T11:14:12.134614", "level": "INFO", "logger": "__main__", "message": "MEKIKI OCR Starting", "module": "logger", "function": "_log", "line": 189}
{"timestamp": "2026-02-01T11:14:12.135114", "level": "INFO", "logger": "__main__", "message": "============================================================", "module": "logger", "function": "_log", "line": 189}
{"timestamp": "2026-02-01T11:14:16.130813", "level": "INFO", "logger": "__main__", "message": "Main window initialized successfully", "module": "logger", "function": "_log", "line": 189}
{"timestamp": "2026-02-01T11:14:20.394162", "level": "INFO", "logger": "__main__", "message": "Slack async listener started in background", "module": "logger", "function": "_log", "line": 189}
{"timestamp": "2026-02-01T12:23:04.049806", "level": "INFO", "logger": "__main__", "message": "============================================================", "module": "logger", "function": "_log", "line": 189}
{"timestamp": "2026-02-01T12:23:04.051044", "level": "INFO", "logger": "__main__", "message": "MEKIKI OCR Starting", "module": "logger", "function": "_log", "line": 189}
{"timestamp": "2026-02-01T12:23:04.051044", "level": "INFO", "logger": "__main__", "message": "============================================================", "module": "logger", "function": "_log", "line": 189}
{"timestamp": "2026-02-01T12:23:05.303089", "level": "INFO", "logger": "__main__", "message": "Main window initialized successfully", "module": "logger", "function": "_log", "line": 189}
{"timestamp": "2026-02-01T12:23:08.588373", "level": "INFO", "logger": "__main__", "message": "Slack async listener started in background", "module": "logger", "function": "_log", "line": 189}
{"timestamp": "2026-02-01T13:13:51.066002", "level": "INFO", "logger": "__main__", "message": "============================================================", "module": "logger", "function": "_log", "line": 189}
{"timestamp": "2026-02-01T13:13:51.066514", "level": "INFO", "logger": "__main__", "message": "MEKIKI OCR Starting", "module": "logger", "function": "_log", "line": 189}
{"timestamp": "2026-02-01T13:13:51.067518", "level": "INFO", "logger": "__main__", "message": "============================================================", "module": "logger", "function": "_log", "line": 189}
{"timestamp": "2026-02-01T13:13:52.186496", "level": "INFO", "logger": "__main__", "message": "Main window initialized successfully", "module": "logger", "function": "_log", "line": 189}
{"timestamp": "2026-02-01T13:13:55.396874", "level": "INFO", "logger": "__main__", "message": "Slack async listener started in background", "module": "logger", "function": "_log", "line": 189}
{"timestamp": "2026-02-01T13:45:59.024488", "level": "INFO", "logger": "__main__", "message": "============================================================", "module": "logger", "function": "_log", "line": 189}
{"timestamp": "2026-02-01T13:45:59.024488", "level": "INFO", "logger": "__main__", "message": "MEKIKI OCR Starting", "module": "logger", "function": "_log", "line": 189}
{"timestamp": "2026-02-01T13:45:59.025992", "level": "INFO", "logger": "__main__", "message": "============================================================", "module": "logger", "function": "_log", "line": 189}
{"timestamp": "2026-02-01T13:46:00.276829", "level": "INFO", "logger": "__main__", "message": "Main window initialized successfully", "module": "logger", "function": "_log", "line": 189}
{"timestamp": "2026-02-01T13:46:03.102562", "level": "INFO", "logger": "__main__", "message": "Slack async listener started in background", "module": "logger", "function": "_log", "line": 189}
{"timestamp": "2026-02-01T13:50:47.162266", "level": "INFO", "logger": "__main__", "message": "============================================================", "module": "logger", "function": "_log", "line": 189}
{"timestamp": "2026-02-01T13:50:47.162772", "level": "INFO", "logger": "__main__", "message": "MEKIKI OCR Starting", "module": "logger", "function": "_log", "line": 189}
{"timestamp": "2026-02-01T13:50:47.162772", "level": "INFO", "logger": "__main__", "message": "============================================================", "module": "logger", "function": "_log", "line": 189}
{"timestamp": "2026-02-01T13:50:48.283477", "level": "INFO", "logger": "__main__", "message": "Main window initialized successfully", "module": "logger", "function": "_log", "line": 189}
{"timestamp": "2026-02-01T13:50:51.058224", "level": "INFO", "logger": "__main__", "message": "Slack async listener started in background", "module": "logger", "function": "_log", "line": 189}
{"timestamp": "2026-02-01T14:00:43.559988", "level": "INFO", "logger": "__main__", "message": "MEKIKI OCR Exiting normally", "module": "logger", "function": "_log", "line": 189}
{"timestamp": "2026-02-01T14:09:25.011087", "level": "INFO", "logger": "__main__", "message": "============================================================", "module": "logger", "function": "_log", "line": 189}
{"timestamp": "2026-02-01T14:09:25.011593", "level": "INFO", "logger": "__main__", "message": "MEKIKI OCR Starting", "module": "logger", "function": "_log", "line": 189}
{"timestamp": "2026-02-01T14:09:25.011593", "level": "INFO", "logger": "__main__", "message": "============================================================", "module": "logger", "function": "_log", "line": 189}
{"timestamp": "2026-02-01T14:09:26.129500", "level": "INFO", "logger": "__main__", "message": "Main window initialized successfully", "module": "logger", "function": "_log", "line": 189}
{"timestamp": "2026-02-01T14:09:28.989801", "level": "INFO", "logger": "__main__", "message": "Slack async listener started in background", "module": "logger", "function": "_log", "line": 189}
{"timestamp": "2026-02-01T14:49:51.571384", "level": "INFO", "logger": "__main__", "message": "============================================================", "module": "logger", "function": "_log", "line": 189}
{"timestamp": "2026-02-01T14:49:51.572962", "level": "INFO", "logger": "__main__", "message": "MEKIKI OCR Starting", "module": "logger", "function": "_log", "line": 189}
{"timestamp": "2026-02-01T14:49:51.572962", "level": "INFO", "logger": "__main__", "message": "============================================================", "module": "logger", "function": "_log", "line": 189}
{"timestamp": "2026-02-01T14:49:52.798876", "level": "INFO", "logger": "__main__", "message": "Main window initialized successfully", "module": "logger", "function": "_log", "line": 189}
{"timestamp": "2026-02-01T14:49:55.673621", "level": "INFO", "logger": "__main__", "message": "Slack async listener started in background", "module": "logger", "function": "_log", "line": 189}
{"timestamp": "2026-02-01T15:08:15.893387", "level": "INFO", "logger": "__main__", "message": "============================================================", "module": "logger", "function": "_log", "line": 189}
{"timestamp": "2026-02-01T15:08:15.894500", "level": "INFO", "logger": "__main__", "message": "MEKIKI OCR Starting", "module": "logger", "function": "_log", "line": 189}
{"timestamp": "2026-02-01T15:08:15.895500", "level": "INFO", "logger": "__main__", "message": "============================================================", "module": "logger", "function": "_log", "line": 189}
{"timestamp": "2026-02-01T15:08:17.170115", "level": "INFO", "logger": "__main__", "message": "Main window initialized successfully", "module": "logger", "function": "_log", "line": 189}
{"timestamp": "2026-02-01T15:08:20.296043", "level": "INFO", "logger": "__main__", "message": "Slack async listener started in background", "module": "logger", "function": "_log", "line": 189}
{"timestamp": "2026-02-01T15:16:48.001260", "level": "INFO", "logger": "__main__", "message": "============================================================", "module": "logger", "function": "_log", "line": 189}
{"timestamp": "2026-02-01T15:16:48.002261", "level": "INFO", "logger": "__main__", "message": "MEKIKI OCR Starting", "module": "logger", "function": "_log", "line": 189}
{"timestamp": "2026-02-01T15:16:48.002765", "level": "INFO", "logger": "__main__", "message": "============================================================", "module": "logger", "function": "_log", "line": 189}
{"timestamp": "2026-02-01T15:16:49.226513", "level": "INFO", "logger": "__main__", "message": "Main window initialized successfully", "module": "logger", "function": "_log", "line": 189}
{"timestamp": "2026-02-01T15:16:52.046124", "level": "INFO", "logger": "__main__", "message": "Slack async listener started in background", "module": "logger", "function": "_log", "line": 189}
{"timestamp": "2026-02-01T15:29:13.849020", "level": "INFO", "logger": "__main__", "message": "============================================================", "module": "logger", "function": "_log", "line": 189}
{"timestamp": "2026-02-01T15:29:13.863343", "level": "INFO", "logger": "__main__", "message": "MEKIKI OCR Starting", "module": "logger", "function": "_log", "line": 189}
{"timestamp": "2026-02-01T15:29:13.864847", "level": "INFO", "logger": "__main__", "message": "============================================================", "module": "logger", "function": "_log", "line": 189}
{"timestamp": "2026-02-01T15:29:15.063131", "level": "INFO", "logger": "__main__", "message": "Main window initialized successfully", "module": "logger", "function": "_log", "line": 189}
{"timestamp": "2026-02-01T15:29:18.167614", "level": "WARNING", "logger": "__main__", "message": "Failed to start Slack listener: 'cp932' codec can't encode character '\\U0001f3a7' in position 0: illegal multibyte sequence", "module": "logger", "function": "_log", "line": 189}
{"timestamp": "2026-02-01T15:30:34.980846", "level": "INFO", "logger": "__main__", "message": "============================================================", "module": "logger", "function": "_log", "line": 189}
{"timestamp": "2026-02-01T15:30:34.982359", "level": "INFO", "logger": "__main__", "message": "MEKIKI OCR Starting", "module": "logger", "function": "_log", "line": 189}
{"timestamp": "2026-02-01T15:30:34.982872", "level": "INFO", "logger": "__main__", "message": "============================================================", "module": "logger", "function": "_log", "line": 189}
{"timestamp": "2026-02-01T15:30:36.305272", "level": "INFO", "logger": "__main__", "message": "Main window initialized successfully", "module": "logger", "function": "_log", "line": 189}
{"timestamp": "2026-02-01T15:30:39.443728", "level": "INFO", "logger": "__main__", "message": "Slack async listener started in background", "module": "logger", "function": "_log", "line": 189}
{"timestamp": "2026-02-01T15:32:51.135511", "level": "INFO", "logger": "__main__", "message": "============================================================", "module": "logger", "function": "_log", "line": 189}
{"timestamp": "2026-02-01T15:32:51.135511", "level": "INFO", "logger": "__main__", "message": "MEKIKI OCR Starting", "module": "logger", "function": "_log", "line": 189}
{"timestamp": "2026-02-01T15:32:51.135511", "level": "INFO", "logger": "__main__", "message": "============================================================", "module": "logger", "function": "_log", "line": 189}
{"timestamp": "2026-02-01T15:32:52.240404", "level": "INFO", "logger": "__main__", "message": "Main window initialized successfully", "module": "logger", "function": "_log", "line": 189}
{"timestamp": "2026-02-01T15:32:55.027284", "level": "INFO", "logger": "__main__", "message": "Slack async listener started in background", "module": "logger", "function": "_log", "line": 189}
{"timestamp": "2026-02-01T15:40:30.526615", "level": "INFO", "logger": "__main__", "message": "============================================================", "module": "logger", "function": "_log", "line": 189}
{"timestamp": "2026-02-01T15:40:30.527131", "level": "INFO", "logger": "__main__", "message": "MEKIKI OCR Starting", "module": "logger", "function": "_log", "line": 189}
{"timestamp": "2026-02-01T15:40:30.527680", "level": "INFO", "logger": "__main__", "message": "============================================================", "module": "logger", "function": "_log", "line": 189}
{"timestamp": "2026-02-01T15:40:31.729620", "level": "INFO", "logger": "__main__", "message": "Main window initialized successfully", "module": "logger", "function": "_log", "line": 189}
{"timestamp": "2026-02-01T15:40:34.962951", "level": "INFO", "logger": "__main__", "message": "Slack async listener started in background", "module": "logger", "function": "_log", "line": 189}
{"timestamp": "2026-02-01T15:41:46.782942", "level": "INFO", "logger": "__main__", "message": "============================================================", "module": "logger", "function": "_log", "line": 189}
{"timestamp": "2026-02-01T15:41:46.783951", "level": "INFO", "logger": "__main__", "message": "MEKIKI OCR Starting", "module": "logger", "function": "_log", "line": 189}
{"timestamp": "2026-02-01T15:41:46.784557", "level": "INFO", "logger": "__main__", "message": "============================================================", "module": "logger", "function": "_log", "line": 189}
{"timestamp": "2026-02-01T15:41:47.855333", "level": "INFO", "logger": "__main__", "message": "Main window initialized successfully", "module": "logger", "function": "_log", "line": 189}
{"timestamp": "2026-02-01T15:41:49.401976", "level": "INFO", "logger": "__main__", "message": "Slack async listener started in background", "module": "logger", "function": "_log", "line": 189}
{"timestamp": "2026-02-01T21:13:06.654603", "level": "INFO", "logger": "__main__", "message": "============================================================", "module": "logger", "function": "_log", "line": 189}
{"timestamp": "2026-02-01T21:13:06.655609", "level": "INFO", "logger": "__main__", "message": "MEKIKI OCR Starting", "module": "logger", "function": "_log", "line": 189}
{"timestamp": "2026-02-01T21:13:06.655609", "level": "INFO", "logger": "__main__", "message": "============================================================", "module": "logger", "function": "_log", "line": 189}
{"timestamp": "2026-02-01T21:13:10.577835", "level": "INFO", "logger": "__main__", "message": "Main window initialized successfully", "module": "logger", "function": "_log", "line": 189}
{"timestamp": "2026-02-01T21:13:14.432332", "level": "INFO", "logger": "__main__", "message": "Slack async listener started in background", "module": "logger", "function": "_log", "line": 189}
{"timestamp": "2026-02-01T21:47:14.847072", "level": "INFO", "logger": "__main__", "message": "MEKIKI OCR Exiting normally", "module": "logger", "function": "_log", "line": 189}
{"timestamp": "2026-02-01T21:47:24.062933", "level": "INFO", "logger": "__main__", "message": "============================================================", "module": "logger", "function": "_log", "line": 189}
{"timestamp": "2026-02-01T21:47:24.064488", "level": "INFO", "logger": "__main__", "message": "MEKIKI OCR Starting", "module": "logger", "function": "_log", "line": 189}
{"timestamp": "2026-02-01T21:47:24.064488", "level": "INFO", "logger": "__main__", "message": "============================================================", "module": "logger", "function": "_log", "line": 189}
{"timestamp": "2026-02-01T21:47:25.260749", "level": "INFO", "logger": "__main__", "message": "Main window initialized successfully", "module": "logger", "function": "_log", "line": 189}
{"timestamp": "2026-02-01T21:47:28.079439", "level": "INFO", "logger": "__main__", "message": "Slack async listener started in background", "module": "logger", "function": "_log", "line": 189}
{"timestamp": "2026-02-01T22:11:44.571170", "level": "INFO", "logger": "__main__", "message": "============================================================", "module": "logger", "function": "_log", "line": 189}
{"timestamp": "2026-02-01T22:11:44.572006", "level": "INFO", "logger": "__main__", "message": "MEKIKI OCR Starting", "module": "logger", "function": "_log", "line": 189}
{"timestamp": "2026-02-01T22:11:44.572006", "level": "INFO", "logger": "__main__", "message": "============================================================", "module": "logger", "function": "_log", "line": 189}
{"timestamp": "2026-02-01T22:11:45.837955", "level": "INFO", "logger": "__main__", "message": "Main window initialized successfully", "module": "logger", "function": "_log", "line": 189}
{"timestamp": "2026-02-01T22:11:48.896791", "level": "INFO", "logger": "__main__", "message": "Slack async listener started in background", "module": "logger", "function": "_log", "line": 189}
{"timestamp": "2026-02-02T00:00:02.161299", "level": "INFO", "logger": "__main__", "message": "============================================================", "module": "logger", "function": "_log", "line": 189}
{"timestamp": "2026-02-02T00:00:02.161299", "level": "INFO", "logger": "__main__", "message": "MEKIKI OCR Starting", "module": "logger", "function": "_log", "line": 189}
{"timestamp": "2026-02-02T00:00:02.162875", "level": "INFO", "logger": "__main__", "message": "============================================================", "module": "logger", "function": "_log", "line": 189}
{"timestamp": "2026-02-02T00:00:03.529370", "level": "INFO", "logger": "__main__", "message": "Main window initialized successfully", "module": "logger", "function": "_log", "line": 189}
{"timestamp": "2026-02-02T00:00:06.637454", "level": "INFO", "logger": "__main__", "message": "Slack async listener started in background", "module": "logger", "function": "_log", "line": 189}
{"timestamp": "2026-02-02T00:16:55.324393", "level": "INFO", "logger": "__main__", "message": "============================================================", "module": "logger", "function": "_log", "line": 189}
{"timestamp": "2026-02-02T00:16:55.325601", "level": "INFO", "logger": "__main__", "message": "MEKIKI OCR Starting", "module": "logger", "function": "_log", "line": 189}
{"timestamp": "2026-02-02T00:16:55.325601", "level": "INFO", "logger": "__main__", "message": "============================================================", "module": "logger", "function": "_log", "line": 189}
{"timestamp": "2026-02-02T00:16:56.602697", "level": "INFO", "logger": "__main__", "message": "Main window initialized successfully", "module": "logger", "function": "_log", "line": 189}
{"timestamp": "2026-02-02T00:16:59.654773", "level": "INFO", "logger": "__main__", "message": "Slack async listener started in background", "module": "logger", "function": "_log", "line": 189}
{"timestamp": "2026-02-02T01:05:32.058132", "level": "INFO", "logger": "__main__", "message": "============================================================", "module": "logger", "function": "_log", "line": 189}
{"timestamp": "2026-02-02T01:05:32.058712", "level": "INFO", "logger": "__main__", "message": "MEKIKI OCR Starting", "module": "logger", "function": "_log", "line": 189}
{"timestamp": "2026-02-02T01:05:32.059256", "level": "INFO", "logger": "__main__", "message": "============================================================", "module": "logger", "function": "_log", "line": 189}
{"timestamp": "2026-02-02T01:05:33.451684", "level": "INFO", "logger": "__main__", "message": "Main window initialized successfully", "module": "logger", "function": "_log", "line": 189}
{"timestamp": "2026-02-02T01:05:36.692842", "level": "INFO", "logger": "__main__", "message": "Slack async listener started in background", "module": "logger", "function": "_log", "line": 189}
{"timestamp": "2026-02-02T01:22:52.442062", "level": "INFO", "logger": "__main__", "message": "============================================================", "module": "logger", "function": "_log", "line": 189}
{"timestamp": "2026-02-02T01:22:52.443573", "level": "INFO", "logger": "__main__", "message": "MEKIKI OCR Starting", "module": "logger", "function": "_log", "line": 189}
{"timestamp": "2026-02-02T01:22:52.444084", "level": "INFO", "logger": "__main__", "message": "============================================================", "module": "logger", "function": "_log", "line": 189}
{"timestamp": "2026-02-02T01:22:53.786148", "level": "INFO", "logger": "__main__", "message": "Main window initialized successfully", "module": "logger", "function": "_log", "line": 189}
{"timestamp": "2026-02-02T01:22:57.055649", "level": "INFO", "logger": "__main__", "message": "Slack async listener started in background", "module": "logger", "function": "_log", "line": 189}
{"timestamp": "2026-02-02T01:31:15.594472", "level": "INFO", "logger": "__main__", "message": "============================================================", "module": "logger", "function": "_log", "line": 189}
{"timestamp": "2026-02-02T01:31:15.594472", "level": "INFO", "logger": "__main__", "message": "MEKIKI OCR 起動中...", "module": "logger", "function": "_log", "line": 189}
{"timestamp": "2026-02-02T01:31:15.596531", "level": "INFO", "logger": "__main__", "message": "============================================================", "module": "logger", "function": "_log", "line": 189}
{"timestamp": "2026-02-02T01:31:16.944761", "level": "INFO", "logger": "__main__", "message": "メインウィンドウの初期化完了", "module": "logger", "function": "_log", "line": 189}
{"timestamp": "2026-02-02T01:31:20.144459", "level": "INFO", "logger": "__main__", "message": "Slack非同期リスナーをバックグラウンドで開始しました", "module": "logger", "function": "_log", "line": 189}
{"timestamp": "2026-02-02T01:40:49.440503", "level": "INFO", "logger": "__main__", "message": "MEKIKI OCR 正常終了", "module": "logger", "function": "_log", "line": 189}
{"timestamp": "2026-02-04T01:44:41.302561", "level": "INFO", "logger": "__main__", "message": "============================================================", "module": "logger", "function": "_log", "line": 189}
{"timestamp": "2026-02-04T01:44:41.317561", "level": "INFO", "logger": "__main__", "message": "MEKIKI OCR 起動中...", "module": "logger", "function": "_log", "line": 189}
{"timestamp": "2026-02-04T01:44:41.318561", "level": "INFO", "logger": "__main__", "message": "============================================================", "module": "logger", "function": "_log", "line": 189}
{"timestamp": "2026-02-04T01:44:42.810855", "level": "INFO", "logger": "__main__", "message": "メインウィンドウの初期化完了", "module": "logger", "function": "_log", "line": 189}
{"timestamp": "2026-02-04T01:44:43.170750", "level": "WARNING", "logger": "__main__", "message": "Slackリスナーの起動に失敗しました: 'cp932' codec can't encode character '\\U0001f3a7' in position 0: illegal multibyte sequence", "module": "logger", "function": "_log", "line": 189}
{"timestamp": "2026-02-04T01:46:53.952352", "level": "INFO", "logger": "__main__", "message": "============================================================", "module": "logger", "function": "_log", "line": 189}
{"timestamp": "2026-02-04T01:46:53.953357", "level": "INFO", "logger": "__main__", "message": "MEKIKI OCR 起動中...", "module": "logger", "function": "_log", "line": 189}
{"timestamp": "2026-02-04T01:46:53.953357", "level": "INFO", "logger": "__main__", "message": "============================================================", "module": "logger", "function": "_log", "line": 189}
{"timestamp": "2026-02-04T01:46:55.501335", "level": "INFO", "logger": "__main__", "message": "メインウィンドウの初期化完了", "module": "logger", "function": "_log", "line": 189}
{"timestamp": "2026-02-04T01:46:55.845008", "level": "INFO", "logger": "__main__", "message": "Slack非同期リスナーをバックグラウンドで開始しました", "module": "logger", "function": "_log", "line": 189}
{"timestamp": "2026-02-04T01:52:15.473809", "level": "INFO", "logger": "__main__", "message": "============================================================", "module": "logger", "function": "_log", "line": 189}
{"timestamp": "2026-02-04T01:52:15.473809", "level": "INFO", "logger": "__main__", "message": "MEKIKI OCR 起動中...", "module": "logger", "function": "_log", "line": 189}
{"timestamp": "2026-02-04T01:52:15.473809", "level": "INFO", "logger": "__main__", "message": "============================================================", "module": "logger", "function": "_log", "line": 189}
{"timestamp": "2026-02-04T01:52:16.907621", "level": "INFO", "logger": "__main__", "message": "メインウィンドウの初期化完了", "module": "logger", "function": "_log", "line": 189}
{"timestamp": "2026-02-04T01:52:17.249302", "level": "INFO", "logger": "__main__", "message": "Slack非同期リスナーをバックグラウンドで開始しました", "module": "logger", "function": "_log", "line": 189}
{"timestamp": "2026-02-04T02:07:17.218301", "level": "INFO", "logger": "__main__", "message": "============================================================", "module": "logger", "function": "_log", "line": 189}
{"timestamp": "2026-02-04T02:07:17.219301", "level": "INFO", "logger": "__main__", "message": "MEKIKI OCR 起動中...", "module": "logger", "function": "_log", "line": 189}
{"timestamp": "2026-02-04T02:07:17.219301", "level": "INFO", "logger": "__main__", "message": "============================================================", "module": "logger", "function": "_log", "line": 189}
{"timestamp": "2026-02-04T02:07:18.655154", "level": "INFO", "logger": "__main__", "message": "メインウィンドウの初期化完了", "module": "logger", "function": "_log", "line": 189}
{"timestamp": "2026-02-04T02:07:18.997731", "level": "INFO", "logger": "__main__", "message": "Slack非同期リスナーをバックグラウンドで開始しました", "module": "logger", "function": "_log", "line": 189}
